Archive member included because of file (symbol)

C:/Freescale/CW MCU v10.7/MCU/ARM_GCC_Support/ewl/lib/armv6-m\libc.a(exit.o)
                              ./Project_Settings/Startup_Code/__arm_start.o (exit)
C:/Freescale/CW MCU v10.7/MCU/ARM_GCC_Support/ewl/lib/armv6-m\libc.a(rand.o)
                              ./Generated_Code/UTIL1.o (rand)
C:/Freescale/CW MCU v10.7/MCU/ARM_GCC_Support/ewl/lib/armv6-m\libc.a(strchr.o)
                              ./Generated_Code/UTIL1.o (strchr)
C:/Freescale/CW MCU v10.7/MCU/ARM_GCC_Support/ewl/lib/armv6-m\libc.a(memset.o)
                              ./Project_Settings/Startup_Code/__arm_start.o (memset)
C:/Freescale/CW MCU v10.7/MCU/ARM_GCC_Support/ewl/lib/armv6-m\libc.a(strncmp.o)
                              ./Generated_Code/UTIL1.o (strncmp)
C:/Freescale/CW MCU v10.7/MCU/ARM_GCC_Support/ewl/lib/armv6-m\libc.a(__filll_mem.o)
                              C:/Freescale/CW MCU v10.7/MCU/ARM_GCC_Support/ewl/lib/armv6-m\libc.a(memset.o) (__fill_mem)
C:/Freescale/CW MCU v10.7/MCU/ARM_GCC_Support/ewl/lib/armv6-m\libc.a(strlen.o)
                              ./Generated_Code/UTIL1.o (strlen)
C:/Freescale/CW MCU v10.7/MCU/ARM_GCC_Support/ewl/lib/armv6-m\libc.a(printformat_.o)
                              (__pformatter_)
C:/Freescale/CW MCU v10.7/MCU/ARM_GCC_Support/ewl/lib/armv6-m\libc.a(scanformat_.o)
                              (__sformatter)
C:/Freescale/CW MCU v10.7/MCU/ARM_GCC_Support/ewl/lib/armv6-m\libc.a(ctype_aeabi.o)
                              C:/Freescale/CW MCU v10.7/MCU/ARM_GCC_Support/ewl/lib/armv6-m\libc.a(scanformat_.o) (isspace)
C:/Freescale/CW MCU v10.7/MCU/ARM_GCC_Support/ewl/lib/armv6-m\libc.a(__strtoul.o)
                              C:/Freescale/CW MCU v10.7/MCU/ARM_GCC_Support/ewl/lib/armv6-m\libc.a(scanformat_.o) (__strtoul)
C:/Freescale/CW MCU v10.7/MCU/ARM_GCC_Support/ewl/lib/armv6-m\libc.a(memcpy.o)
                              C:/Freescale/CW MCU v10.7/MCU/ARM_GCC_Support/ewl/lib/armv6-m\libc.a(scanformat_.o) (memcpy)
C:/Freescale/CW MCU v10.7/MCU/ARM_GCC_Support/ewl/lib/armv6-m\libc.a(memchr.o)
                              C:/Freescale/CW MCU v10.7/MCU/ARM_GCC_Support/ewl/lib/armv6-m\libc.a(printformat_.o) (memchr)
c:/freescale/cw mcu v10.7/cross_tools/arm-none-eabi-gcc-4_7_3/bin/../lib/gcc/arm-none-eabi/4.7.3/armv6-m\libgcc.a(_thumb1_case_sqi.o)
                              C:/Freescale/CW MCU v10.7/MCU/ARM_GCC_Support/ewl/lib/armv6-m\libc.a(__strtoul.o) (__gnu_thumb1_case_sqi)
c:/freescale/cw mcu v10.7/cross_tools/arm-none-eabi-gcc-4_7_3/bin/../lib/gcc/arm-none-eabi/4.7.3/armv6-m\libgcc.a(_thumb1_case_uqi.o)
                              C:/Freescale/CW MCU v10.7/MCU/ARM_GCC_Support/ewl/lib/armv6-m\libc.a(scanformat_.o) (__gnu_thumb1_case_uqi)
c:/freescale/cw mcu v10.7/cross_tools/arm-none-eabi-gcc-4_7_3/bin/../lib/gcc/arm-none-eabi/4.7.3/armv6-m\libgcc.a(_udivsi3.o)
                              ./Generated_Code/UTIL1.o (__aeabi_uidiv)
c:/freescale/cw mcu v10.7/cross_tools/arm-none-eabi-gcc-4_7_3/bin/../lib/gcc/arm-none-eabi/4.7.3/armv6-m\libgcc.a(_divsi3.o)
                              ./Generated_Code/UTIL1.o (__aeabi_idiv)
c:/freescale/cw mcu v10.7/cross_tools/arm-none-eabi-gcc-4_7_3/bin/../lib/gcc/arm-none-eabi/4.7.3/armv6-m\libgcc.a(_dvmd_tls.o)
                              c:/freescale/cw mcu v10.7/cross_tools/arm-none-eabi-gcc-4_7_3/bin/../lib/gcc/arm-none-eabi/4.7.3/armv6-m\libgcc.a(_udivsi3.o) (__aeabi_idiv0)
c:/freescale/cw mcu v10.7/cross_tools/arm-none-eabi-gcc-4_7_3/bin/../lib/gcc/arm-none-eabi/4.7.3/armv6-m\libgcc.a(_arm_cmpsf2.o)
                              ./Generated_Code/UTIL1.o (__aeabi_fcmplt)
c:/freescale/cw mcu v10.7/cross_tools/arm-none-eabi-gcc-4_7_3/bin/../lib/gcc/arm-none-eabi/4.7.3/armv6-m\libgcc.a(_fixunssfsi.o)
                              ./Generated_Code/UTIL1.o (__aeabi_f2uiz)
c:/freescale/cw mcu v10.7/cross_tools/arm-none-eabi-gcc-4_7_3/bin/../lib/gcc/arm-none-eabi/4.7.3/armv6-m\libgcc.a(eqsf2.o)
                              c:/freescale/cw mcu v10.7/cross_tools/arm-none-eabi-gcc-4_7_3/bin/../lib/gcc/arm-none-eabi/4.7.3/armv6-m\libgcc.a(_arm_cmpsf2.o) (__eqsf2)
c:/freescale/cw mcu v10.7/cross_tools/arm-none-eabi-gcc-4_7_3/bin/../lib/gcc/arm-none-eabi/4.7.3/armv6-m\libgcc.a(gesf2.o)
                              c:/freescale/cw mcu v10.7/cross_tools/arm-none-eabi-gcc-4_7_3/bin/../lib/gcc/arm-none-eabi/4.7.3/armv6-m\libgcc.a(_arm_cmpsf2.o) (__gesf2)
c:/freescale/cw mcu v10.7/cross_tools/arm-none-eabi-gcc-4_7_3/bin/../lib/gcc/arm-none-eabi/4.7.3/armv6-m\libgcc.a(lesf2.o)
                              c:/freescale/cw mcu v10.7/cross_tools/arm-none-eabi-gcc-4_7_3/bin/../lib/gcc/arm-none-eabi/4.7.3/armv6-m\libgcc.a(_arm_cmpsf2.o) (__lesf2)
c:/freescale/cw mcu v10.7/cross_tools/arm-none-eabi-gcc-4_7_3/bin/../lib/gcc/arm-none-eabi/4.7.3/armv6-m\libgcc.a(mulsf3.o)
                              ./Generated_Code/UTIL1.o (__aeabi_fmul)
[...]
Memory Configuration

Name             Origin             Length             Attributes
m_interrupts     0x00000000         0x000000c0         xr
m_text           0x00000410         0x0001fbf0         xr
m_data           0x1ffff000         0x00004000         rw
m_cfmprotrom     0x00000400         0x00000010         xr
*default*        0x00000000         0xffffffff

Linker script and memory map

LOAD ./Generated_Code/WAIT1.o
LOAD ./Generated_Code/Vectors.o
LOAD ./Generated_Code/UTIL1.o
LOAD ./Generated_Code/TU1.o
LOAD ./Generated_Code/TRIG.o
LOAD ./Generated_Code/RW1.o
LOAD ./Generated_Code/RS1.o
LOAD ./Generated_Code/PE_LDD.o
LOAD ./Generated_Code/MCUC1.o
LOAD ./Generated_Code/LEDpin3.o
LOAD ./Generated_Code/LEDpin2.o
LOAD ./Generated_Code/LEDpin1.o
LOAD ./Generated_Code/LEDR.o
LOAD ./Generated_Code/LEDG.o
LOAD ./Generated_Code/LEDB.o
LOAD ./Generated_Code/LCD1.o
LOAD ./Generated_Code/EN1.o
LOAD ./Generated_Code/DB71.o
LOAD ./Generated_Code/DB61.o
LOAD ./Generated_Code/DB51.o
LOAD ./Generated_Code/DB41.o
LOAD ./Generated_Code/Cpu.o
LOAD ./Generated_Code/BitIoLdd5.o
LOAD ./Generated_Code/BitIoLdd4.o
LOAD ./Generated_Code/BitIoLdd3.o
LOAD ./Generated_Code/BitIoLdd2.o
LOAD ./Generated_Code/BitIoLdd15.o
LOAD ./Generated_Code/BitIoLdd13.o
LOAD ./Generated_Code/BitIoLdd12.o
LOAD ./Generated_Code/BitIoLdd11.o
LOAD ./Generated_Code/BitIoLdd10.o
LOAD ./Generated_Code/BitIoLdd1.o
LOAD ./Project_Settings/Startup_Code/__arm_start.o
LOAD ./Project_Settings/Startup_Code/__arm_end.o
LOAD ./Sources/sa_mtb.o
LOAD ./Sources/Ultrasonic.o
LOAD ./Sources/ProcessorExpert.o
LOAD ./Sources/Events.o
                0x00001f98                __pformatter = __pformatter_
                [0x000023c0]                __sformatter = __sformatter
START GROUP
LOAD C:/Freescale/CW MCU v10.7/MCU/ARM_GCC_Support/ewl/lib/armv6-m\libc.a
LOAD C:/Freescale/CW MCU v10.7/MCU/ARM_GCC_Support/ewl/lib/armv6-m\libm.a
LOAD c:/freescale/cw mcu v10.7/cross_tools/arm-none-eabi-gcc-4_7_3/bin/../lib/gcc/arm-none-eabi/4.7.3/armv6-m\libgcc.a
LOAD C:/Freescale/CW MCU v10.7/MCU/ARM_GCC_Support/ewl/lib/armv6-m\librt.a
LOAD C:/Freescale/CW MCU v10.7/MCU/ARM_GCC_Support/ewl/lib/armv6-m\libuart.a
END GROUP
                0x20003000                _estack = 0x20003000
                0x20003000                __SP_INIT = _estack
                0x00000000                __heap_size = 0x0
                0x00000400                __stack_size = 0x400

.interrupts     0x00000000       0xc0
                0x00000000                __vector_table = .
                0x00000000                . = ALIGN (0x4)
 *(.vectortable)
 .vectortable   0x00000000       0xc0 ./Generated_Code/Vectors.o
                0x00000000                __vect_table
                0x000000c0                . = ALIGN (0x4)

.cfmprotect     0x00000400       0x10
                0x00000400                . = ALIGN (0x4)
 *(.cfmconfig)
 .cfmconfig     0x00000400       0x10 ./Generated_Code/Cpu.o
                0x00000400                _cfm
                0x00000410                . = ALIGN (0x4)

.text           0x00000410     0x2ae8
                0x00000410                . = ALIGN (0x4)
 *(.text)
 .text          0x00000410       0x14 c:/freescale/cw mcu v10.7/cross_tools/arm-none-eabi-gcc-4_7_3/bin/../lib/gcc/arm-none-eabi/4.7.3/armv6-m\libgcc.a(_thumb1_case_sqi.o)
                0x00000410                __gnu_thumb1_case_sqi
 .text          0x00000424       0x14 c:/freescale/cw mcu v10.7/cross_tools/arm-none-eabi-gcc-4_7_3/bin/../lib/gcc/arm-none-eabi/4.7.3/armv6-m\libgcc.a(_thumb1_case_uqi.o)
                0x00000424                __gnu_thumb1_case_uqi
 .text          0x00000438       0x9c c:/freescale/cw mcu v10.7/cross_tools/arm-none-eabi-gcc-4_7_3/bin/../lib/gcc/arm-none-eabi/4.7.3/armv6-m\libgcc.a(_udivsi3.o)
                0x00000438                __aeabi_uidiv
                0x00000438                __udivsi3
                0x000004c0                __aeabi_uidivmod
 .text          0x000004d4        0x4 c:/freescale/cw mcu v10.7/cross_tools/arm-none-eabi-gcc-4_7_3/bin/../lib/gcc/arm-none-eabi/4.7.3/armv6-m\libgcc.a(_dvmd_tls.o)
                0x000004d4                __aeabi_idiv0
                0x000004d4                __aeabi_ldiv0
 *(.text*)
 .text.WAIT1_Wait10Cycles
                0x000004d8        0x8 ./Generated_Code/WAIT1.o
                0x000004d8                WAIT1_Wait10Cycles
 .text.WAIT1_Wait100Cycles
                0x000004e0       0x24 ./Generated_Code/WAIT1.o
                0x000004e0                WAIT1_Wait100Cycles
 .text.WAIT1_WaitCycles
                0x00000504       0x44 ./Generated_Code/WAIT1.o
                0x00000504                WAIT1_WaitCycles
 .text.WAIT1_WaitLongCycles
                0x00000548       0x3c ./Generated_Code/WAIT1.o
                0x00000548                WAIT1_WaitLongCycles
 .text.WAIT1_Waitms
                0x00000584       0x38 ./Generated_Code/WAIT1.o
                0x00000584                WAIT1_Waitms
 .text.WAIT1_Init
                0x000005bc        0x8 ./Generated_Code/WAIT1.o
                0x000005bc                WAIT1_Init
 .text.UTIL1_Num16uToStr
                0x000005c4      0x138 ./Generated_Code/UTIL1.o
                0x000005c4                UTIL1_Num16uToStr
 .text.ShiftRightAndFill
                0x000006fc       0xe4 ./Generated_Code/UTIL1.o
 .text.UTIL1_Num16uToStrFormatted
                0x000007e0       0x44 ./Generated_Code/UTIL1.o
                0x000007e0                UTIL1_Num16uToStrFormatted
 .text.TU1_Init
                0x00000824       0xec ./Generated_Code/TU1.o
                0x00000824                TU1_Init
 .text.TU1_ResetCounter
                0x00000910       0x1c ./Generated_Code/TU1.o
                0x00000910                TU1_ResetCounter
 .text.TU1_GetCaptureValue
                0x0000092c       0x60 ./Generated_Code/TU1.o
                0x0000092c                TU1_GetCaptureValue
 .text.TU1_Interrupt
                0x0000098c       0xb0 ./Generated_Code/TU1.o
                0x0000098c                TU1_Interrupt
 .text.TRIG_Init
                0x00000a3c       0x68 ./Generated_Code/TRIG.o
                0x00000a3c                TRIG_Init
 .text.TRIG_ClrVal
                0x00000aa4       0x1c ./Generated_Code/TRIG.o
                0x00000aa4                TRIG_ClrVal
 .text.TRIG_SetVal
                0x00000ac0       0x1c ./Generated_Code/TRIG.o
                0x00000ac0                TRIG_SetVal
 .text.LEDR_Init
                0x00000adc       0x18 ./Generated_Code/LEDR.o
                0x00000adc                LEDR_Init
 .text.LEDG_Init
                0x00000af4       0x18 ./Generated_Code/LEDG.o
                0x00000af4                LEDG_Init
 .text.LEDB_Init
                0x00000b0c       0x18 ./Generated_Code/LEDB.o
                0x00000b0c                LEDB_Init
 .text.DataGet  0x00000b24       0x6c ./Generated_Code/LCD1.o
 .text.DataPut  0x00000b90       0x80 ./Generated_Code/LCD1.o
 .text.EnablePulse
                0x00000c10       0x24 ./Generated_Code/LCD1.o
 .text.LCD1_WaitForLCDReady
                0x00000c34       0xe4 ./Generated_Code/LCD1.o
                0x00000c34                LCD1_WaitForLCDReady
 .text.LCD1_WriteLCDCommand
                0x00000d18       0x50 ./Generated_Code/LCD1.o
                0x00000d18                LCD1_WriteLCDCommand
 .text.LCD1_Clear
                0x00000d68       0x10 ./Generated_Code/LCD1.o
                0x00000d68                LCD1_Clear
 .text.LCD1_WriteLCDData
                0x00000d78       0x68 ./Generated_Code/LCD1.o
                0x00000d78                LCD1_WriteLCDData
 .text.LCD1_GotoXY
                0x00000de0       0x38 ./Generated_Code/LCD1.o
                0x00000de0                LCD1_GotoXY
 .text.LCD1_WriteString
                0x00000e18       0x28 ./Generated_Code/LCD1.o
                0x00000e18                LCD1_WriteString
 .text.LCD1_WriteLineStr
                0x00000e40       0x78 ./Generated_Code/LCD1.o
                0x00000e40                LCD1_WriteLineStr
 .text.LCD1_Line
                0x00000eb8       0x28 ./Generated_Code/LCD1.o
                0x00000eb8                LCD1_Line
 .text.LCD1_Init
                0x00000ee0       0xb8 ./Generated_Code/LCD1.o
                0x00000ee0                LCD1_Init
 .text.Cpu_INT_NMIInterrupt
                0x00000f98        0xc ./Generated_Code/Cpu.o
                0x00000f98                Cpu_INT_NMIInterrupt
 .text.Cpu_Interrupt
                0x00000fa4        0xc ./Generated_Code/Cpu.o
                0x00000fa4                Cpu_Interrupt
 .text.__init_hardware
                0x00000fb0      0x110 ./Generated_Code/Cpu.o
                0x00000fb0                __init_hardware
 .text.PE_low_level_init
                0x000010c0      0x108 ./Generated_Code/Cpu.o
                0x000010c0                PE_low_level_init
 .text.BitIoLdd5_Init
                0x000011c8       0x68 ./Generated_Code/BitIoLdd5.o
                0x000011c8                BitIoLdd5_Init
 .text.BitIoLdd5_ClrVal
                0x00001230       0x1c ./Generated_Code/BitIoLdd5.o
                0x00001230                BitIoLdd5_ClrVal
 .text.BitIoLdd5_SetVal
                0x0000124c       0x1c ./Generated_Code/BitIoLdd5.o
                0x0000124c                BitIoLdd5_SetVal
 .text.BitIoLdd4_Init
                0x00001268       0x60 ./Generated_Code/BitIoLdd4.o
                0x00001268                BitIoLdd4_Init
 .text.BitIoLdd4_ClrVal
                0x000012c8       0x18 ./Generated_Code/BitIoLdd4.o
                0x000012c8                BitIoLdd4_ClrVal
 .text.BitIoLdd4_SetVal
                0x000012e0       0x18 ./Generated_Code/BitIoLdd4.o
                0x000012e0                BitIoLdd4_SetVal
 .text.BitIoLdd3_Init
                0x000012f8       0x60 ./Generated_Code/BitIoLdd3.o
                0x000012f8                BitIoLdd3_Init
 .text.BitIoLdd3_ClrVal
                0x00001358       0x18 ./Generated_Code/BitIoLdd3.o
                0x00001358                BitIoLdd3_ClrVal
 .text.BitIoLdd3_SetVal
                0x00001370       0x18 ./Generated_Code/BitIoLdd3.o
                0x00001370                BitIoLdd3_SetVal
 .text.BitIoLdd2_Init
                0x00001388       0x68 ./Generated_Code/BitIoLdd2.o
                0x00001388                BitIoLdd2_Init
 .text.BitIoLdd2_ClrVal
                0x000013f0       0x1c ./Generated_Code/BitIoLdd2.o
                0x000013f0                BitIoLdd2_ClrVal
 .text.BitIoLdd2_SetVal
                0x0000140c       0x1c ./Generated_Code/BitIoLdd2.o
                0x0000140c                BitIoLdd2_SetVal
 .text.BitIoLdd15_Init
                0x00001428       0x60 ./Generated_Code/BitIoLdd15.o
                0x00001428                BitIoLdd15_Init
 .text.BitIoLdd15_ClrVal
                0x00001488       0x18 ./Generated_Code/BitIoLdd15.o
                0x00001488                BitIoLdd15_ClrVal
 .text.BitIoLdd15_SetVal
                0x000014a0       0x18 ./Generated_Code/BitIoLdd15.o
                0x000014a0                BitIoLdd15_SetVal
 .text.BitIoLdd13_Init
                0x000014b8       0x68 ./Generated_Code/BitIoLdd13.o
                0x000014b8                BitIoLdd13_Init
 .text.BitIoLdd13_SetInput
                0x00001520       0x24 ./Generated_Code/BitIoLdd13.o
                0x00001520                BitIoLdd13_SetInput
 .text.BitIoLdd13_SetOutput
                0x00001544       0x20 ./Generated_Code/BitIoLdd13.o
                0x00001544                BitIoLdd13_SetOutput
 .text.BitIoLdd13_GetVal
                0x00001564       0x44 ./Generated_Code/BitIoLdd13.o
                0x00001564                BitIoLdd13_GetVal
 .text.BitIoLdd13_PutVal
                0x000015a8       0x34 ./Generated_Code/BitIoLdd13.o
                0x000015a8                BitIoLdd13_PutVal
 .text.BitIoLdd12_Init
                0x000015dc       0x68 ./Generated_Code/BitIoLdd12.o
                0x000015dc                BitIoLdd12_Init
 .text.BitIoLdd12_SetInput
                0x00001644       0x24 ./Generated_Code/BitIoLdd12.o
                0x00001644                BitIoLdd12_SetInput
 .text.BitIoLdd12_SetOutput
                0x00001668       0x20 ./Generated_Code/BitIoLdd12.o
                0x00001668                BitIoLdd12_SetOutput
 .text.BitIoLdd12_GetVal
                0x00001688       0x44 ./Generated_Code/BitIoLdd12.o
                0x00001688                BitIoLdd12_GetVal
 .text.BitIoLdd12_PutVal
                0x000016cc       0x34 ./Generated_Code/BitIoLdd12.o
                0x000016cc                BitIoLdd12_PutVal
 .text.BitIoLdd11_Init
                0x00001700       0x60 ./Generated_Code/BitIoLdd11.o
                0x00001700                BitIoLdd11_Init
 .text.BitIoLdd11_SetInput
                0x00001760       0x20 ./Generated_Code/BitIoLdd11.o
                0x00001760                BitIoLdd11_SetInput
 .text.BitIoLdd11_SetOutput
                0x00001780       0x20 ./Generated_Code/BitIoLdd11.o
                0x00001780                BitIoLdd11_SetOutput
 .text.BitIoLdd11_GetVal
                0x000017a0       0x3c ./Generated_Code/BitIoLdd11.o
                0x000017a0                BitIoLdd11_GetVal
 .text.BitIoLdd11_PutVal
                0x000017dc       0x30 ./Generated_Code/BitIoLdd11.o
                0x000017dc                BitIoLdd11_PutVal
 .text.BitIoLdd10_Init
                0x0000180c       0x60 ./Generated_Code/BitIoLdd10.o
                0x0000180c                BitIoLdd10_Init
 .text.BitIoLdd10_SetInput
                0x0000186c       0x20 ./Generated_Code/BitIoLdd10.o
                0x0000186c                BitIoLdd10_SetInput
 .text.BitIoLdd10_SetOutput
                0x0000188c       0x20 ./Generated_Code/BitIoLdd10.o
                0x0000188c                BitIoLdd10_SetOutput
 .text.BitIoLdd10_GetVal
                0x000018ac       0x3c ./Generated_Code/BitIoLdd10.o
                0x000018ac                BitIoLdd10_GetVal
 .text.BitIoLdd10_PutVal
                0x000018e8       0x30 ./Generated_Code/BitIoLdd10.o
                0x000018e8                BitIoLdd10_PutVal
 .text.BitIoLdd1_Init
                0x00001918       0x68 ./Generated_Code/BitIoLdd1.o
                0x00001918                BitIoLdd1_Init
 .text.BitIoLdd1_ClrVal
                0x00001980       0x1c ./Generated_Code/BitIoLdd1.o
                0x00001980                BitIoLdd1_ClrVal
 .text.BitIoLdd1_SetVal
                0x0000199c       0x1c ./Generated_Code/BitIoLdd1.o
                0x0000199c                BitIoLdd1_SetVal
 .text.zero_fill_bss
                0x000019b8       0x24 ./Project_Settings/Startup_Code/__arm_start.o
 .text.__thumb_startup
                0x000019dc       0x30 ./Project_Settings/Startup_Code/__arm_start.o
                0x000019dc                __thumb_startup
 .text._ExitProcess
                0x00001a0c        0xc ./Project_Settings/Startup_Code/__arm_end.o
                0x00001a0c                _ExitProcess
 .text.US_EventEchoOverflow
                0x00001a18       0x18 ./Sources/Ultrasonic.o
                0x00001a18                US_EventEchoOverflow
 .text.US_EventEchoCapture
                0x00001a30       0x50 ./Sources/Ultrasonic.o
                0x00001a30                US_EventEchoCapture
 .text.calcAirspeed_dms
                0x00001a80       0x48 ./Sources/Ultrasonic.o
 .text.US_usToCentimeters
                0x00001ac8       0x40 ./Sources/Ultrasonic.o
                0x00001ac8                US_usToCentimeters
 .text.US_Measure_us
                0x00001b08       0x74 ./Sources/Ultrasonic.o
                0x00001b08                US_Measure_us
 .text.US_Init  0x00001b7c       0x34 ./Sources/Ultrasonic.o
                0x00001b7c                US_Init
 .text.Measure  0x00001bb0       0xec ./Sources/ProcessorExpert.o
 .text.main     0x00001c9c       0x38 ./Sources/ProcessorExpert.o
                0x00001c9c                main
 .text.Cpu_OnNMIINT
                0x00001cd4        0x8 ./Sources/Events.o
                0x00001cd4                Cpu_OnNMIINT
 .text.TU1_OnChannel0
                0x00001cdc       0x18 ./Sources/Events.o
                0x00001cdc                TU1_OnChannel0
 .text.TU1_OnCounterRestart
                0x00001cf4       0x18 ./Sources/Events.o
                0x00001cf4                TU1_OnCounterRestart
 .text.exit     0x00001d0c       0x38 C:/Freescale/CW MCU v10.7/MCU/ARM_GCC_Support/ewl/lib/armv6-m\libc.a(exit.o)
                0x00001d0c                exit
 .text.strchr   0x00001d44       0x1e C:/Freescale/CW MCU v10.7/MCU/ARM_GCC_Support/ewl/lib/armv6-m\libc.a(strchr.o)
                0x00001d44                strchr
 .text.memset   0x00001d62        0xc C:/Freescale/CW MCU v10.7/MCU/ARM_GCC_Support/ewl/lib/armv6-m\libc.a(memset.o)
                0x00001d62                memset
 .text.__fill_mem
                0x00001d6e       0x7e C:/Freescale/CW MCU v10.7/MCU/ARM_GCC_Support/ewl/lib/armv6-m\libc.a(__filll_mem.o)
                0x00001d6e                __fill_mem
 .text.strlen   0x00001dec       0x10 C:/Freescale/CW MCU v10.7/MCU/ARM_GCC_Support/ewl/lib/armv6-m\libc.a(strlen.o)
                0x00001dec                strlen
 .text.long2str.isra.0
                0x00001dfc      0x19c C:/Freescale/CW MCU v10.7/MCU/ARM_GCC_Support/ewl/lib/armv6-m\libc.a(printformat_.o)
 .text.__pformatter_
                0x00001f98      0x428 C:/Freescale/CW MCU v10.7/MCU/ARM_GCC_Support/ewl/lib/armv6-m\libc.a(printformat_.o)
                0x00001f98                __pformatter_
 .text.__sformatter
                0x000023c0      0x698 C:/Freescale/CW MCU v10.7/MCU/ARM_GCC_Support/ewl/lib/armv6-m\libc.a(scanformat_.o)
                0x000023c0                __sformatter
 .text.isalpha  0x00002a58       0x20 C:/Freescale/CW MCU v10.7/MCU/ARM_GCC_Support/ewl/lib/armv6-m\libc.a(ctype_aeabi.o)
                0x00002a58                isalpha
 .text.isspace  0x00002a78       0x20 C:/Freescale/CW MCU v10.7/MCU/ARM_GCC_Support/ewl/lib/armv6-m\libc.a(ctype_aeabi.o)
                0x00002a78                isspace
 .text.toupper  0x00002a98        0xe C:/Freescale/CW MCU v10.7/MCU/ARM_GCC_Support/ewl/lib/armv6-m\libc.a(ctype_aeabi.o)
                0x00002a98                toupper
 .text.__strtoul
                0x00002aa6      0x1ce C:/Freescale/CW MCU v10.7/MCU/ARM_GCC_Support/ewl/lib/armv6-m\libc.a(__strtoul.o)
                0x00002aa6                __strtoul
 .text.memcpy   0x00002c74       0x12 C:/Freescale/CW MCU v10.7/MCU/ARM_GCC_Support/ewl/lib/armv6-m\libc.a(memcpy.o)
                0x00002c74                memcpy
 .text.memchr   0x00002c86       0x1a C:/Freescale/CW MCU v10.7/MCU/ARM_GCC_Support/ewl/lib/armv6-m\libc.a(memchr.o)
                0x00002c86                memchr
 .text.__init_cpp
                0x00002ca0       0x48 C:/Freescale/CW MCU v10.7/MCU/ARM_GCC_Support/ewl/lib/armv6-m\librt.a(gcc_ctor_dtor.o)
                0x00002ca0                __init_cpp
 .text.__fini_cpp
                0x00002ce8       0x34 C:/Freescale/CW MCU v10.7/MCU/ARM_GCC_Support/ewl/lib/armv6-m\librt.a(gcc_ctor_dtor.o)
                0x00002ce8                __fini_cpp
 .text.__destroy_global_chain
                0x00002d1c       0x1c C:/Freescale/CW MCU v10.7/MCU/ARM_GCC_Support/ewl/lib/armv6-m\librt.a(__arm_eabi_init.o)
                0x00002d1c                __destroy_global_chain
 .text.__init_registers
                0x00002d38       0x1c C:/Freescale/CW MCU v10.7/MCU/ARM_GCC_Support/ewl/lib/armv6-m\librt.a(__arm_eabi_init.o)
                0x00002d38                __init_registers
 .text.__init_user
                0x00002d54        0x4 C:/Freescale/CW MCU v10.7/MCU/ARM_GCC_Support/ewl/lib/armv6-m\librt.a(__arm_eabi_init.o)
                0x00002d54                __init_user
 .text.__copy_rom_section
                0x00002d58       0x48 C:/Freescale/CW MCU v10.7/MCU/ARM_GCC_Support/ewl/lib/armv6-m\librt.a(ROMCopy.o)
                0x00002d58                __copy_rom_section
 .text.__copy_rom_sections_to_ram
                0x00002da0       0x34 C:/Freescale/CW MCU v10.7/MCU/ARM_GCC_Support/ewl/lib/armv6-m\librt.a(ROMCopy.o)
                0x00002da0                __copy_rom_sections_to_ram
 *(.rodata)
 .rodata        0x00002dd4       0x10 ./Sources/ProcessorExpert.o
 *(.rodata*)
 .rodata.ChannelDevice
                0x00002de4        0x4 ./Generated_Code/TU1.o
 .rodata.ChannelMode
                0x00002de8        0x4 ./Generated_Code/TU1.o
 .rodata.str1.1
                0x00002dec        0x1 C:/Freescale/CW MCU v10.7/MCU/ARM_GCC_Support/ewl/lib/armv6-m\libc.a(printformat_.o)
 .rodata.CSWTCH.20
                0x00002ded        0x5 C:/Freescale/CW MCU v10.7/MCU/ARM_GCC_Support/ewl/lib/armv6-m\libc.a(printformat_.o)
 .rodata.CSWTCH.21
                0x00002df2        0x5 C:/Freescale/CW MCU v10.7/MCU/ARM_GCC_Support/ewl/lib/armv6-m\libc.a(printformat_.o)
 .rodata.__aeabi_ctype_table_C
                0x00002df7      0x101 C:/Freescale/CW MCU v10.7/MCU/ARM_GCC_Support/ewl/lib/armv6-m\libc.a(ctype_aeabi.o)
                0x00002df7                __aeabi_ctype_table_C
 *(.glue_7)
 .glue_7        0x00000000        0x0 linker stubs
 *(.glue_7t)
 .glue_7t       0x00000000        0x0 linker stubs
 *(.eh_frame)
 *(.init)
 *(.fini)
                0x00002ef8                . = ALIGN (0x4)
                0x00002ef8                _etext = .

.vfp11_veneer   0x00002ef8        0x0
 .vfp11_veneer  0x00000000        0x0 linker stubs

.v4_bx          0x00002ef8        0x0
 .v4_bx         0x00000000        0x0 linker stubs

.iplt           0x00002ef8        0x0
 .iplt          0x00000000        0x0 ./Generated_Code/WAIT1.o

.rel.dyn        0x00002ef8        0x0
 .rel.iplt      0x00000000        0x0 ./Generated_Code/WAIT1.o

.ARM.extab
 *(.ARM.extab* .gnu.linkonce.armextab.*)

.ARM            0x00002ef8        0x0
                0x00002ef8                __exidx_start = .
 *(.ARM.exidx*)
                0x00002ef8                __exidx_end = .

.ctors          0x00002ef8        0x0
                0x00002ef8                __CTOR_LIST__ = .
 *crtbegin.o(.ctors)
 *(EXCLUDE_FILE(*crtend.o) .ctors)
 *(SORT(.ctors.*))
 *(.ctors)
                0x00002ef8                __CTOR_END__ = .

.dtors          0x00002ef8        0x0
                0x00002ef8                __DTOR_LIST__ = .
 *crtbegin.o(.dtors)
 *(EXCLUDE_FILE(*crtend.o) .dtors)
 *(SORT(.dtors.*))
 *(.dtors)
                0x00002ef8                __DTOR_END__ = .

.preinit_array  0x00002ef8        0x0
                0x00002ef8                PROVIDE (__preinit_array_start, .)
 *(.preinit_array*)
                0x00002ef8                PROVIDE (__preinit_array_end, .)

.init_array     0x00002ef8        0x0
                0x00002ef8                PROVIDE (__init_array_start, .)
 *(SORT(.init_array.*))
 *(.init_array*)
                0x00002ef8                PROVIDE (__init_array_end, .)

.fini_array     0x00002ef8        0x0
                0x00002ef8                PROVIDE (__fini_array_start, .)
 *(SORT(.fini_array.*))
 *(.fini_array*)
                0x00002ef8                PROVIDE (__fini_array_end, .)
                0x00002ef8                ___ROM_AT = .

.mtb            0x1ffff000        0x0
                0x1ffff000                . = ALIGN (0x8)
                0x1ffff000                _mtb_start = .
 *(.mtb_buf)
                0x1ffff000                . = ALIGN (0x8)
                0x1ffff000                _mtb_end = .

.data           0x1ffff000        0x0 load address 0x00002ef8
                0x1ffff000                . = ALIGN (0x4)
                0x1ffff000                _sdata = .
 *(.data)
 *(.data*)
                0x1ffff000                . = ALIGN (0x4)
                0x1ffff000                _edata = .
                0x00000000                ___data_size = (_edata - _sdata)

.igot.plt       0x1ffff000        0x0
 .igot.plt      0x00000000        0x0 ./Generated_Code/WAIT1.o
                0x1ffff000                . = ALIGN (0x4)

.bss            0x1ffff000       0x94
                0x1ffff000                __START_BSS = .
                0x1ffff000                PROVIDE (__bss_start__, __START_BSS)
 *(.bss)
 *(.bss*)
 .bss.DeviceDataPrv__DEFAULT_RTOS_ALLOC
                0x1ffff000        0x8 ./Generated_Code/TU1.o
 .bss.INT_TPM0__DEFAULT_RTOS_ISRPARAM
                0x1ffff008        0x4 ./Generated_Code/TU1.o
 .bss.DeviceDataPrv__DEFAULT_RTOS_ALLOC
                0x1ffff00c        0x4 ./Generated_Code/TRIG.o
 .bss.PE_LDD_DeviceDataList
                0x1ffff010       0x30 ./Generated_Code/PE_LDD.o
                0x1ffff010                PE_LDD_DeviceDataList
 .bss.DeviceDataPrv__DEFAULT_RTOS_ALLOC
                0x1ffff040        0x4 ./Generated_Code/BitIoLdd5.o
 .bss.DeviceDataPrv__DEFAULT_RTOS_ALLOC
                0x1ffff044        0x4 ./Generated_Code/BitIoLdd4.o
 .bss.DeviceDataPrv__DEFAULT_RTOS_ALLOC
                0x1ffff048        0x4 ./Generated_Code/BitIoLdd3.o
 .bss.DeviceDataPrv__DEFAULT_RTOS_ALLOC
                0x1ffff04c        0x4 ./Generated_Code/BitIoLdd2.o
 .bss.DeviceDataPrv__DEFAULT_RTOS_ALLOC
                0x1ffff050        0x4 ./Generated_Code/BitIoLdd15.o
 .bss.DeviceDataPrv__DEFAULT_RTOS_ALLOC
                0x1ffff054        0x4 ./Generated_Code/BitIoLdd13.o
 .bss.DeviceDataPrv__DEFAULT_RTOS_ALLOC
                0x1ffff058        0x4 ./Generated_Code/BitIoLdd12.o
 .bss.DeviceDataPrv__DEFAULT_RTOS_ALLOC
                0x1ffff05c        0x4 ./Generated_Code/BitIoLdd11.o
 .bss.DeviceDataPrv__DEFAULT_RTOS_ALLOC
                0x1ffff060        0x4 ./Generated_Code/BitIoLdd10.o
 .bss.DeviceDataPrv__DEFAULT_RTOS_ALLOC
                0x1ffff064        0x4 ./Generated_Code/BitIoLdd1.o
 .bss.argv      0x1ffff068        0x4 ./Project_Settings/Startup_Code/__arm_start.o
 .bss.usDevice  0x1ffff06c       0x10 ./Sources/Ultrasonic.o
 .bss.__stdio_exit
                0x1ffff07c        0x4 C:/Freescale/CW MCU v10.7/MCU/ARM_GCC_Support/ewl/lib/armv6-m\libc.a(exit.o)
                0x1ffff07c                __stdio_exit
 .bss.__console_exit
                0x1ffff080        0x4 C:/Freescale/CW MCU v10.7/MCU/ARM_GCC_Support/ewl/lib/armv6-m\libc.a(exit.o)
                0x1ffff080                __console_exit
 .bss.__global_destructor_chain
                0x1ffff084        0x4 C:/Freescale/CW MCU v10.7/MCU/ARM_GCC_Support/ewl/lib/armv6-m\librt.a(__arm_eabi_init.o)
                0x1ffff084                __global_destructor_chain
 .bss.__S_romp  0x1ffff088        0xc C:/Freescale/CW MCU v10.7/MCU/ARM_GCC_Support/ewl/lib/armv6-m\librt.a(ROMCopy.o)
 *(COMMON)
                0x1ffff094                . = ALIGN (0x4)
                0x1ffff094                __END_BSS = .
                0x1ffff094                PROVIDE (__bss_end__, __END_BSS)
                0x00002ef8                _romp_at = (___ROM_AT + SIZEOF (.data))

.romp           0x1ffff094       0x18 load address 0x00002ef8
                0x00002ef8                __S_romp = _romp_at
                0x1ffff094        0x4 LONG 0x2ef8 ___ROM_AT
                0x1ffff098        0x4 LONG 0x1ffff000 _sdata
                0x1ffff09c        0x4 LONG 0x0 ___data_size
                0x1ffff0a0        0x4 LONG 0x0
                0x1ffff0a4        0x4 LONG 0x0
                0x1ffff0a8        0x4 LONG 0x0

._user_heap_stack
                0x1ffff0ac      0x400 load address 0x00002f10
                0x1ffff0ac                . = ALIGN (0x4)
                0x1ffff0ac                PROVIDE (end, .)
                0x1ffff0ac                PROVIDE (_end, .)
                0x1ffff0ac                __heap_addr = .
                0x1ffff0ac                . = (. + __heap_size)
                0x1ffff4ac                . = (. + __stack_size)
 *fill*         0x1ffff0ac      0x400 00
                0x1ffff4ac                . = ALIGN (0x4)

.ARM.attributes
                0x00000000       0x31
 *(.ARM.attributes)
 .ARM.attributes
                0x00000000       0x31 ./Generated_Code/WAIT1.o
 .ARM.attributes
                0x00000031       0x31 ./Generated_Code/Vectors.o
 .ARM.attributes
                0x00000062       0x31 ./Generated_Code/UTIL1.o
 .ARM.attributes
                0x00000093       0x31 ./Generated_Code/TU1.o
 .ARM.attributes
                0x000000c4       0x31 ./Generated_Code/TRIG.o
 .ARM.attributes
                0x000000f5       0x31 ./Generated_Code/PE_LDD.o
 .ARM.attributes
                0x00000126       0x31 ./Generated_Code/LEDR.o
 .ARM.attributes
                0x00000157       0x31 ./Generated_Code/LEDG.o
 .ARM.attributes
                0x00000188       0x31 ./Generated_Code/LEDB.o
 .ARM.attributes
                0x000001b9       0x31 ./Generated_Code/LCD1.o
 .ARM.attributes
                0x000001ea       0x31 ./Generated_Code/Cpu.o
 .ARM.attributes
                0x0000021b       0x31 ./Generated_Code/BitIoLdd5.o
 .ARM.attributes
                0x0000024c       0x31 ./Generated_Code/BitIoLdd4.o
 .ARM.attributes
                0x0000027d       0x31 ./Generated_Code/BitIoLdd3.o
 .ARM.attributes
                0x000002ae       0x31 ./Generated_Code/BitIoLdd2.o
 .ARM.attributes
                0x000002df       0x31 ./Generated_Code/BitIoLdd15.o
 .ARM.attributes
                0x00000310       0x31 ./Generated_Code/BitIoLdd13.o
 .ARM.attributes
                0x00000341       0x31 ./Generated_Code/BitIoLdd12.o
 .ARM.attributes
                0x00000372       0x31 ./Generated_Code/BitIoLdd11.o
 .ARM.attributes
                0x000003a3       0x31 ./Generated_Code/BitIoLdd10.o
 .ARM.attributes
                0x000003d4       0x31 ./Generated_Code/BitIoLdd1.o
 .ARM.attributes
                0x00000405       0x31 ./Project_Settings/Startup_Code/__arm_start.o
 .ARM.attributes
                0x00000436       0x31 ./Project_Settings/Startup_Code/__arm_end.o
 .ARM.attributes
                0x00000467       0x31 ./Sources/Ultrasonic.o
 .ARM.attributes
                0x00000498       0x31 ./Sources/ProcessorExpert.o
 .ARM.attributes
                0x000004c9       0x31 ./Sources/Events.o
 .ARM.attributes
                0x000004fa       0x31 C:/Freescale/CW MCU v10.7/MCU/ARM_GCC_Support/ewl/lib/armv6-m\libc.a(exit.o)
 .ARM.attributes
                0x0000052b       0x31 C:/Freescale/CW MCU v10.7/MCU/ARM_GCC_Support/ewl/lib/armv6-m\libc.a(strchr.o)
 .ARM.attributes
                0x0000055c       0x31 C:/Freescale/CW MCU v10.7/MCU/ARM_GCC_Support/ewl/lib/armv6-m\libc.a(memset.o)
 .ARM.attributes
                0x0000058d       0x31 C:/Freescale/CW MCU v10.7/MCU/ARM_GCC_Support/ewl/lib/armv6-m\libc.a(__filll_mem.o)
 .ARM.attributes
                0x000005be       0x31 C:/Freescale/CW MCU v10.7/MCU/ARM_GCC_Support/ewl/lib/armv6-m\libc.a(strlen.o)
 .ARM.attributes
                0x000005ef       0x31 C:/Freescale/CW MCU v10.7/MCU/ARM_GCC_Support/ewl/lib/armv6-m\libc.a(printformat_.o)
 .ARM.attributes
                0x00000620       0x31 C:/Freescale/CW MCU v10.7/MCU/ARM_GCC_Support/ewl/lib/armv6-m\libc.a(scanformat_.o)
 .ARM.attributes
                0x00000651       0x31 C:/Freescale/CW MCU v10.7/MCU/ARM_GCC_Support/ewl/lib/armv6-m\libc.a(ctype_aeabi.o)
 .ARM.attributes
                0x00000682       0x31 C:/Freescale/CW MCU v10.7/MCU/ARM_GCC_Support/ewl/lib/armv6-m\libc.a(__strtoul.o)
 .ARM.attributes
                0x000006b3       0x31 C:/Freescale/CW MCU v10.7/MCU/ARM_GCC_Support/ewl/lib/armv6-m\libc.a(memcpy.o)
 .ARM.attributes
                0x000006e4       0x31 C:/Freescale/CW MCU v10.7/MCU/ARM_GCC_Support/ewl/lib/armv6-m\libc.a(memchr.o)
 .ARM.attributes
                0x00000715       0x1e c:/freescale/cw mcu v10.7/cross_tools/arm-none-eabi-gcc-4_7_3/bin/../lib/gcc/arm-none-eabi/4.7.3/armv6-m\libgcc.a(_thumb1_case_sqi.o)
 .ARM.attributes
                0x00000733       0x1e c:/freescale/cw mcu v10.7/cross_tools/arm-none-eabi-gcc-4_7_3/bin/../lib/gcc/arm-none-eabi/4.7.3/armv6-m\libgcc.a(_thumb1_case_uqi.o)
 .ARM.attributes
                0x00000751       0x1e c:/freescale/cw mcu v10.7/cross_tools/arm-none-eabi-gcc-4_7_3/bin/../lib/gcc/arm-none-eabi/4.7.3/armv6-m\libgcc.a(_udivsi3.o)
 .ARM.attributes
                0x0000076f       0x1e c:/freescale/cw mcu v10.7/cross_tools/arm-none-eabi-gcc-4_7_3/bin/../lib/gcc/arm-none-eabi/4.7.3/armv6-m\libgcc.a(_dvmd_tls.o)
 .ARM.attributes
                0x0000078d       0x31 C:/Freescale/CW MCU v10.7/MCU/ARM_GCC_Support/ewl/lib/armv6-m\librt.a(gcc_ctor_dtor.o)
 .ARM.attributes
                0x000007be       0x31 C:/Freescale/CW MCU v10.7/MCU/ARM_GCC_Support/ewl/lib/armv6-m\librt.a(__arm_eabi_init.o)
 .ARM.attributes
                0x000007ef       0x31 C:/Freescale/CW MCU v10.7/MCU/ARM_GCC_Support/ewl/lib/armv6-m\librt.a(ROMCopy.o)
OUTPUT(Freedom_HC-SR04.elf elf32-littlearm)

.debug_info     0x00000000     0x8174
 .debug_info    0x00000000      0x165 ./Generated_Code/WAIT1.o
 .debug_info    0x00000165      0x10b ./Generated_Code/Vectors.o
 .debug_info    0x00000270     0x1b23 ./Generated_Code/UTIL1.o
 .debug_info    0x00001d93      0x74a ./Generated_Code/TU1.o
 .debug_info    0x000024dd      0x3c3 ./Generated_Code/TRIG.o
 .debug_info    0x000028a0      0x255 ./Generated_Code/PE_LDD.o
 .debug_info    0x00002af5       0xf8 ./Generated_Code/LEDR.o
 .debug_info    0x00002bed       0xf8 ./Generated_Code/LEDG.o
 .debug_info    0x00002ce5       0xf8 ./Generated_Code/LEDB.o
 .debug_info    0x00002ddd      0x3fd ./Generated_Code/LCD1.o
 .debug_info    0x000031da      0x8e8 ./Generated_Code/Cpu.o
 .debug_info    0x00003ac2      0x31e ./Generated_Code/BitIoLdd5.o
 .debug_info    0x00003de0      0x31e ./Generated_Code/BitIoLdd4.o
 .debug_info    0x000040fe      0x38b ./Generated_Code/BitIoLdd3.o
 .debug_info    0x00004489      0x38b ./Generated_Code/BitIoLdd2.o
 .debug_info    0x00004814      0x31e ./Generated_Code/BitIoLdd15.o
 .debug_info    0x00004b32      0x426 ./Generated_Code/BitIoLdd13.o
 .debug_info    0x00004f58      0x426 ./Generated_Code/BitIoLdd12.o
 .debug_info    0x0000537e      0x426 ./Generated_Code/BitIoLdd11.o
 .debug_info    0x000057a4      0x426 ./Generated_Code/BitIoLdd10.o
 .debug_info    0x00005bca      0x38b ./Generated_Code/BitIoLdd1.o
 .debug_info    0x00005f55      0x12a ./Project_Settings/Startup_Code/__arm_start.o
 .debug_info    0x0000607f       0x54 ./Project_Settings/Startup_Code/__arm_end.o
 .debug_info    0x000060d3      0x27c ./Sources/Ultrasonic.o
 .debug_info    0x0000634f      0x122 ./Sources/ProcessorExpert.o
 .debug_info    0x00006471       0xeb ./Sources/Events.o
 .debug_info    0x0000655c       0xe8 C:/Freescale/CW MCU v10.7/MCU/ARM_GCC_Support/ewl/lib/armv6-m\libc.a(exit.o)
 .debug_info    0x00006644      0x10b C:/Freescale/CW MCU v10.7/MCU/ARM_GCC_Support/ewl/lib/armv6-m\libc.a(strchr.o)
 .debug_info    0x0000674f       0xec C:/Freescale/CW MCU v10.7/MCU/ARM_GCC_Support/ewl/lib/armv6-m\libc.a(memset.o)
 .debug_info    0x0000683b      0x137 C:/Freescale/CW MCU v10.7/MCU/ARM_GCC_Support/ewl/lib/armv6-m\libc.a(__filll_mem.o)
 .debug_info    0x00006972       0xea C:/Freescale/CW MCU v10.7/MCU/ARM_GCC_Support/ewl/lib/armv6-m\libc.a(strlen.o)
 .debug_info    0x00006a5c      0x50d C:/Freescale/CW MCU v10.7/MCU/ARM_GCC_Support/ewl/lib/armv6-m\libc.a(printformat_.o)
 .debug_info    0x00006f69      0x568 C:/Freescale/CW MCU v10.7/MCU/ARM_GCC_Support/ewl/lib/armv6-m\libc.a(scanformat_.o)
 .debug_info    0x000074d1      0x313 C:/Freescale/CW MCU v10.7/MCU/ARM_GCC_Support/ewl/lib/armv6-m\libc.a(ctype_aeabi.o)
 .debug_info    0x000077e4      0x1d6 C:/Freescale/CW MCU v10.7/MCU/ARM_GCC_Support/ewl/lib/armv6-m\libc.a(__strtoul.o)
 .debug_info    0x000079ba      0x10f C:/Freescale/CW MCU v10.7/MCU/ARM_GCC_Support/ewl/lib/armv6-m\libc.a(memcpy.o)
 .debug_info    0x00007ac9      0x121 C:/Freescale/CW MCU v10.7/MCU/ARM_GCC_Support/ewl/lib/armv6-m\libc.a(memchr.o)
 .debug_info    0x00007bea      0x136 C:/Freescale/CW MCU v10.7/MCU/ARM_GCC_Support/ewl/lib/armv6-m\librt.a(gcc_ctor_dtor.o)
 .debug_info    0x00007d20      0x2b9 C:/Freescale/CW MCU v10.7/MCU/ARM_GCC_Support/ewl/lib/armv6-m\librt.a(__arm_eabi_init.o)
 .debug_info    0x00007fd9      0x19b C:/Freescale/CW MCU v10.7/MCU/ARM_GCC_Support/ewl/lib/armv6-m\librt.a(ROMCopy.o)

.debug_abbrev   0x00000000     0x267c
 .debug_abbrev  0x00000000       0xa3 ./Generated_Code/WAIT1.o
 .debug_abbrev  0x000000a3       0xa3 ./Generated_Code/Vectors.o
 .debug_abbrev  0x00000146      0x164 ./Generated_Code/UTIL1.o
 .debug_abbrev  0x000002aa      0x196 ./Generated_Code/TU1.o
 .debug_abbrev  0x00000440      0x151 ./Generated_Code/TRIG.o
 .debug_abbrev  0x00000591      0x102 ./Generated_Code/PE_LDD.o
 .debug_abbrev  0x00000693       0xa3 ./Generated_Code/LEDR.o
 .debug_abbrev  0x00000736       0xa3 ./Generated_Code/LEDG.o
 .debug_abbrev  0x000007d9       0xa3 ./Generated_Code/LEDB.o
 .debug_abbrev  0x0000087c      0x167 ./Generated_Code/LCD1.o
 .debug_abbrev  0x000009e3      0x122 ./Generated_Code/Cpu.o
 .debug_abbrev  0x00000b05      0x11c ./Generated_Code/BitIoLdd5.o
 .debug_abbrev  0x00000c21      0x11c ./Generated_Code/BitIoLdd4.o
 .debug_abbrev  0x00000d3d      0x11c ./Generated_Code/BitIoLdd3.o
 .debug_abbrev  0x00000e59      0x11c ./Generated_Code/BitIoLdd2.o
 .debug_abbrev  0x00000f75      0x11c ./Generated_Code/BitIoLdd15.o
 .debug_abbrev  0x00001091      0x160 ./Generated_Code/BitIoLdd13.o
 .debug_abbrev  0x000011f1      0x160 ./Generated_Code/BitIoLdd12.o
 .debug_abbrev  0x00001351      0x160 ./Generated_Code/BitIoLdd11.o
 .debug_abbrev  0x000014b1      0x160 ./Generated_Code/BitIoLdd10.o
 .debug_abbrev  0x00001611      0x11c ./Generated_Code/BitIoLdd1.o
 .debug_abbrev  0x0000172d       0x92 ./Project_Settings/Startup_Code/__arm_start.o
 .debug_abbrev  0x000017bf       0x4c ./Project_Settings/Startup_Code/__arm_end.o
 .debug_abbrev  0x0000180b      0x10b ./Sources/Ultrasonic.o
 .debug_abbrev  0x00001916       0xac ./Sources/ProcessorExpert.o
 .debug_abbrev  0x000019c2       0x8c ./Sources/Events.o
 .debug_abbrev  0x00001a4e       0x7a C:/Freescale/CW MCU v10.7/MCU/ARM_GCC_Support/ewl/lib/armv6-m\libc.a(exit.o)
 .debug_abbrev  0x00001ac8       0x7a C:/Freescale/CW MCU v10.7/MCU/ARM_GCC_Support/ewl/lib/armv6-m\libc.a(strchr.o)
 .debug_abbrev  0x00001b42       0x62 C:/Freescale/CW MCU v10.7/MCU/ARM_GCC_Support/ewl/lib/armv6-m\libc.a(memset.o)
 .debug_abbrev  0x00001ba4       0x78 C:/Freescale/CW MCU v10.7/MCU/ARM_GCC_Support/ewl/lib/armv6-m\libc.a(__filll_mem.o)
 .debug_abbrev  0x00001c1c       0x7a C:/Freescale/CW MCU v10.7/MCU/ARM_GCC_Support/ewl/lib/armv6-m\libc.a(strlen.o)
 .debug_abbrev  0x00001c96      0x200 C:/Freescale/CW MCU v10.7/MCU/ARM_GCC_Support/ewl/lib/armv6-m\libc.a(printformat_.o)
 .debug_abbrev  0x00001e96      0x1f0 C:/Freescale/CW MCU v10.7/MCU/ARM_GCC_Support/ewl/lib/armv6-m\libc.a(scanformat_.o)
 .debug_abbrev  0x00002086       0x9e C:/Freescale/CW MCU v10.7/MCU/ARM_GCC_Support/ewl/lib/armv6-m\libc.a(ctype_aeabi.o)
 .debug_abbrev  0x00002124       0xc2 C:/Freescale/CW MCU v10.7/MCU/ARM_GCC_Support/ewl/lib/armv6-m\libc.a(__strtoul.o)
 .debug_abbrev  0x000021e6       0x95 C:/Freescale/CW MCU v10.7/MCU/ARM_GCC_Support/ewl/lib/armv6-m\libc.a(memcpy.o)
 .debug_abbrev  0x0000227b       0x95 C:/Freescale/CW MCU v10.7/MCU/ARM_GCC_Support/ewl/lib/armv6-m\libc.a(memchr.o)
 .debug_abbrev  0x00002310       0x99 C:/Freescale/CW MCU v10.7/MCU/ARM_GCC_Support/ewl/lib/armv6-m\librt.a(gcc_ctor_dtor.o)
 .debug_abbrev  0x000023a9      0x1b3 C:/Freescale/CW MCU v10.7/MCU/ARM_GCC_Support/ewl/lib/armv6-m\librt.a(__arm_eabi_init.o)
 .debug_abbrev  0x0000255c      0x120 C:/Freescale/CW MCU v10.7/MCU/ARM_GCC_Support/ewl/lib/armv6-m\librt.a(ROMCopy.o)

.debug_loc      0x00000000     0x4f2c
 .debug_loc     0x00000000      0x100 ./Generated_Code/WAIT1.o
 .debug_loc     0x00000100      0xf01 ./Generated_Code/UTIL1.o
 .debug_loc     0x00001001      0x118 ./Generated_Code/TU1.o
 .debug_loc     0x00001119      0x150 ./Generated_Code/TRIG.o
 .debug_loc     0x00001269       0x9c ./Generated_Code/PE_LDD.o
 .debug_loc     0x00001305       0x90 ./Generated_Code/LEDR.o
 .debug_loc     0x00001395       0x90 ./Generated_Code/LEDG.o
 .debug_loc     0x00001425       0x90 ./Generated_Code/LEDB.o
 .debug_loc     0x000014b5      0x3f4 ./Generated_Code/LCD1.o
 .debug_loc     0x000018a9       0xb0 ./Generated_Code/Cpu.o
 .debug_loc     0x00001959       0xa8 ./Generated_Code/BitIoLdd5.o
 .debug_loc     0x00001a01       0xa8 ./Generated_Code/BitIoLdd4.o
 .debug_loc     0x00001aa9      0x118 ./Generated_Code/BitIoLdd3.o
 .debug_loc     0x00001bc1      0x118 ./Generated_Code/BitIoLdd2.o
 .debug_loc     0x00001cd9       0xa8 ./Generated_Code/BitIoLdd15.o
 .debug_loc     0x00001d81      0x1c0 ./Generated_Code/BitIoLdd13.o
 .debug_loc     0x00001f41      0x1c0 ./Generated_Code/BitIoLdd12.o
 .debug_loc     0x00002101      0x1c0 ./Generated_Code/BitIoLdd11.o
 .debug_loc     0x000022c1      0x1c0 ./Generated_Code/BitIoLdd10.o
 .debug_loc     0x00002481      0x118 ./Generated_Code/BitIoLdd1.o
 .debug_loc     0x00002599       0x2c ./Project_Settings/Startup_Code/__arm_start.o
 .debug_loc     0x000025c5       0x38 ./Project_Settings/Startup_Code/__arm_end.o
 .debug_loc     0x000025fd      0x144 ./Sources/Ultrasonic.o
 .debug_loc     0x00002741       0x64 ./Sources/ProcessorExpert.o
 .debug_loc     0x000027a5       0x9c ./Sources/Events.o
 .debug_loc     0x00002841       0x3e C:/Freescale/CW MCU v10.7/MCU/ARM_GCC_Support/ewl/lib/armv6-m\libc.a(exit.o)
 .debug_loc     0x0000287f       0xaf C:/Freescale/CW MCU v10.7/MCU/ARM_GCC_Support/ewl/lib/armv6-m\libc.a(strchr.o)
 .debug_loc     0x0000292e       0x6f C:/Freescale/CW MCU v10.7/MCU/ARM_GCC_Support/ewl/lib/armv6-m\libc.a(memset.o)
 .debug_loc     0x0000299d      0x14a C:/Freescale/CW MCU v10.7/MCU/ARM_GCC_Support/ewl/lib/armv6-m\libc.a(__filll_mem.o)
 .debug_loc     0x00002ae7       0x33 C:/Freescale/CW MCU v10.7/MCU/ARM_GCC_Support/ewl/lib/armv6-m\libc.a(strlen.o)
 .debug_loc     0x00002b1a     0x104b C:/Freescale/CW MCU v10.7/MCU/ARM_GCC_Support/ewl/lib/armv6-m\libc.a(printformat_.o)
 .debug_loc     0x00003b65      0x9d8 C:/Freescale/CW MCU v10.7/MCU/ARM_GCC_Support/ewl/lib/armv6-m\libc.a(scanformat_.o)
 .debug_loc     0x0000453d      0x30d C:/Freescale/CW MCU v10.7/MCU/ARM_GCC_Support/ewl/lib/armv6-m\libc.a(ctype_aeabi.o)
 .debug_loc     0x0000484a      0x305 C:/Freescale/CW MCU v10.7/MCU/ARM_GCC_Support/ewl/lib/armv6-m\libc.a(__strtoul.o)
 .debug_loc     0x00004b4f       0x59 C:/Freescale/CW MCU v10.7/MCU/ARM_GCC_Support/ewl/lib/armv6-m\libc.a(memcpy.o)
 .debug_loc     0x00004ba8       0x77 C:/Freescale/CW MCU v10.7/MCU/ARM_GCC_Support/ewl/lib/armv6-m\libc.a(memchr.o)
 .debug_loc     0x00004c1f       0x9d C:/Freescale/CW MCU v10.7/MCU/ARM_GCC_Support/ewl/lib/armv6-m\librt.a(gcc_ctor_dtor.o)
 .debug_loc     0x00004cbc      0x197 C:/Freescale/CW MCU v10.7/MCU/ARM_GCC_Support/ewl/lib/armv6-m\librt.a(__arm_eabi_init.o)
 .debug_loc     0x00004e53       0xd9 C:/Freescale/CW MCU v10.7/MCU/ARM_GCC_Support/ewl/lib/armv6-m\librt.a(ROMCopy.o)

.debug_aranges  0x00000000      0xb00
 .debug_aranges
                0x00000000       0x50 ./Generated_Code/WAIT1.o
 .debug_aranges
                0x00000050       0x18 ./Generated_Code/Vectors.o
 .debug_aranges
                0x00000068      0x240 ./Generated_Code/UTIL1.o
 .debug_aranges
                0x000002a8       0x40 ./Generated_Code/TU1.o
 .debug_aranges
                0x000002e8       0x48 ./Generated_Code/TRIG.o
 .debug_aranges
                0x00000330       0x30 ./Generated_Code/PE_LDD.o
 .debug_aranges
                0x00000360       0x30 ./Generated_Code/LEDR.o
 .debug_aranges
                0x00000390       0x30 ./Generated_Code/LEDG.o
 .debug_aranges
                0x000003c0       0x30 ./Generated_Code/LEDB.o
 .debug_aranges
                0x000003f0       0xb8 ./Generated_Code/LCD1.o
 .debug_aranges
                0x000004a8       0x38 ./Generated_Code/Cpu.o
 .debug_aranges
                0x000004e0       0x30 ./Generated_Code/BitIoLdd5.o
 .debug_aranges
                0x00000510       0x30 ./Generated_Code/BitIoLdd4.o
 .debug_aranges
                0x00000540       0x40 ./Generated_Code/BitIoLdd3.o
 .debug_aranges
                0x00000580       0x40 ./Generated_Code/BitIoLdd2.o
 .debug_aranges
                0x000005c0       0x30 ./Generated_Code/BitIoLdd15.o
 .debug_aranges
                0x000005f0       0x58 ./Generated_Code/BitIoLdd13.o
 .debug_aranges
                0x00000648       0x58 ./Generated_Code/BitIoLdd12.o
 .debug_aranges
                0x000006a0       0x58 ./Generated_Code/BitIoLdd11.o
 .debug_aranges
                0x000006f8       0x58 ./Generated_Code/BitIoLdd10.o
 .debug_aranges
                0x00000750       0x40 ./Generated_Code/BitIoLdd1.o
 .debug_aranges
                0x00000790       0x30 ./Project_Settings/Startup_Code/__arm_start.o
 .debug_aranges
                0x000007c0       0x20 ./Project_Settings/Startup_Code/__arm_end.o
 .debug_aranges
                0x000007e0       0x48 ./Sources/Ultrasonic.o
 .debug_aranges
                0x00000828       0x28 ./Sources/ProcessorExpert.o
 .debug_aranges
                0x00000850       0x30 ./Sources/Events.o
 .debug_aranges
                0x00000880       0x20 C:/Freescale/CW MCU v10.7/MCU/ARM_GCC_Support/ewl/lib/armv6-m\libc.a(exit.o)
 .debug_aranges
                0x000008a0       0x20 C:/Freescale/CW MCU v10.7/MCU/ARM_GCC_Support/ewl/lib/armv6-m\libc.a(strchr.o)
 .debug_aranges
                0x000008c0       0x20 C:/Freescale/CW MCU v10.7/MCU/ARM_GCC_Support/ewl/lib/armv6-m\libc.a(memset.o)
 .debug_aranges
                0x000008e0       0x20 C:/Freescale/CW MCU v10.7/MCU/ARM_GCC_Support/ewl/lib/armv6-m\libc.a(__filll_mem.o)
 .debug_aranges
                0x00000900       0x20 C:/Freescale/CW MCU v10.7/MCU/ARM_GCC_Support/ewl/lib/armv6-m\libc.a(strlen.o)
 .debug_aranges
                0x00000920       0x28 C:/Freescale/CW MCU v10.7/MCU/ARM_GCC_Support/ewl/lib/armv6-m\libc.a(printformat_.o)
 .debug_aranges
                0x00000948       0x20 C:/Freescale/CW MCU v10.7/MCU/ARM_GCC_Support/ewl/lib/armv6-m\libc.a(scanformat_.o)
 .debug_aranges
                0x00000968       0x88 C:/Freescale/CW MCU v10.7/MCU/ARM_GCC_Support/ewl/lib/armv6-m\libc.a(ctype_aeabi.o)
 .debug_aranges
                0x000009f0       0x20 C:/Freescale/CW MCU v10.7/MCU/ARM_GCC_Support/ewl/lib/armv6-m\libc.a(__strtoul.o)
 .debug_aranges
                0x00000a10       0x20 C:/Freescale/CW MCU v10.7/MCU/ARM_GCC_Support/ewl/lib/armv6-m\libc.a(memcpy.o)
 .debug_aranges
                0x00000a30       0x20 C:/Freescale/CW MCU v10.7/MCU/ARM_GCC_Support/ewl/lib/armv6-m\libc.a(memchr.o)
 .debug_aranges
                0x00000a50       0x28 C:/Freescale/CW MCU v10.7/MCU/ARM_GCC_Support/ewl/lib/armv6-m\librt.a(gcc_ctor_dtor.o)
 .debug_aranges
                0x00000a78       0x58 C:/Freescale/CW MCU v10.7/MCU/ARM_GCC_Support/ewl/lib/armv6-m\librt.a(__arm_eabi_init.o)
 .debug_aranges
                0x00000ad0       0x30 C:/Freescale/CW MCU v10.7/MCU/ARM_GCC_Support/ewl/lib/armv6-m\librt.a(ROMCopy.o)

.debug_macinfo  0x00000000   0x48fb5c
 .debug_macinfo
                0x00000000    0x2e69d ./Generated_Code/WAIT1.o
 .debug_macinfo
                0x0002e69d    0x339e6 ./Generated_Code/Vectors.o
 .debug_macinfo
                0x00062083    0x2e6cd ./Generated_Code/UTIL1.o
 .debug_macinfo
                0x00090750    0x33a25 ./Generated_Code/TU1.o
 .debug_macinfo
                0x000c4175    0x2ed54 ./Generated_Code/TRIG.o
 .debug_macinfo
                0x000f2ec9    0x338d0 ./Generated_Code/PE_LDD.o
 .debug_macinfo
                0x00126799    0x2f4c4 ./Generated_Code/LEDR.o
 .debug_macinfo
                0x00155c5d    0x2f4c4 ./Generated_Code/LEDG.o
 .debug_macinfo
                0x00185121    0x2f4be ./Generated_Code/LEDB.o
 .debug_macinfo
                0x001b45df    0x311bd ./Generated_Code/LCD1.o
 .debug_macinfo
                0x001e579c    0x339e6 ./Generated_Code/Cpu.o
 .debug_macinfo
                0x00219182    0x2ed87 ./Generated_Code/BitIoLdd5.o
 .debug_macinfo
                0x00247f09    0x2ed85 ./Generated_Code/BitIoLdd4.o
 .debug_macinfo
                0x00276c8e    0x2edcb ./Generated_Code/BitIoLdd3.o
 .debug_macinfo
                0x002a5a59    0x2edd1 ./Generated_Code/BitIoLdd2.o
 .debug_macinfo
                0x002d482a    0x2ed8f ./Generated_Code/BitIoLdd15.o
 .debug_macinfo
                0x003035b9    0x2ee4a ./Generated_Code/BitIoLdd13.o
 .debug_macinfo
                0x00332403    0x2ee4a ./Generated_Code/BitIoLdd12.o
 .debug_macinfo
                0x0036124d    0x2ee48 ./Generated_Code/BitIoLdd11.o
 .debug_macinfo
                0x00390095    0x2ee48 ./Generated_Code/BitIoLdd10.o
 .debug_macinfo
                0x003beedd    0x2edd1 ./Generated_Code/BitIoLdd1.o
 .debug_macinfo
                0x003edcae     0x3e6d ./Project_Settings/Startup_Code/__arm_start.o
 .debug_macinfo
                0x003f1b1b     0x3456 ./Project_Settings/Startup_Code/__arm_end.o
 .debug_macinfo
                0x003f4f71    0x338ed ./Sources/Ultrasonic.o
 .debug_macinfo
                0x0042885e    0x3397f ./Sources/ProcessorExpert.o
 .debug_macinfo
                0x0045c1dd    0x3397f ./Sources/Events.o

.debug_line     0x00000000     0x7816
 .debug_line    0x00000000      0x2c8 ./Generated_Code/WAIT1.o
 .debug_line    0x000002c8      0x6e7 ./Generated_Code/Vectors.o
 .debug_line    0x000009af      0xae8 ./Generated_Code/UTIL1.o
 .debug_line    0x00001497      0x5e4 ./Generated_Code/TU1.o
 .debug_line    0x00001a7b      0x2da ./Generated_Code/TRIG.o
 .debug_line    0x00001d55      0x4ed ./Generated_Code/PE_LDD.o
 .debug_line    0x00002242      0x2e4 ./Generated_Code/LEDR.o
 .debug_line    0x00002526      0x2e4 ./Generated_Code/LEDG.o
 .debug_line    0x0000280a      0x2e4 ./Generated_Code/LEDB.o
 .debug_line    0x00002aee      0x516 ./Generated_Code/LCD1.o
 .debug_line    0x00003004      0x758 ./Generated_Code/Cpu.o
 .debug_line    0x0000375c      0x2aa ./Generated_Code/BitIoLdd5.o
 .debug_line    0x00003a06      0x2ab ./Generated_Code/BitIoLdd4.o
 .debug_line    0x00003cb1      0x2d0 ./Generated_Code/BitIoLdd3.o
 .debug_line    0x00003f81      0x2cf ./Generated_Code/BitIoLdd2.o
 .debug_line    0x00004250      0x2ad ./Generated_Code/BitIoLdd15.o
 .debug_line    0x000044fd      0x30d ./Generated_Code/BitIoLdd13.o
 .debug_line    0x0000480a      0x30d ./Generated_Code/BitIoLdd12.o
 .debug_line    0x00004b17      0x30e ./Generated_Code/BitIoLdd11.o
 .debug_line    0x00004e25      0x30e ./Generated_Code/BitIoLdd10.o
 .debug_line    0x00005133      0x2cf ./Generated_Code/BitIoLdd1.o
 .debug_line    0x00005402      0x2b0 ./Project_Settings/Startup_Code/__arm_start.o
 .debug_line    0x000056b2      0x266 ./Project_Settings/Startup_Code/__arm_end.o
 .debug_line    0x00005918      0x586 ./Sources/Ultrasonic.o
 .debug_line    0x00005e9e      0x559 ./Sources/ProcessorExpert.o
 .debug_line    0x000063f7      0x543 ./Sources/Events.o
 .debug_line    0x0000693a       0x8d C:/Freescale/CW MCU v10.7/MCU/ARM_GCC_Support/ewl/lib/armv6-m\libc.a(exit.o)
 .debug_line    0x000069c7       0x7d C:/Freescale/CW MCU v10.7/MCU/ARM_GCC_Support/ewl/lib/armv6-m\libc.a(strchr.o)
 .debug_line    0x00006a44       0x90 C:/Freescale/CW MCU v10.7/MCU/ARM_GCC_Support/ewl/lib/armv6-m\libc.a(memset.o)
 .debug_line    0x00006ad4       0xf6 C:/Freescale/CW MCU v10.7/MCU/ARM_GCC_Support/ewl/lib/armv6-m\libc.a(__filll_mem.o)
 .debug_line    0x00006bca       0x85 C:/Freescale/CW MCU v10.7/MCU/ARM_GCC_Support/ewl/lib/armv6-m\libc.a(strlen.o)
 .debug_line    0x00006c4f      0x2c3 C:/Freescale/CW MCU v10.7/MCU/ARM_GCC_Support/ewl/lib/armv6-m\libc.a(printformat_.o)
 .debug_line    0x00006f12      0x2be C:/Freescale/CW MCU v10.7/MCU/ARM_GCC_Support/ewl/lib/armv6-m\libc.a(scanformat_.o)
 .debug_line    0x000071d0      0x1be C:/Freescale/CW MCU v10.7/MCU/ARM_GCC_Support/ewl/lib/armv6-m\libc.a(ctype_aeabi.o)
 .debug_line    0x0000738e      0x11e C:/Freescale/CW MCU v10.7/MCU/ARM_GCC_Support/ewl/lib/armv6-m\libc.a(__strtoul.o)
 .debug_line    0x000074ac       0x8b C:/Freescale/CW MCU v10.7/MCU/ARM_GCC_Support/ewl/lib/armv6-m\libc.a(memcpy.o)
 .debug_line    0x00007537       0x9f C:/Freescale/CW MCU v10.7/MCU/ARM_GCC_Support/ewl/lib/armv6-m\libc.a(memchr.o)
 .debug_line    0x000075d6       0x6c C:/Freescale/CW MCU v10.7/MCU/ARM_GCC_Support/ewl/lib/armv6-m\librt.a(gcc_ctor_dtor.o)
 .debug_line    0x00007642      0x117 C:/Freescale/CW MCU v10.7/MCU/ARM_GCC_Support/ewl/lib/armv6-m\librt.a(__arm_eabi_init.o)
 .debug_line    0x00007759       0xbd C:/Freescale/CW MCU v10.7/MCU/ARM_GCC_Support/ewl/lib/armv6-m\librt.a(ROMCopy.o)

.debug_str      0x00000000     0x243a
 .debug_str     0x00000000      0x1a5 ./Generated_Code/WAIT1.o
                                0x1d1 (size before relaxing)
 .debug_str     0x000001a5       0x55 ./Generated_Code/Vectors.o
                                0x18e (size before relaxing)
 .debug_str     0x000001fa      0x771 ./Generated_Code/UTIL1.o
                                0x8d4 (size before relaxing)
 .debug_str     0x0000096b      0x2e6 ./Generated_Code/TU1.o
                                0x444 (size before relaxing)
 .debug_str     0x00000c51       0xc8 ./Generated_Code/TRIG.o
                                0x2d1 (size before relaxing)
 .debug_str     0x00000d19      0x172 ./Generated_Code/PE_LDD.o
                                0x2f1 (size before relaxing)
 .debug_str     0x00000e8b       0x45 ./Generated_Code/LEDR.o
                                0x197 (size before relaxing)
 .debug_str     0x00000ed0       0x3f ./Generated_Code/LEDG.o
                                0x197 (size before relaxing)
 .debug_str     0x00000f0f       0x3f ./Generated_Code/LEDB.o
                                0x197 (size before relaxing)
 .debug_str     0x00000f4e      0x1a5 ./Generated_Code/LCD1.o
                                0x304 (size before relaxing)
 .debug_str     0x000010f3      0x18c ./Generated_Code/Cpu.o
                                0x43d (size before relaxing)
 .debug_str     0x0000127f       0x7e ./Generated_Code/BitIoLdd5.o
                                0x2bd (size before relaxing)
 .debug_str     0x000012fd       0x7e ./Generated_Code/BitIoLdd4.o
                                0x2bd (size before relaxing)
 .debug_str     0x0000137b       0xa0 ./Generated_Code/BitIoLdd3.o
                                0x2ed (size before relaxing)
 .debug_str     0x0000141b       0xa0 ./Generated_Code/BitIoLdd2.o
                                0x2ed (size before relaxing)
 .debug_str     0x000014bb       0x84 ./Generated_Code/BitIoLdd15.o
                                0x2c3 (size before relaxing)
 .debug_str     0x0000153f       0xe3 ./Generated_Code/BitIoLdd13.o
                                0x330 (size before relaxing)
 .debug_str     0x00001622       0xe3 ./Generated_Code/BitIoLdd12.o
                                0x330 (size before relaxing)
 .debug_str     0x00001705       0xe3 ./Generated_Code/BitIoLdd11.o
                                0x330 (size before relaxing)
 .debug_str     0x000017e8       0xe3 ./Generated_Code/BitIoLdd10.o
                                0x330 (size before relaxing)
 .debug_str     0x000018cb       0xa0 ./Generated_Code/BitIoLdd1.o
                                0x2ed (size before relaxing)
 .debug_str     0x0000196b       0x85 ./Project_Settings/Startup_Code/__arm_start.o
                                0x1af (size before relaxing)
 .debug_str     0x000019f0       0x41 ./Project_Settings/Startup_Code/__arm_end.o
                                 0xe6 (size before relaxing)
 .debug_str     0x00001a31      0x128 ./Sources/Ultrasonic.o
                                0x2b1 (size before relaxing)
 .debug_str     0x00001b59       0x2a ./Sources/ProcessorExpert.o
                                0x191 (size before relaxing)
 .debug_str     0x00001b83       0x45 ./Sources/Events.o
                                0x18f (size before relaxing)
 .debug_str     0x00001bc8       0x54 C:/Freescale/CW MCU v10.7/MCU/ARM_GCC_Support/ewl/lib/armv6-m\libc.a(exit.o)
                                0x157 (size before relaxing)
 .debug_str     0x00001c1c       0x1c C:/Freescale/CW MCU v10.7/MCU/ARM_GCC_Support/ewl/lib/armv6-m\libc.a(strchr.o)
                                0x137 (size before relaxing)
 .debug_str     0x00001c38       0x1c C:/Freescale/CW MCU v10.7/MCU/ARM_GCC_Support/ewl/lib/armv6-m\libc.a(memset.o)
                                0x140 (size before relaxing)
 .debug_str     0x00001c54       0x2d C:/Freescale/CW MCU v10.7/MCU/ARM_GCC_Support/ewl/lib/armv6-m\libc.a(__filll_mem.o)
                                0x152 (size before relaxing)
 .debug_str     0x00001c81       0x1c C:/Freescale/CW MCU v10.7/MCU/ARM_GCC_Support/ewl/lib/armv6-m\libc.a(strlen.o)
                                0x140 (size before relaxing)
 .debug_str     0x00001c9d      0x233 C:/Freescale/CW MCU v10.7/MCU/ARM_GCC_Support/ewl/lib/armv6-m\libc.a(printformat_.o)
                                0x3b3 (size before relaxing)
 .debug_str     0x00001ed0      0x184 C:/Freescale/CW MCU v10.7/MCU/ARM_GCC_Support/ewl/lib/armv6-m\libc.a(scanformat_.o)
                                0x3f9 (size before relaxing)
 .debug_str     0x00002054       0x9d C:/Freescale/CW MCU v10.7/MCU/ARM_GCC_Support/ewl/lib/armv6-m\libc.a(ctype_aeabi.o)
                                0x1bc (size before relaxing)
 .debug_str     0x000020f1       0x61 C:/Freescale/CW MCU v10.7/MCU/ARM_GCC_Support/ewl/lib/armv6-m\libc.a(__strtoul.o)
                                0x1fb (size before relaxing)
 .debug_str     0x00002152       0x1c C:/Freescale/CW MCU v10.7/MCU/ARM_GCC_Support/ewl/lib/armv6-m\libc.a(memcpy.o)
                                0x138 (size before relaxing)
 .debug_str     0x0000216e       0x1c C:/Freescale/CW MCU v10.7/MCU/ARM_GCC_Support/ewl/lib/armv6-m\libc.a(memchr.o)
                                0x148 (size before relaxing)
 .debug_str     0x0000218a      0x126 C:/Freescale/CW MCU v10.7/MCU/ARM_GCC_Support/ewl/lib/armv6-m\librt.a(gcc_ctor_dtor.o)
                                0x181 (size before relaxing)
 .debug_str     0x000022b0       0xee C:/Freescale/CW MCU v10.7/MCU/ARM_GCC_Support/ewl/lib/armv6-m\librt.a(__arm_eabi_init.o)
                                0x1b5 (size before relaxing)
 .debug_str     0x0000239e       0x9c C:/Freescale/CW MCU v10.7/MCU/ARM_GCC_Support/ewl/lib/armv6-m\librt.a(ROMCopy.o)
                                0x13c (size before relaxing)

.comment        0x00000000       0x79
 .comment       0x00000000       0x79 ./Generated_Code/WAIT1.o
                                 0x7a (size before relaxing)
 .comment       0x00000000       0x7a ./Generated_Code/Vectors.o
 .comment       0x00000000       0x7a ./Generated_Code/UTIL1.o
 .comment       0x00000000       0x7a ./Generated_Code/TU1.o
 .comment       0x00000000       0x7a ./Generated_Code/TRIG.o
 .comment       0x00000000       0x7a ./Generated_Code/PE_LDD.o
 .comment       0x00000000       0x7a ./Generated_Code/LEDR.o
 .comment       0x00000000       0x7a ./Generated_Code/LEDG.o
 .comment       0x00000000       0x7a ./Generated_Code/LEDB.o
 .comment       0x00000000       0x7a ./Generated_Code/LCD1.o
 .comment       0x00000000       0x7a ./Generated_Code/Cpu.o
 .comment       0x00000000       0x7a ./Generated_Code/BitIoLdd5.o
 .comment       0x00000000       0x7a ./Generated_Code/BitIoLdd4.o
 .comment       0x00000000       0x7a ./Generated_Code/BitIoLdd3.o
 .comment       0x00000000       0x7a ./Generated_Code/BitIoLdd2.o
 .comment       0x00000000       0x7a ./Generated_Code/BitIoLdd15.o
 .comment       0x00000000       0x7a ./Generated_Code/BitIoLdd13.o
 .comment       0x00000000       0x7a ./Generated_Code/BitIoLdd12.o
 .comment       0x00000000       0x7a ./Generated_Code/BitIoLdd11.o
 .comment       0x00000000       0x7a ./Generated_Code/BitIoLdd10.o
 .comment       0x00000000       0x7a ./Generated_Code/BitIoLdd1.o
 .comment       0x00000000       0x7a ./Project_Settings/Startup_Code/__arm_start.o
 .comment       0x00000000       0x7a ./Project_Settings/Startup_Code/__arm_end.o
 .comment       0x00000000       0x7a ./Sources/Ultrasonic.o
 .comment       0x00000000       0x7a ./Sources/ProcessorExpert.o
 .comment       0x00000000       0x7a ./Sources/Events.o
 .comment       0x00000000       0x7a C:/Freescale/CW MCU v10.7/MCU/ARM_GCC_Support/ewl/lib/armv6-m\libc.a(exit.o)
 .comment       0x00000000       0x7a C:/Freescale/CW MCU v10.7/MCU/ARM_GCC_Support/ewl/lib/armv6-m\libc.a(strchr.o)
 .comment       0x00000000       0x7a C:/Freescale/CW MCU v10.7/MCU/ARM_GCC_Support/ewl/lib/armv6-m\libc.a(memset.o)
 .comment       0x00000000       0x7a C:/Freescale/CW MCU v10.7/MCU/ARM_GCC_Support/ewl/lib/armv6-m\libc.a(__filll_mem.o)
 .comment       0x00000000       0x7a C:/Freescale/CW MCU v10.7/MCU/ARM_GCC_Support/ewl/lib/armv6-m\libc.a(strlen.o)
 .comment       0x00000000       0x7a C:/Freescale/CW MCU v10.7/MCU/ARM_GCC_Support/ewl/lib/armv6-m\libc.a(printformat_.o)
 .comment       0x00000000       0x7a C:/Freescale/CW MCU v10.7/MCU/ARM_GCC_Support/ewl/lib/armv6-m\libc.a(scanformat_.o)
 .comment       0x00000000       0x7a C:/Freescale/CW MCU v10.7/MCU/ARM_GCC_Support/ewl/lib/armv6-m\libc.a(ctype_aeabi.o)
 .comment       0x00000000       0x7a C:/Freescale/CW MCU v10.7/MCU/ARM_GCC_Support/ewl/lib/armv6-m\libc.a(__strtoul.o)
 .comment       0x00000000       0x7a C:/Freescale/CW MCU v10.7/MCU/ARM_GCC_Support/ewl/lib/armv6-m\libc.a(memcpy.o)
 .comment       0x00000000       0x7a C:/Freescale/CW MCU v10.7/MCU/ARM_GCC_Support/ewl/lib/armv6-m\libc.a(memchr.o)
 .comment       0x00000000       0x7a C:/Freescale/CW MCU v10.7/MCU/ARM_GCC_Support/ewl/lib/armv6-m\librt.a(gcc_ctor_dtor.o)
 .comment       0x00000000       0x7a C:/Freescale/CW MCU v10.7/MCU/ARM_GCC_Support/ewl/lib/armv6-m\librt.a(__arm_eabi_init.o)
 .comment       0x00000000       0x7a C:/Freescale/CW MCU v10.7/MCU/ARM_GCC_Support/ewl/lib/armv6-m\librt.a(ROMCopy.o)

.debug_frame    0x00000000     0x1e0c
 .debug_frame   0x00000000       0xc8 ./Generated_Code/WAIT1.o
 .debug_frame   0x000000c8      0x8e4 ./Generated_Code/UTIL1.o
 .debug_frame   0x000009ac       0xb0 ./Generated_Code/TU1.o
 .debug_frame   0x00000a5c       0xd0 ./Generated_Code/TRIG.o
 .debug_frame   0x00000b2c       0x70 ./Generated_Code/PE_LDD.o
 .debug_frame   0x00000b9c       0x68 ./Generated_Code/LEDR.o
 .debug_frame   0x00000c04       0x68 ./Generated_Code/LEDG.o
 .debug_frame   0x00000c6c       0x68 ./Generated_Code/LEDB.o
 .debug_frame   0x00000cd4      0x270 ./Generated_Code/LCD1.o
 .debug_frame   0x00000f44       0x80 ./Generated_Code/Cpu.o
 .debug_frame   0x00000fc4       0x70 ./Generated_Code/BitIoLdd5.o
 .debug_frame   0x00001034       0x70 ./Generated_Code/BitIoLdd4.o
 .debug_frame   0x000010a4       0xb0 ./Generated_Code/BitIoLdd3.o
 .debug_frame   0x00001154       0xb0 ./Generated_Code/BitIoLdd2.o
 .debug_frame   0x00001204       0x70 ./Generated_Code/BitIoLdd15.o
 .debug_frame   0x00001274      0x110 ./Generated_Code/BitIoLdd13.o
 .debug_frame   0x00001384      0x110 ./Generated_Code/BitIoLdd12.o
 .debug_frame   0x00001494      0x110 ./Generated_Code/BitIoLdd11.o
 .debug_frame   0x000015a4      0x110 ./Generated_Code/BitIoLdd10.o
 .debug_frame   0x000016b4       0xb0 ./Generated_Code/BitIoLdd1.o
 .debug_frame   0x00001764       0x4c ./Project_Settings/Startup_Code/__arm_start.o
 .debug_frame   0x000017b0       0x30 ./Project_Settings/Startup_Code/__arm_end.o
 .debug_frame   0x000017e0       0xd0 ./Sources/Ultrasonic.o
 .debug_frame   0x000018b0       0x50 ./Sources/ProcessorExpert.o
 .debug_frame   0x00001900       0x6c ./Sources/Events.o
 .debug_frame   0x0000196c       0x2c C:/Freescale/CW MCU v10.7/MCU/ARM_GCC_Support/ewl/lib/armv6-m\libc.a(exit.o)
 .debug_frame   0x00001998       0x28 C:/Freescale/CW MCU v10.7/MCU/ARM_GCC_Support/ewl/lib/armv6-m\libc.a(strchr.o)
 .debug_frame   0x000019c0       0x28 C:/Freescale/CW MCU v10.7/MCU/ARM_GCC_Support/ewl/lib/armv6-m\libc.a(memset.o)
 .debug_frame   0x000019e8       0x2c C:/Freescale/CW MCU v10.7/MCU/ARM_GCC_Support/ewl/lib/armv6-m\libc.a(__filll_mem.o)
 .debug_frame   0x00001a14       0x28 C:/Freescale/CW MCU v10.7/MCU/ARM_GCC_Support/ewl/lib/armv6-m\libc.a(strlen.o)
 .debug_frame   0x00001a3c       0x54 C:/Freescale/CW MCU v10.7/MCU/ARM_GCC_Support/ewl/lib/armv6-m\libc.a(printformat_.o)
 .debug_frame   0x00001a90       0x34 C:/Freescale/CW MCU v10.7/MCU/ARM_GCC_Support/ewl/lib/armv6-m\libc.a(scanformat_.o)
 .debug_frame   0x00001ac4      0x158 C:/Freescale/CW MCU v10.7/MCU/ARM_GCC_Support/ewl/lib/armv6-m\libc.a(ctype_aeabi.o)
 .debug_frame   0x00001c1c       0x30 C:/Freescale/CW MCU v10.7/MCU/ARM_GCC_Support/ewl/lib/armv6-m\libc.a(__strtoul.o)
 .debug_frame   0x00001c4c       0x28 C:/Freescale/CW MCU v10.7/MCU/ARM_GCC_Support/ewl/lib/armv6-m\libc.a(memcpy.o)
 .debug_frame   0x00001c74       0x28 C:/Freescale/CW MCU v10.7/MCU/ARM_GCC_Support/ewl/lib/armv6-m\libc.a(memchr.o)
 .debug_frame   0x00001c9c       0x20 c:/freescale/cw mcu v10.7/cross_tools/arm-none-eabi-gcc-4_7_3/bin/../lib/gcc/arm-none-eabi/4.7.3/armv6-m\libgcc.a(_udivsi3.o)
 .debug_frame   0x00001cbc       0x40 C:/Freescale/CW MCU v10.7/MCU/ARM_GCC_Support/ewl/lib/armv6-m\librt.a(gcc_ctor_dtor.o)
 .debug_frame   0x00001cfc       0xbc C:/Freescale/CW MCU v10.7/MCU/ARM_GCC_Support/ewl/lib/armv6-m\librt.a(__arm_eabi_init.o)
 .debug_frame   0x00001db8       0x54 C:/Freescale/CW MCU v10.7/MCU/ARM_GCC_Support/ewl/lib/armv6-m\librt.a(ROMCopy.o)
