Archive member included because of file (symbol)

C:/Freescale/CW MCU v10.7/MCU/ARM_GCC_Support/ewl/lib/armv6-m\libc.a(exit.o)
                              ./Project_Settings/Startup_Code/__arm_start.o (exit)
C:/Freescale/CW MCU v10.7/MCU/ARM_GCC_Support/ewl/lib/armv6-m\libc.a(memset.o)
                              ./Project_Settings/Startup_Code/__arm_start.o (memset)
C:/Freescale/CW MCU v10.7/MCU/ARM_GCC_Support/ewl/lib/armv6-m\libc.a(__filll_mem.o)
                              C:/Freescale/CW MCU v10.7/MCU/ARM_GCC_Support/ewl/lib/armv6-m\libc.a(memset.o) (__fill_mem)
C:/Freescale/CW MCU v10.7/MCU/ARM_GCC_Support/ewl/lib/armv6-m\libc.a(printformat_.o)
                              (__pformatter_)
C:/Freescale/CW MCU v10.7/MCU/ARM_GCC_Support/ewl/lib/armv6-m\libc.a(strchr.o)
                              C:/Freescale/CW MCU v10.7/MCU/ARM_GCC_Support/ewl/lib/armv6-m\libc.a(printformat_.o) (strchr)
C:/Freescale/CW MCU v10.7/MCU/ARM_GCC_Support/ewl/lib/armv6-m\libc.a(strlen.o)
                              C:/Freescale/CW MCU v10.7/MCU/ARM_GCC_Support/ewl/lib/armv6-m\libc.a(printformat_.o) (strlen)
C:/Freescale/CW MCU v10.7/MCU/ARM_GCC_Support/ewl/lib/armv6-m\libc.a(memchr.o)
                              C:/Freescale/CW MCU v10.7/MCU/ARM_GCC_Support/ewl/lib/armv6-m\libc.a(printformat_.o) (memchr)
c:/freescale/cw mcu v10.7/cross_tools/arm-none-eabi-gcc-4_7_3/bin/../lib/gcc/arm-none-eabi/4.7.3/armv6-m\libgcc.a(_udivsi3.o)
                              ./Generated_Code/WAIT1.o (__aeabi_uidiv)
c:/freescale/cw mcu v10.7/cross_tools/arm-none-eabi-gcc-4_7_3/bin/../lib/gcc/arm-none-eabi/4.7.3/armv6-m\libgcc.a(_dvmd_tls.o)
                              c:/freescale/cw mcu v10.7/cross_tools/arm-none-eabi-gcc-4_7_3/bin/../lib/gcc/arm-none-eabi/4.7.3/armv6-m\libgcc.a(_udivsi3.o) (__aeabi_idiv0)
C:/Freescale/CW MCU v10.7/MCU/ARM_GCC_Support/ewl/lib/armv6-m\librt.a(gcc_ctor_dtor.o)
                              ./Project_Settings/Startup_Code/__arm_start.o (__init_cpp)
C:/Freescale/CW MCU v10.7/MCU/ARM_GCC_Support/ewl/lib/armv6-m\librt.a(__arm_eabi_init.o)
                              C:/Freescale/CW MCU v10.7/MCU/ARM_GCC_Support/ewl/lib/armv6-m\libc.a(exit.o) (__destroy_global_chain)
C:/Freescale/CW MCU v10.7/MCU/ARM_GCC_Support/ewl/lib/armv6-m\librt.a(ROMCopy.o)
                              ./Project_Settings/Startup_Code/__arm_start.o (__copy_rom_sections_to_ram)

Allocating common symbols
Common symbol       size              file

SR_reg              0x1               ./Generated_Code/Cpu.o

Discarded input sections

 .text          0x00000000        0x0 ./Generated_Code/WAIT1.o
 .data          0x00000000        0x0 ./Generated_Code/WAIT1.o
 .bss           0x00000000        0x0 ./Generated_Code/WAIT1.o
 .text.WAIT1_WaitCycles
                0x00000000       0x78 ./Generated_Code/WAIT1.o
 .text.WAIT1_WaitLongCycles
                0x00000000       0xdc ./Generated_Code/WAIT1.o
 .text.WAIT1_DeInit
                0x00000000        0x4 ./Generated_Code/WAIT1.o
 .text          0x00000000        0x0 ./Generated_Code/Vectors.o
 .data          0x00000000        0x0 ./Generated_Code/Vectors.o
 .bss           0x00000000        0x0 ./Generated_Code/Vectors.o
 .text          0x00000000        0x0 ./Generated_Code/PE_LDD.o
 .data          0x00000000        0x0 ./Generated_Code/PE_LDD.o
 .bss           0x00000000        0x0 ./Generated_Code/PE_LDD.o
 .text.PE_FillMemory
                0x00000000       0xf4 ./Generated_Code/PE_LDD.o
 .text.PE_PeripheralUsed
                0x00000000       0x20 ./Generated_Code/PE_LDD.o
 .text.LDD_SetClockConfiguration
                0x00000000        0x4 ./Generated_Code/PE_LDD.o
 .rodata.PE_CpuClockConfigurations
                0x00000000       0x28 ./Generated_Code/PE_LDD.o
 .text          0x00000000        0x0 ./Generated_Code/MCUC1.o
 .data          0x00000000        0x0 ./Generated_Code/MCUC1.o
 .bss           0x00000000        0x0 ./Generated_Code/MCUC1.o
 .debug_info    0x00000000       0x76 ./Generated_Code/MCUC1.o
 .debug_abbrev  0x00000000       0x28 ./Generated_Code/MCUC1.o
 .debug_aranges
                0x00000000       0x18 ./Generated_Code/MCUC1.o
 .debug_macinfo
                0x00000000    0x2e122 ./Generated_Code/MCUC1.o
 .debug_line    0x00000000      0x1f6 ./Generated_Code/MCUC1.o
 .debug_str     0x00000000      0x13a ./Generated_Code/MCUC1.o
 .comment       0x00000000       0x7a ./Generated_Code/MCUC1.o
 .ARM.attributes
                0x00000000       0x31 ./Generated_Code/MCUC1.o
 .text          0x00000000        0x0 ./Generated_Code/LEDpin3.o
 .data          0x00000000        0x0 ./Generated_Code/LEDpin3.o
 .bss           0x00000000        0x0 ./Generated_Code/LEDpin3.o
 .debug_info    0x00000000       0x76 ./Generated_Code/LEDpin3.o
 .debug_abbrev  0x00000000       0x28 ./Generated_Code/LEDpin3.o
 .debug_aranges
                0x00000000       0x18 ./Generated_Code/LEDpin3.o
 .debug_macinfo
                0x00000000    0x2ed6c ./Generated_Code/LEDpin3.o
 .debug_line    0x00000000      0x257 ./Generated_Code/LEDpin3.o
 .debug_str     0x00000000      0x13c ./Generated_Code/LEDpin3.o
 .comment       0x00000000       0x7a ./Generated_Code/LEDpin3.o
 .ARM.attributes
                0x00000000       0x31 ./Generated_Code/LEDpin3.o
 .text          0x00000000        0x0 ./Generated_Code/LEDpin2.o
 .data          0x00000000        0x0 ./Generated_Code/LEDpin2.o
 .bss           0x00000000        0x0 ./Generated_Code/LEDpin2.o
 .debug_info    0x00000000       0x76 ./Generated_Code/LEDpin2.o
 .debug_abbrev  0x00000000       0x28 ./Generated_Code/LEDpin2.o
 .debug_aranges
                0x00000000       0x18 ./Generated_Code/LEDpin2.o
 .debug_macinfo
                0x00000000    0x2ed6c ./Generated_Code/LEDpin2.o
 .debug_line    0x00000000      0x257 ./Generated_Code/LEDpin2.o
 .debug_str     0x00000000      0x13c ./Generated_Code/LEDpin2.o
 .comment       0x00000000       0x7a ./Generated_Code/LEDpin2.o
 .ARM.attributes
                0x00000000       0x31 ./Generated_Code/LEDpin2.o
 .text          0x00000000        0x0 ./Generated_Code/LEDpin1.o
 .data          0x00000000        0x0 ./Generated_Code/LEDpin1.o
 .bss           0x00000000        0x0 ./Generated_Code/LEDpin1.o
 .debug_info    0x00000000       0x76 ./Generated_Code/LEDpin1.o
 .debug_abbrev  0x00000000       0x28 ./Generated_Code/LEDpin1.o
 .debug_aranges
                0x00000000       0x18 ./Generated_Code/LEDpin1.o
 .debug_macinfo
                0x00000000    0x2ed66 ./Generated_Code/LEDpin1.o
 .debug_line    0x00000000      0x257 ./Generated_Code/LEDpin1.o
 .debug_str     0x00000000      0x13c ./Generated_Code/LEDpin1.o
 .comment       0x00000000       0x7a ./Generated_Code/LEDpin1.o
 .ARM.attributes
                0x00000000       0x31 ./Generated_Code/LEDpin1.o
 .text          0x00000000        0x0 ./Generated_Code/LEDR.o
 .data          0x00000000        0x0 ./Generated_Code/LEDR.o
 .bss           0x00000000        0x0 ./Generated_Code/LEDR.o
 .text.LEDR_Deinit
                0x00000000        0x4 ./Generated_Code/LEDR.o
 .text.LEDR_SetRatio16
                0x00000000       0x24 ./Generated_Code/LEDR.o
 .text          0x00000000        0x0 ./Generated_Code/LEDG.o
 .data          0x00000000        0x0 ./Generated_Code/LEDG.o
 .bss           0x00000000        0x0 ./Generated_Code/LEDG.o
 .text.LEDG_Deinit
                0x00000000        0x4 ./Generated_Code/LEDG.o
 .text.LEDG_SetRatio16
                0x00000000       0x24 ./Generated_Code/LEDG.o
 .text          0x00000000        0x0 ./Generated_Code/LEDB.o
 .data          0x00000000        0x0 ./Generated_Code/LEDB.o
 .bss           0x00000000        0x0 ./Generated_Code/LEDB.o
 .text.LEDB_Deinit
                0x00000000        0x4 ./Generated_Code/LEDB.o
 .text.LEDB_SetRatio16
                0x00000000       0x24 ./Generated_Code/LEDB.o
 .text          0x00000000        0x0 ./Generated_Code/Cpu.o
 .data          0x00000000        0x0 ./Generated_Code/Cpu.o
 .bss           0x00000000        0x0 ./Generated_Code/Cpu.o
 .bss.SR_lock   0x00000000        0x1 ./Generated_Code/Cpu.o
 COMMON         0x00000000        0x1 ./Generated_Code/Cpu.o
 .text          0x00000000        0x0 ./Generated_Code/BitIoLdd3.o
 .data          0x00000000        0x0 ./Generated_Code/BitIoLdd3.o
 .bss           0x00000000        0x0 ./Generated_Code/BitIoLdd3.o
 .text.BitIoLdd3_GetVal
                0x00000000       0x10 ./Generated_Code/BitIoLdd3.o
 .text.BitIoLdd3_ClrVal
                0x00000000       0x10 ./Generated_Code/BitIoLdd3.o
 .text          0x00000000        0x0 ./Generated_Code/BitIoLdd2.o
 .data          0x00000000        0x0 ./Generated_Code/BitIoLdd2.o
 .bss           0x00000000        0x0 ./Generated_Code/BitIoLdd2.o
 .text.BitIoLdd2_GetVal
                0x00000000       0x10 ./Generated_Code/BitIoLdd2.o
 .text.BitIoLdd2_ClrVal
                0x00000000       0x10 ./Generated_Code/BitIoLdd2.o
 .text          0x00000000        0x0 ./Generated_Code/BitIoLdd1.o
 .data          0x00000000        0x0 ./Generated_Code/BitIoLdd1.o
 .bss           0x00000000        0x0 ./Generated_Code/BitIoLdd1.o
 .text.BitIoLdd1_GetVal
                0x00000000       0x10 ./Generated_Code/BitIoLdd1.o
 .text.BitIoLdd1_ClrVal
                0x00000000        0xc ./Generated_Code/BitIoLdd1.o
 .text          0x00000000        0x0 ./Project_Settings/Startup_Code/__arm_start.o
 .data          0x00000000        0x0 ./Project_Settings/Startup_Code/__arm_start.o
 .bss           0x00000000        0x0 ./Project_Settings/Startup_Code/__arm_start.o
 .text.__iar_program_start
                0x00000000        0x4 ./Project_Settings/Startup_Code/__arm_start.o
 .text          0x00000000        0x0 ./Project_Settings/Startup_Code/__arm_end.o
 .data          0x00000000        0x0 ./Project_Settings/Startup_Code/__arm_end.o
 .bss           0x00000000        0x0 ./Project_Settings/Startup_Code/__arm_end.o
 .text          0x00000000        0x0 ./Sources/sa_mtb.o
 .data          0x00000000        0x0 ./Sources/sa_mtb.o
 .bss           0x00000000        0x0 ./Sources/sa_mtb.o
 .debug_info    0x00000000       0x21 ./Sources/sa_mtb.o
 .debug_abbrev  0x00000000       0x12 ./Sources/sa_mtb.o
 .debug_aranges
                0x00000000       0x18 ./Sources/sa_mtb.o
 .debug_macinfo
                0x00000000     0x23bd ./Sources/sa_mtb.o
 .debug_line    0x00000000       0x34 ./Sources/sa_mtb.o
 .debug_str     0x00000000       0xa9 ./Sources/sa_mtb.o
 .comment       0x00000000       0x7a ./Sources/sa_mtb.o
 .ARM.attributes
                0x00000000       0x31 ./Sources/sa_mtb.o
 .text          0x00000000        0x0 ./Sources/ProcessorExpert.o
 .data          0x00000000        0x0 ./Sources/ProcessorExpert.o
 .bss           0x00000000        0x0 ./Sources/ProcessorExpert.o
 .text          0x00000000        0x0 ./Sources/Events.o
 .data          0x00000000        0x0 ./Sources/Events.o
 .bss           0x00000000        0x0 ./Sources/Events.o
 .text          0x00000000        0x0 C:/Freescale/CW MCU v10.7/MCU/ARM_GCC_Support/ewl/lib/armv6-m\libc.a(exit.o)
 .data          0x00000000        0x0 C:/Freescale/CW MCU v10.7/MCU/ARM_GCC_Support/ewl/lib/armv6-m\libc.a(exit.o)
 .bss           0x00000000        0x0 C:/Freescale/CW MCU v10.7/MCU/ARM_GCC_Support/ewl/lib/armv6-m\libc.a(exit.o)
 .text          0x00000000        0x0 C:/Freescale/CW MCU v10.7/MCU/ARM_GCC_Support/ewl/lib/armv6-m\libc.a(memset.o)
 .data          0x00000000        0x0 C:/Freescale/CW MCU v10.7/MCU/ARM_GCC_Support/ewl/lib/armv6-m\libc.a(memset.o)
 .bss           0x00000000        0x0 C:/Freescale/CW MCU v10.7/MCU/ARM_GCC_Support/ewl/lib/armv6-m\libc.a(memset.o)
 .text          0x00000000        0x0 C:/Freescale/CW MCU v10.7/MCU/ARM_GCC_Support/ewl/lib/armv6-m\libc.a(__filll_mem.o)
 .data          0x00000000        0x0 C:/Freescale/CW MCU v10.7/MCU/ARM_GCC_Support/ewl/lib/armv6-m\libc.a(__filll_mem.o)
 .bss           0x00000000        0x0 C:/Freescale/CW MCU v10.7/MCU/ARM_GCC_Support/ewl/lib/armv6-m\libc.a(__filll_mem.o)
 .text          0x00000000        0x0 C:/Freescale/CW MCU v10.7/MCU/ARM_GCC_Support/ewl/lib/armv6-m\libc.a(printformat_.o)
 .data          0x00000000        0x0 C:/Freescale/CW MCU v10.7/MCU/ARM_GCC_Support/ewl/lib/armv6-m\libc.a(printformat_.o)
 .bss           0x00000000        0x0 C:/Freescale/CW MCU v10.7/MCU/ARM_GCC_Support/ewl/lib/armv6-m\libc.a(printformat_.o)
 .text          0x00000000        0x0 C:/Freescale/CW MCU v10.7/MCU/ARM_GCC_Support/ewl/lib/armv6-m\libc.a(strchr.o)
 .data          0x00000000        0x0 C:/Freescale/CW MCU v10.7/MCU/ARM_GCC_Support/ewl/lib/armv6-m\libc.a(strchr.o)
 .bss           0x00000000        0x0 C:/Freescale/CW MCU v10.7/MCU/ARM_GCC_Support/ewl/lib/armv6-m\libc.a(strchr.o)
 .text          0x00000000        0x0 C:/Freescale/CW MCU v10.7/MCU/ARM_GCC_Support/ewl/lib/armv6-m\libc.a(strlen.o)
 .data          0x00000000        0x0 C:/Freescale/CW MCU v10.7/MCU/ARM_GCC_Support/ewl/lib/armv6-m\libc.a(strlen.o)
 .bss           0x00000000        0x0 C:/Freescale/CW MCU v10.7/MCU/ARM_GCC_Support/ewl/lib/armv6-m\libc.a(strlen.o)
 .text          0x00000000        0x0 C:/Freescale/CW MCU v10.7/MCU/ARM_GCC_Support/ewl/lib/armv6-m\libc.a(memchr.o)
 .data          0x00000000        0x0 C:/Freescale/CW MCU v10.7/MCU/ARM_GCC_Support/ewl/lib/armv6-m\libc.a(memchr.o)
 .bss           0x00000000        0x0 C:/Freescale/CW MCU v10.7/MCU/ARM_GCC_Support/ewl/lib/armv6-m\libc.a(memchr.o)
 .data          0x00000000        0x0 c:/freescale/cw mcu v10.7/cross_tools/arm-none-eabi-gcc-4_7_3/bin/../lib/gcc/arm-none-eabi/4.7.3/armv6-m\libgcc.a(_udivsi3.o)
 .bss           0x00000000        0x0 c:/freescale/cw mcu v10.7/cross_tools/arm-none-eabi-gcc-4_7_3/bin/../lib/gcc/arm-none-eabi/4.7.3/armv6-m\libgcc.a(_udivsi3.o)
 .data          0x00000000        0x0 c:/freescale/cw mcu v10.7/cross_tools/arm-none-eabi-gcc-4_7_3/bin/../lib/gcc/arm-none-eabi/4.7.3/armv6-m\libgcc.a(_dvmd_tls.o)
 .bss           0x00000000        0x0 c:/freescale/cw mcu v10.7/cross_tools/arm-none-eabi-gcc-4_7_3/bin/../lib/gcc/arm-none-eabi/4.7.3/armv6-m\libgcc.a(_dvmd_tls.o)
 .text          0x00000000        0x0 C:/Freescale/CW MCU v10.7/MCU/ARM_GCC_Support/ewl/lib/armv6-m\librt.a(gcc_ctor_dtor.o)
 .data          0x00000000        0x0 C:/Freescale/CW MCU v10.7/MCU/ARM_GCC_Support/ewl/lib/armv6-m\librt.a(gcc_ctor_dtor.o)
 .bss           0x00000000        0x0 C:/Freescale/CW MCU v10.7/MCU/ARM_GCC_Support/ewl/lib/armv6-m\librt.a(gcc_ctor_dtor.o)
 .bss.__dso_handle
                0x00000000        0x4 C:/Freescale/CW MCU v10.7/MCU/ARM_GCC_Support/ewl/lib/armv6-m\librt.a(gcc_ctor_dtor.o)
 .text          0x00000000        0x0 C:/Freescale/CW MCU v10.7/MCU/ARM_GCC_Support/ewl/lib/armv6-m\librt.a(__arm_eabi_init.o)
 .data          0x00000000        0x0 C:/Freescale/CW MCU v10.7/MCU/ARM_GCC_Support/ewl/lib/armv6-m\librt.a(__arm_eabi_init.o)
 .bss           0x00000000        0x0 C:/Freescale/CW MCU v10.7/MCU/ARM_GCC_Support/ewl/lib/armv6-m\librt.a(__arm_eabi_init.o)
 .text.__register_global_object
                0x00000000       0x14 C:/Freescale/CW MCU v10.7/MCU/ARM_GCC_Support/ewl/lib/armv6-m\librt.a(__arm_eabi_init.o)
 .text.__cxa_atexit
                0x00000000       0x38 C:/Freescale/CW MCU v10.7/MCU/ARM_GCC_Support/ewl/lib/armv6-m\librt.a(__arm_eabi_init.o)
 .text.__aeabi_atexit
                0x00000000        0xe C:/Freescale/CW MCU v10.7/MCU/ARM_GCC_Support/ewl/lib/armv6-m\librt.a(__arm_eabi_init.o)
 .text.__register_atexit
                0x00000000        0xc C:/Freescale/CW MCU v10.7/MCU/ARM_GCC_Support/ewl/lib/armv6-m\librt.a(__arm_eabi_init.o)
 .text.__init_hardware
                0x00000000        0x4 C:/Freescale/CW MCU v10.7/MCU/ARM_GCC_Support/ewl/lib/armv6-m\librt.a(__arm_eabi_init.o)
 .bss.atexit_curr_func
                0x00000000        0x4 C:/Freescale/CW MCU v10.7/MCU/ARM_GCC_Support/ewl/lib/armv6-m\librt.a(__arm_eabi_init.o)
 .bss.atexit_funcs
                0x00000000      0x300 C:/Freescale/CW MCU v10.7/MCU/ARM_GCC_Support/ewl/lib/armv6-m\librt.a(__arm_eabi_init.o)
 .text          0x00000000        0x0 C:/Freescale/CW MCU v10.7/MCU/ARM_GCC_Support/ewl/lib/armv6-m\librt.a(ROMCopy.o)
 .data          0x00000000        0x0 C:/Freescale/CW MCU v10.7/MCU/ARM_GCC_Support/ewl/lib/armv6-m\librt.a(ROMCopy.o)
 .bss           0x00000000        0x0 C:/Freescale/CW MCU v10.7/MCU/ARM_GCC_Support/ewl/lib/armv6-m\librt.a(ROMCopy.o)
 .text.__flush_cache
                0x00000000        0x2 C:/Freescale/CW MCU v10.7/MCU/ARM_GCC_Support/ewl/lib/armv6-m\librt.a(ROMCopy.o)

Memory Configuration

Name             Origin             Length             Attributes
m_interrupts     0x00000000         0x000000c0         xr
m_text           0x00000410         0x0001fbf0         xr
m_data           0x1ffff000         0x00004000         rw
m_cfmprotrom     0x00000400         0x00000010         xr
*default*        0x00000000         0xffffffff

Linker script and memory map

LOAD ./Generated_Code/WAIT1.o
LOAD ./Generated_Code/Vectors.o
LOAD ./Generated_Code/PE_LDD.o
LOAD ./Generated_Code/MCUC1.o
LOAD ./Generated_Code/LEDpin3.o
LOAD ./Generated_Code/LEDpin2.o
LOAD ./Generated_Code/LEDpin1.o
LOAD ./Generated_Code/LEDR.o
LOAD ./Generated_Code/LEDG.o
LOAD ./Generated_Code/LEDB.o
LOAD ./Generated_Code/Cpu.o
LOAD ./Generated_Code/BitIoLdd3.o
LOAD ./Generated_Code/BitIoLdd2.o
LOAD ./Generated_Code/BitIoLdd1.o
LOAD ./Project_Settings/Startup_Code/__arm_start.o
LOAD ./Project_Settings/Startup_Code/__arm_end.o
LOAD ./Sources/sa_mtb.o
LOAD ./Sources/ProcessorExpert.o
LOAD ./Sources/Events.o
                0x00000ac8                __pformatter = __pformatter_
START GROUP
LOAD C:/Freescale/CW MCU v10.7/MCU/ARM_GCC_Support/ewl/lib/armv6-m\libc.a
LOAD C:/Freescale/CW MCU v10.7/MCU/ARM_GCC_Support/ewl/lib/armv6-m\libm.a
LOAD c:/freescale/cw mcu v10.7/cross_tools/arm-none-eabi-gcc-4_7_3/bin/../lib/gcc/arm-none-eabi/4.7.3/armv6-m\libgcc.a
LOAD C:/Freescale/CW MCU v10.7/MCU/ARM_GCC_Support/ewl/lib/armv6-m\libuart.a
LOAD C:/Freescale/CW MCU v10.7/MCU/ARM_GCC_Support/ewl/lib/armv6-m\librt.a
END GROUP
                0x20003000                _estack = 0x20003000
                0x20003000                __SP_INIT = _estack
                0x00000000                __heap_size = 0x0
                0x00000400                __stack_size = 0x400

.interrupts     0x00000000       0xc0
                0x00000000                __vector_table = .
                0x00000000                . = ALIGN (0x4)
 *(.vectortable)
 .vectortable   0x00000000       0xc0 ./Generated_Code/Vectors.o
                0x00000000                __vect_table
                0x000000c0                . = ALIGN (0x4)

.cfmprotect     0x00000400        0x0
                0x00000400                . = ALIGN (0x4)
 *(.cfmconfig)
                0x00000400                . = ALIGN (0x4)

.text           0x00000410      0xc68
                0x00000410                . = ALIGN (0x4)
 *(.text)
 .text          0x00000410       0x9c c:/freescale/cw mcu v10.7/cross_tools/arm-none-eabi-gcc-4_7_3/bin/../lib/gcc/arm-none-eabi/4.7.3/armv6-m\libgcc.a(_udivsi3.o)
                0x00000410                __aeabi_uidiv
                0x00000410                __udivsi3
                0x00000498                __aeabi_uidivmod
 .text          0x000004ac        0x4 c:/freescale/cw mcu v10.7/cross_tools/arm-none-eabi-gcc-4_7_3/bin/../lib/gcc/arm-none-eabi/4.7.3/armv6-m\libgcc.a(_dvmd_tls.o)
                0x000004ac                __aeabi_idiv0
                0x000004ac                __aeabi_ldiv0
 *(.text*)
 .text.WAIT1_Wait10Cycles
                0x000004b0        0x8 ./Generated_Code/WAIT1.o
                0x000004b0                WAIT1_Wait10Cycles
 .text.WAIT1_Wait100Cycles
                0x000004b8       0x24 ./Generated_Code/WAIT1.o
                0x000004b8                WAIT1_Wait100Cycles
 .text.WAIT1_Waitms
                0x000004dc       0x48 ./Generated_Code/WAIT1.o
                0x000004dc                WAIT1_Waitms
 .text.WAIT1_Init
                0x00000524        0x4 ./Generated_Code/WAIT1.o
                0x00000524                WAIT1_Init
 .text.LEDR_Init
                0x00000528       0x10 ./Generated_Code/LEDR.o
                0x00000528                LEDR_Init
 .text.LEDG_Init
                0x00000538       0x10 ./Generated_Code/LEDG.o
                0x00000538                LEDG_Init
 .text.LEDB_Init
                0x00000548       0x10 ./Generated_Code/LEDB.o
                0x00000548                LEDB_Init
 .text.Cpu_INT_NMIInterrupt
                0x00000558        0x8 ./Generated_Code/Cpu.o
                0x00000558                Cpu_INT_NMIInterrupt
 .text.Cpu_Interrupt
                0x00000560        0x4 ./Generated_Code/Cpu.o
                0x00000560                Cpu_Interrupt
 .text.__init_hardware
                0x00000564       0xc4 ./Generated_Code/Cpu.o
                0x00000564                __init_hardware
 .text.PE_low_level_init
                0x00000628       0xa4 ./Generated_Code/Cpu.o
                0x00000628                PE_low_level_init
 .text.BitIoLdd3_Init
                0x000006cc       0x48 ./Generated_Code/BitIoLdd3.o
                0x000006cc                BitIoLdd3_Init
 .text.BitIoLdd3_SetVal
                0x00000714       0x10 ./Generated_Code/BitIoLdd3.o
                0x00000714                BitIoLdd3_SetVal
 .text.BitIoLdd3_NegVal
                0x00000724       0x10 ./Generated_Code/BitIoLdd3.o
                0x00000724                BitIoLdd3_NegVal
 .text.BitIoLdd2_Init
                0x00000734       0x48 ./Generated_Code/BitIoLdd2.o
                0x00000734                BitIoLdd2_Init
 .text.BitIoLdd2_SetVal
                0x0000077c       0x10 ./Generated_Code/BitIoLdd2.o
                0x0000077c                BitIoLdd2_SetVal
 .text.BitIoLdd2_NegVal
                0x0000078c       0x10 ./Generated_Code/BitIoLdd2.o
                0x0000078c                BitIoLdd2_NegVal
 .text.BitIoLdd1_Init
                0x0000079c       0x40 ./Generated_Code/BitIoLdd1.o
                0x0000079c                BitIoLdd1_Init
 .text.BitIoLdd1_SetVal
                0x000007dc        0xc ./Generated_Code/BitIoLdd1.o
                0x000007dc                BitIoLdd1_SetVal
 .text.BitIoLdd1_NegVal
                0x000007e8        0xc ./Generated_Code/BitIoLdd1.o
                0x000007e8                BitIoLdd1_NegVal
 .text.__thumb_startup
                0x000007f4       0x38 ./Project_Settings/Startup_Code/__arm_start.o
                0x000007f4                __thumb_startup
 .text._ExitProcess
                0x0000082c        0x4 ./Project_Settings/Startup_Code/__arm_end.o
                0x0000082c                _ExitProcess
 .text.startup.main
                0x00000830       0x34 ./Sources/ProcessorExpert.o
                0x00000830                main
 .text.Cpu_OnNMIINT
                0x00000864        0x4 ./Sources/Events.o
                0x00000864                Cpu_OnNMIINT
 .text.exit     0x00000868       0x38 C:/Freescale/CW MCU v10.7/MCU/ARM_GCC_Support/ewl/lib/armv6-m\libc.a(exit.o)
                0x00000868                exit
 .text.memset   0x000008a0        0xc C:/Freescale/CW MCU v10.7/MCU/ARM_GCC_Support/ewl/lib/armv6-m\libc.a(memset.o)
                0x000008a0                memset
 .text.__fill_mem
                0x000008ac       0x7e C:/Freescale/CW MCU v10.7/MCU/ARM_GCC_Support/ewl/lib/armv6-m\libc.a(__filll_mem.o)
                0x000008ac                __fill_mem
 *fill*         0x0000092a        0x2 00
 .text.long2str.isra.0
                0x0000092c      0x19c C:/Freescale/CW MCU v10.7/MCU/ARM_GCC_Support/ewl/lib/armv6-m\libc.a(printformat_.o)
 .text.__pformatter_
                0x00000ac8      0x428 C:/Freescale/CW MCU v10.7/MCU/ARM_GCC_Support/ewl/lib/armv6-m\libc.a(printformat_.o)
                0x00000ac8                __pformatter_
 .text.strchr   0x00000ef0       0x1e C:/Freescale/CW MCU v10.7/MCU/ARM_GCC_Support/ewl/lib/armv6-m\libc.a(strchr.o)
                0x00000ef0                strchr
 .text.strlen   0x00000f0e       0x10 C:/Freescale/CW MCU v10.7/MCU/ARM_GCC_Support/ewl/lib/armv6-m\libc.a(strlen.o)
                0x00000f0e                strlen
 .text.memchr   0x00000f1e       0x1a C:/Freescale/CW MCU v10.7/MCU/ARM_GCC_Support/ewl/lib/armv6-m\libc.a(memchr.o)
                0x00000f1e                memchr
 .text.__init_cpp
                0x00000f38       0x48 C:/Freescale/CW MCU v10.7/MCU/ARM_GCC_Support/ewl/lib/armv6-m\librt.a(gcc_ctor_dtor.o)
                0x00000f38                __init_cpp
 .text.__fini_cpp
                0x00000f80       0x34 C:/Freescale/CW MCU v10.7/MCU/ARM_GCC_Support/ewl/lib/armv6-m\librt.a(gcc_ctor_dtor.o)
                0x00000f80                __fini_cpp
 .text.__destroy_global_chain
                0x00000fb4       0x1c C:/Freescale/CW MCU v10.7/MCU/ARM_GCC_Support/ewl/lib/armv6-m\librt.a(__arm_eabi_init.o)
                0x00000fb4                __destroy_global_chain
 .text.__init_registers
                0x00000fd0       0x1c C:/Freescale/CW MCU v10.7/MCU/ARM_GCC_Support/ewl/lib/armv6-m\librt.a(__arm_eabi_init.o)
                0x00000fd0                __init_registers
 .text.__init_user
                0x00000fec        0x4 C:/Freescale/CW MCU v10.7/MCU/ARM_GCC_Support/ewl/lib/armv6-m\librt.a(__arm_eabi_init.o)
                0x00000fec                __init_user
 .text.__copy_rom_section
                0x00000ff0       0x48 C:/Freescale/CW MCU v10.7/MCU/ARM_GCC_Support/ewl/lib/armv6-m\librt.a(ROMCopy.o)
                0x00000ff0                __copy_rom_section
 .text.__copy_rom_sections_to_ram
                0x00001038       0x34 C:/Freescale/CW MCU v10.7/MCU/ARM_GCC_Support/ewl/lib/armv6-m\librt.a(ROMCopy.o)
                0x00001038                __copy_rom_sections_to_ram
 *(.rodata)
 *(.rodata*)
 .rodata.str1.1
                0x0000106c        0x1 C:/Freescale/CW MCU v10.7/MCU/ARM_GCC_Support/ewl/lib/armv6-m\libc.a(printformat_.o)
 .rodata.CSWTCH.20
                0x0000106d        0x5 C:/Freescale/CW MCU v10.7/MCU/ARM_GCC_Support/ewl/lib/armv6-m\libc.a(printformat_.o)
 .rodata.CSWTCH.21
                0x00001072        0x5 C:/Freescale/CW MCU v10.7/MCU/ARM_GCC_Support/ewl/lib/armv6-m\libc.a(printformat_.o)
 *(.glue_7)
 .glue_7        0x00000000        0x0 linker stubs
 *(.glue_7t)
 .glue_7t       0x00000000        0x0 linker stubs
 *(.eh_frame)
 *(.init)
 *(.fini)
                0x00001078                . = ALIGN (0x4)
 *fill*         0x00001077        0x1 00
                0x00001078                _etext = .

.vfp11_veneer   0x00001078        0x0
 .vfp11_veneer  0x00000000        0x0 linker stubs

.v4_bx          0x00001078        0x0
 .v4_bx         0x00000000        0x0 linker stubs

.iplt           0x00001078        0x0
 .iplt          0x00000000        0x0 ./Generated_Code/WAIT1.o

.rel.dyn        0x00001078        0x0
 .rel.iplt      0x00000000        0x0 ./Generated_Code/WAIT1.o

.ARM.extab
 *(.ARM.extab* .gnu.linkonce.armextab.*)

.ARM            0x00001078        0x0
                0x00001078                __exidx_start = .
 *(.ARM.exidx*)
                0x00001078                __exidx_end = .

.ctors          0x00001078        0x0
                0x00001078                __CTOR_LIST__ = .
 *crtbegin.o(.ctors)
 *(EXCLUDE_FILE(*crtend.o) .ctors)
 *(SORT(.ctors.*))
 *(.ctors)
                0x00001078                __CTOR_END__ = .

.dtors          0x00001078        0x0
                0x00001078                __DTOR_LIST__ = .
 *crtbegin.o(.dtors)
 *(EXCLUDE_FILE(*crtend.o) .dtors)
 *(SORT(.dtors.*))
 *(.dtors)
                0x00001078                __DTOR_END__ = .

.preinit_array  0x00001078        0x0
                0x00001078                PROVIDE (__preinit_array_start, .)
 *(.preinit_array*)
                0x00001078                PROVIDE (__preinit_array_end, .)

.init_array     0x00001078        0x0
                0x00001078                PROVIDE (__init_array_start, .)
 *(SORT(.init_array.*))
 *(.init_array*)
                0x00001078                PROVIDE (__init_array_end, .)

.fini_array     0x00001078        0x0
                0x00001078                PROVIDE (__fini_array_start, .)
 *(SORT(.fini_array.*))
 *(.fini_array*)
                0x00001078                PROVIDE (__fini_array_end, .)
                0x00001078                ___ROM_AT = .

.mtb            0x1ffff000        0x0
                0x1ffff000                . = ALIGN (0x8)
                0x1ffff000                _mtb_start = .
 *(.mtb_buf)
                0x1ffff000                . = ALIGN (0x8)
                0x1ffff000                _mtb_end = .

.data           0x1ffff000        0x0 load address 0x00001078
                0x1ffff000                . = ALIGN (0x4)
                0x1ffff000                _sdata = .
 *(.data)
 *(.data*)
                0x1ffff000                . = ALIGN (0x4)
                0x1ffff000                _edata = .
                0x00000000                ___data_size = (_edata - _sdata)

.igot.plt       0x1ffff000        0x0
 .igot.plt      0x00000000        0x0 ./Generated_Code/WAIT1.o
                0x1ffff000                . = ALIGN (0x4)

.bss            0x1ffff000       0x34
                0x1ffff000                __START_BSS = .
                0x1ffff000                PROVIDE (__bss_start__, __START_BSS)
 *(.bss)
 *(.bss*)
 .bss.PE_LDD_DeviceDataList
                0x1ffff000        0xc ./Generated_Code/PE_LDD.o
                0x1ffff000                PE_LDD_DeviceDataList
 .bss.DeviceDataPrv__DEFAULT_RTOS_ALLOC
                0x1ffff00c        0x4 ./Generated_Code/BitIoLdd3.o
 .bss.DeviceDataPrv__DEFAULT_RTOS_ALLOC
                0x1ffff010        0x4 ./Generated_Code/BitIoLdd2.o
 .bss.DeviceDataPrv__DEFAULT_RTOS_ALLOC
                0x1ffff014        0x4 ./Generated_Code/BitIoLdd1.o
 .bss.argv      0x1ffff018        0x4 ./Project_Settings/Startup_Code/__arm_start.o
 .bss.__stdio_exit
                0x1ffff01c        0x4 C:/Freescale/CW MCU v10.7/MCU/ARM_GCC_Support/ewl/lib/armv6-m\libc.a(exit.o)
                0x1ffff01c                __stdio_exit
 .bss.__console_exit
                0x1ffff020        0x4 C:/Freescale/CW MCU v10.7/MCU/ARM_GCC_Support/ewl/lib/armv6-m\libc.a(exit.o)
                0x1ffff020                __console_exit
 .bss.__global_destructor_chain
                0x1ffff024        0x4 C:/Freescale/CW MCU v10.7/MCU/ARM_GCC_Support/ewl/lib/armv6-m\librt.a(__arm_eabi_init.o)
                0x1ffff024                __global_destructor_chain
 .bss.__S_romp  0x1ffff028        0xc C:/Freescale/CW MCU v10.7/MCU/ARM_GCC_Support/ewl/lib/armv6-m\librt.a(ROMCopy.o)
 *(COMMON)
                0x1ffff034                . = ALIGN (0x4)
                0x1ffff034                __END_BSS = .
                0x1ffff034                PROVIDE (__bss_end__, __END_BSS)
                0x00001078                _romp_at = (___ROM_AT + SIZEOF (.data))

.romp           0x1ffff034       0x18 load address 0x00001078
                0x00001078                __S_romp = _romp_at
                0x1ffff034        0x4 LONG 0x1078 ___ROM_AT
                0x1ffff038        0x4 LONG 0x1ffff000 _sdata
                0x1ffff03c        0x4 LONG 0x0 ___data_size
                0x1ffff040        0x4 LONG 0x0
                0x1ffff044        0x4 LONG 0x0
                0x1ffff048        0x4 LONG 0x0

._user_heap_stack
                0x1ffff04c      0x400 load address 0x00001090
                0x1ffff04c                . = ALIGN (0x4)
                0x1ffff04c                PROVIDE (end, .)
                0x1ffff04c                PROVIDE (_end, .)
                0x1ffff04c                __heap_addr = .
                0x1ffff04c                . = (. + __heap_size)
                0x1ffff44c                . = (. + __stack_size)
 *fill*         0x1ffff04c      0x400 00
                0x1ffff44c                . = ALIGN (0x4)

.ARM.attributes
                0x00000000       0x31
 *(.ARM.attributes)
 .ARM.attributes
                0x00000000       0x31 ./Generated_Code/WAIT1.o
 .ARM.attributes
                0x00000031       0x31 ./Generated_Code/Vectors.o
 .ARM.attributes
                0x00000062       0x31 ./Generated_Code/PE_LDD.o
 .ARM.attributes
                0x00000093       0x31 ./Generated_Code/LEDR.o
 .ARM.attributes
                0x000000c4       0x31 ./Generated_Code/LEDG.o
 .ARM.attributes
                0x000000f5       0x31 ./Generated_Code/LEDB.o
 .ARM.attributes
                0x00000126       0x31 ./Generated_Code/Cpu.o
 .ARM.attributes
                0x00000157       0x31 ./Generated_Code/BitIoLdd3.o
 .ARM.attributes
                0x00000188       0x31 ./Generated_Code/BitIoLdd2.o
 .ARM.attributes
                0x000001b9       0x31 ./Generated_Code/BitIoLdd1.o
 .ARM.attributes
                0x000001ea       0x31 ./Project_Settings/Startup_Code/__arm_start.o
 .ARM.attributes
                0x0000021b       0x31 ./Project_Settings/Startup_Code/__arm_end.o
 .ARM.attributes
                0x0000024c       0x31 ./Sources/ProcessorExpert.o
 .ARM.attributes
                0x0000027d       0x31 ./Sources/Events.o
 .ARM.attributes
                0x000002ae       0x31 C:/Freescale/CW MCU v10.7/MCU/ARM_GCC_Support/ewl/lib/armv6-m\libc.a(exit.o)
 .ARM.attributes
                0x000002df       0x31 C:/Freescale/CW MCU v10.7/MCU/ARM_GCC_Support/ewl/lib/armv6-m\libc.a(memset.o)
 .ARM.attributes
                0x00000310       0x31 C:/Freescale/CW MCU v10.7/MCU/ARM_GCC_Support/ewl/lib/armv6-m\libc.a(__filll_mem.o)
 .ARM.attributes
                0x00000341       0x31 C:/Freescale/CW MCU v10.7/MCU/ARM_GCC_Support/ewl/lib/armv6-m\libc.a(printformat_.o)
 .ARM.attributes
                0x00000372       0x31 C:/Freescale/CW MCU v10.7/MCU/ARM_GCC_Support/ewl/lib/armv6-m\libc.a(strchr.o)
 .ARM.attributes
                0x000003a3       0x31 C:/Freescale/CW MCU v10.7/MCU/ARM_GCC_Support/ewl/lib/armv6-m\libc.a(strlen.o)
 .ARM.attributes
                0x000003d4       0x31 C:/Freescale/CW MCU v10.7/MCU/ARM_GCC_Support/ewl/lib/armv6-m\libc.a(memchr.o)
 .ARM.attributes
                0x00000405       0x1e c:/freescale/cw mcu v10.7/cross_tools/arm-none-eabi-gcc-4_7_3/bin/../lib/gcc/arm-none-eabi/4.7.3/armv6-m\libgcc.a(_udivsi3.o)
 .ARM.attributes
                0x00000423       0x1e c:/freescale/cw mcu v10.7/cross_tools/arm-none-eabi-gcc-4_7_3/bin/../lib/gcc/arm-none-eabi/4.7.3/armv6-m\libgcc.a(_dvmd_tls.o)
 .ARM.attributes
                0x00000441       0x31 C:/Freescale/CW MCU v10.7/MCU/ARM_GCC_Support/ewl/lib/armv6-m\librt.a(gcc_ctor_dtor.o)
 .ARM.attributes
                0x00000472       0x31 C:/Freescale/CW MCU v10.7/MCU/ARM_GCC_Support/ewl/lib/armv6-m\librt.a(__arm_eabi_init.o)
 .ARM.attributes
                0x000004a3       0x31 C:/Freescale/CW MCU v10.7/MCU/ARM_GCC_Support/ewl/lib/armv6-m\librt.a(ROMCopy.o)
OUTPUT(Freedom_LED.elf elf32-littlearm)

.debug_info     0x00000000     0x2eff
 .debug_info    0x00000000      0x1ed ./Generated_Code/WAIT1.o
 .debug_info    0x000001ed      0x104 ./Generated_Code/Vectors.o
 .debug_info    0x000002f1      0x254 ./Generated_Code/PE_LDD.o
 .debug_info    0x00000545       0xf8 ./Generated_Code/LEDR.o
 .debug_info    0x0000063d       0xf8 ./Generated_Code/LEDG.o
 .debug_info    0x00000735       0xf8 ./Generated_Code/LEDB.o
 .debug_info    0x0000082d      0x8b8 ./Generated_Code/Cpu.o
 .debug_info    0x000010e5      0x385 ./Generated_Code/BitIoLdd3.o
 .debug_info    0x0000146a      0x385 ./Generated_Code/BitIoLdd2.o
 .debug_info    0x000017ef      0x37f ./Generated_Code/BitIoLdd1.o
 .debug_info    0x00001b6e      0x148 ./Project_Settings/Startup_Code/__arm_start.o
 .debug_info    0x00001cb6       0x53 ./Project_Settings/Startup_Code/__arm_end.o
 .debug_info    0x00001d09       0xb4 ./Sources/ProcessorExpert.o
 .debug_info    0x00001dbd       0x8a ./Sources/Events.o
 .debug_info    0x00001e47       0xe8 C:/Freescale/CW MCU v10.7/MCU/ARM_GCC_Support/ewl/lib/armv6-m\libc.a(exit.o)
 .debug_info    0x00001f2f       0xec C:/Freescale/CW MCU v10.7/MCU/ARM_GCC_Support/ewl/lib/armv6-m\libc.a(memset.o)
 .debug_info    0x0000201b      0x137 C:/Freescale/CW MCU v10.7/MCU/ARM_GCC_Support/ewl/lib/armv6-m\libc.a(__filll_mem.o)
 .debug_info    0x00002152      0x50d C:/Freescale/CW MCU v10.7/MCU/ARM_GCC_Support/ewl/lib/armv6-m\libc.a(printformat_.o)
 .debug_info    0x0000265f      0x10b C:/Freescale/CW MCU v10.7/MCU/ARM_GCC_Support/ewl/lib/armv6-m\libc.a(strchr.o)
 .debug_info    0x0000276a       0xea C:/Freescale/CW MCU v10.7/MCU/ARM_GCC_Support/ewl/lib/armv6-m\libc.a(strlen.o)
 .debug_info    0x00002854      0x121 C:/Freescale/CW MCU v10.7/MCU/ARM_GCC_Support/ewl/lib/armv6-m\libc.a(memchr.o)
 .debug_info    0x00002975      0x136 C:/Freescale/CW MCU v10.7/MCU/ARM_GCC_Support/ewl/lib/armv6-m\librt.a(gcc_ctor_dtor.o)
 .debug_info    0x00002aab      0x2b9 C:/Freescale/CW MCU v10.7/MCU/ARM_GCC_Support/ewl/lib/armv6-m\librt.a(__arm_eabi_init.o)
 .debug_info    0x00002d64      0x19b C:/Freescale/CW MCU v10.7/MCU/ARM_GCC_Support/ewl/lib/armv6-m\librt.a(ROMCopy.o)

.debug_abbrev   0x00000000     0x13ac
 .debug_abbrev  0x00000000       0xf4 ./Generated_Code/WAIT1.o
 .debug_abbrev  0x000000f4       0xa3 ./Generated_Code/Vectors.o
 .debug_abbrev  0x00000197      0x137 ./Generated_Code/PE_LDD.o
 .debug_abbrev  0x000002ce       0xb8 ./Generated_Code/LEDR.o
 .debug_abbrev  0x00000386       0xb8 ./Generated_Code/LEDG.o
 .debug_abbrev  0x0000043e       0xb8 ./Generated_Code/LEDB.o
 .debug_abbrev  0x000004f6      0x126 ./Generated_Code/Cpu.o
 .debug_abbrev  0x0000061c      0x129 ./Generated_Code/BitIoLdd3.o
 .debug_abbrev  0x00000745      0x129 ./Generated_Code/BitIoLdd2.o
 .debug_abbrev  0x0000086e      0x138 ./Generated_Code/BitIoLdd1.o
 .debug_abbrev  0x000009a6       0xc2 ./Project_Settings/Startup_Code/__arm_start.o
 .debug_abbrev  0x00000a68       0x4c ./Project_Settings/Startup_Code/__arm_end.o
 .debug_abbrev  0x00000ab4       0x72 ./Sources/ProcessorExpert.o
 .debug_abbrev  0x00000b26       0x3d ./Sources/Events.o
 .debug_abbrev  0x00000b63       0x7a C:/Freescale/CW MCU v10.7/MCU/ARM_GCC_Support/ewl/lib/armv6-m\libc.a(exit.o)
 .debug_abbrev  0x00000bdd       0x62 C:/Freescale/CW MCU v10.7/MCU/ARM_GCC_Support/ewl/lib/armv6-m\libc.a(memset.o)
 .debug_abbrev  0x00000c3f       0x78 C:/Freescale/CW MCU v10.7/MCU/ARM_GCC_Support/ewl/lib/armv6-m\libc.a(__filll_mem.o)
 .debug_abbrev  0x00000cb7      0x200 C:/Freescale/CW MCU v10.7/MCU/ARM_GCC_Support/ewl/lib/armv6-m\libc.a(printformat_.o)
 .debug_abbrev  0x00000eb7       0x7a C:/Freescale/CW MCU v10.7/MCU/ARM_GCC_Support/ewl/lib/armv6-m\libc.a(strchr.o)
 .debug_abbrev  0x00000f31       0x7a C:/Freescale/CW MCU v10.7/MCU/ARM_GCC_Support/ewl/lib/armv6-m\libc.a(strlen.o)
 .debug_abbrev  0x00000fab       0x95 C:/Freescale/CW MCU v10.7/MCU/ARM_GCC_Support/ewl/lib/armv6-m\libc.a(memchr.o)
 .debug_abbrev  0x00001040       0x99 C:/Freescale/CW MCU v10.7/MCU/ARM_GCC_Support/ewl/lib/armv6-m\librt.a(gcc_ctor_dtor.o)
 .debug_abbrev  0x000010d9      0x1b3 C:/Freescale/CW MCU v10.7/MCU/ARM_GCC_Support/ewl/lib/armv6-m\librt.a(__arm_eabi_init.o)
 .debug_abbrev  0x0000128c      0x120 C:/Freescale/CW MCU v10.7/MCU/ARM_GCC_Support/ewl/lib/armv6-m\librt.a(ROMCopy.o)

.debug_loc      0x00000000     0x1b43
 .debug_loc     0x00000000       0xee ./Generated_Code/WAIT1.o
 .debug_loc     0x000000ee       0xe2 ./Generated_Code/PE_LDD.o
 .debug_loc     0x000001d0       0x5e ./Generated_Code/LEDR.o
 .debug_loc     0x0000022e       0x5e ./Generated_Code/LEDG.o
 .debug_loc     0x0000028c       0x5e ./Generated_Code/LEDB.o
 .debug_loc     0x000002ea       0x60 ./Generated_Code/Cpu.o
 .debug_loc     0x0000034a       0x6e ./Generated_Code/BitIoLdd3.o
 .debug_loc     0x000003b8       0x6e ./Generated_Code/BitIoLdd2.o
 .debug_loc     0x00000426       0x35 ./Generated_Code/BitIoLdd1.o
 .debug_loc     0x0000045b       0x20 ./Project_Settings/Startup_Code/__arm_end.o
 .debug_loc     0x0000047b       0x20 ./Sources/ProcessorExpert.o
 .debug_loc     0x0000049b       0x3e C:/Freescale/CW MCU v10.7/MCU/ARM_GCC_Support/ewl/lib/armv6-m\libc.a(exit.o)
 .debug_loc     0x000004d9       0x6f C:/Freescale/CW MCU v10.7/MCU/ARM_GCC_Support/ewl/lib/armv6-m\libc.a(memset.o)
 .debug_loc     0x00000548      0x14a C:/Freescale/CW MCU v10.7/MCU/ARM_GCC_Support/ewl/lib/armv6-m\libc.a(__filll_mem.o)
 .debug_loc     0x00000692     0x104b C:/Freescale/CW MCU v10.7/MCU/ARM_GCC_Support/ewl/lib/armv6-m\libc.a(printformat_.o)
 .debug_loc     0x000016dd       0xaf C:/Freescale/CW MCU v10.7/MCU/ARM_GCC_Support/ewl/lib/armv6-m\libc.a(strchr.o)
 .debug_loc     0x0000178c       0x33 C:/Freescale/CW MCU v10.7/MCU/ARM_GCC_Support/ewl/lib/armv6-m\libc.a(strlen.o)
 .debug_loc     0x000017bf       0x77 C:/Freescale/CW MCU v10.7/MCU/ARM_GCC_Support/ewl/lib/armv6-m\libc.a(memchr.o)
 .debug_loc     0x00001836       0x9d C:/Freescale/CW MCU v10.7/MCU/ARM_GCC_Support/ewl/lib/armv6-m\librt.a(gcc_ctor_dtor.o)
 .debug_loc     0x000018d3      0x197 C:/Freescale/CW MCU v10.7/MCU/ARM_GCC_Support/ewl/lib/armv6-m\librt.a(__arm_eabi_init.o)
 .debug_loc     0x00001a6a       0xd9 C:/Freescale/CW MCU v10.7/MCU/ARM_GCC_Support/ewl/lib/armv6-m\librt.a(ROMCopy.o)

.debug_aranges  0x00000000      0x440
 .debug_aranges
                0x00000000       0x50 ./Generated_Code/WAIT1.o
 .debug_aranges
                0x00000050       0x18 ./Generated_Code/Vectors.o
 .debug_aranges
                0x00000068       0x30 ./Generated_Code/PE_LDD.o
 .debug_aranges
                0x00000098       0x30 ./Generated_Code/LEDR.o
 .debug_aranges
                0x000000c8       0x30 ./Generated_Code/LEDG.o
 .debug_aranges
                0x000000f8       0x30 ./Generated_Code/LEDB.o
 .debug_aranges
                0x00000128       0x38 ./Generated_Code/Cpu.o
 .debug_aranges
                0x00000160       0x40 ./Generated_Code/BitIoLdd3.o
 .debug_aranges
                0x000001a0       0x40 ./Generated_Code/BitIoLdd2.o
 .debug_aranges
                0x000001e0       0x40 ./Generated_Code/BitIoLdd1.o
 .debug_aranges
                0x00000220       0x28 ./Project_Settings/Startup_Code/__arm_start.o
 .debug_aranges
                0x00000248       0x20 ./Project_Settings/Startup_Code/__arm_end.o
 .debug_aranges
                0x00000268       0x20 ./Sources/ProcessorExpert.o
 .debug_aranges
                0x00000288       0x20 ./Sources/Events.o
 .debug_aranges
                0x000002a8       0x20 C:/Freescale/CW MCU v10.7/MCU/ARM_GCC_Support/ewl/lib/armv6-m\libc.a(exit.o)
 .debug_aranges
                0x000002c8       0x20 C:/Freescale/CW MCU v10.7/MCU/ARM_GCC_Support/ewl/lib/armv6-m\libc.a(memset.o)
 .debug_aranges
                0x000002e8       0x20 C:/Freescale/CW MCU v10.7/MCU/ARM_GCC_Support/ewl/lib/armv6-m\libc.a(__filll_mem.o)
 .debug_aranges
                0x00000308       0x28 C:/Freescale/CW MCU v10.7/MCU/ARM_GCC_Support/ewl/lib/armv6-m\libc.a(printformat_.o)
 .debug_aranges
                0x00000330       0x20 C:/Freescale/CW MCU v10.7/MCU/ARM_GCC_Support/ewl/lib/armv6-m\libc.a(strchr.o)
 .debug_aranges
                0x00000350       0x20 C:/Freescale/CW MCU v10.7/MCU/ARM_GCC_Support/ewl/lib/armv6-m\libc.a(strlen.o)
 .debug_aranges
                0x00000370       0x20 C:/Freescale/CW MCU v10.7/MCU/ARM_GCC_Support/ewl/lib/armv6-m\libc.a(memchr.o)
 .debug_aranges
                0x00000390       0x28 C:/Freescale/CW MCU v10.7/MCU/ARM_GCC_Support/ewl/lib/armv6-m\librt.a(gcc_ctor_dtor.o)
 .debug_aranges
                0x000003b8       0x58 C:/Freescale/CW MCU v10.7/MCU/ARM_GCC_Support/ewl/lib/armv6-m\librt.a(__arm_eabi_init.o)
 .debug_aranges
                0x00000410       0x30 C:/Freescale/CW MCU v10.7/MCU/ARM_GCC_Support/ewl/lib/armv6-m\librt.a(ROMCopy.o)

.debug_macinfo  0x00000000   0x23f99a
 .debug_macinfo
                0x00000000    0x2e531 ./Generated_Code/WAIT1.o
 .debug_macinfo
                0x0002e531    0x300b5 ./Generated_Code/Vectors.o
 .debug_macinfo
                0x0005e5e6    0x3002f ./Generated_Code/PE_LDD.o
 .debug_macinfo
                0x0008e615    0x2f358 ./Generated_Code/LEDR.o
 .debug_macinfo
                0x000bd96d    0x2f358 ./Generated_Code/LEDG.o
 .debug_macinfo
                0x000eccc5    0x2f352 ./Generated_Code/LEDB.o
 .debug_macinfo
                0x0011c017    0x300b5 ./Generated_Code/Cpu.o
 .debug_macinfo
                0x0014c0cc    0x2ec65 ./Generated_Code/BitIoLdd3.o
 .debug_macinfo
                0x0017ad31    0x2ec65 ./Generated_Code/BitIoLdd2.o
 .debug_macinfo
                0x001a9996    0x2ec5f ./Generated_Code/BitIoLdd1.o
 .debug_macinfo
                0x001d85f5     0x3e5d ./Project_Settings/Startup_Code/__arm_start.o
 .debug_macinfo
                0x001dc452     0x3446 ./Project_Settings/Startup_Code/__arm_end.o
 .debug_macinfo
                0x001df898    0x30081 ./Sources/ProcessorExpert.o
 .debug_macinfo
                0x0020f919    0x30081 ./Sources/Events.o

.debug_line     0x00000000     0x34bf
 .debug_line    0x00000000      0x2dc ./Generated_Code/WAIT1.o
 .debug_line    0x000002dc      0x47c ./Generated_Code/Vectors.o
 .debug_line    0x00000758      0x378 ./Generated_Code/PE_LDD.o
 .debug_line    0x00000ad0      0x2c3 ./Generated_Code/LEDR.o
 .debug_line    0x00000d93      0x2c3 ./Generated_Code/LEDG.o
 .debug_line    0x00001056      0x2c3 ./Generated_Code/LEDB.o
 .debug_line    0x00001319      0x4f6 ./Generated_Code/Cpu.o
 .debug_line    0x0000180f      0x2ba ./Generated_Code/BitIoLdd3.o
 .debug_line    0x00001ac9      0x2ba ./Generated_Code/BitIoLdd2.o
 .debug_line    0x00001d83      0x2ba ./Generated_Code/BitIoLdd1.o
 .debug_line    0x0000203d      0x278 ./Project_Settings/Startup_Code/__arm_start.o
 .debug_line    0x000022b5      0x242 ./Project_Settings/Startup_Code/__arm_end.o
 .debug_line    0x000024f7      0x390 ./Sources/ProcessorExpert.o
 .debug_line    0x00002887      0x381 ./Sources/Events.o
 .debug_line    0x00002c08       0x8d C:/Freescale/CW MCU v10.7/MCU/ARM_GCC_Support/ewl/lib/armv6-m\libc.a(exit.o)
 .debug_line    0x00002c95       0x90 C:/Freescale/CW MCU v10.7/MCU/ARM_GCC_Support/ewl/lib/armv6-m\libc.a(memset.o)
 .debug_line    0x00002d25       0xf6 C:/Freescale/CW MCU v10.7/MCU/ARM_GCC_Support/ewl/lib/armv6-m\libc.a(__filll_mem.o)
 .debug_line    0x00002e1b      0x2c3 C:/Freescale/CW MCU v10.7/MCU/ARM_GCC_Support/ewl/lib/armv6-m\libc.a(printformat_.o)
 .debug_line    0x000030de       0x7d C:/Freescale/CW MCU v10.7/MCU/ARM_GCC_Support/ewl/lib/armv6-m\libc.a(strchr.o)
 .debug_line    0x0000315b       0x85 C:/Freescale/CW MCU v10.7/MCU/ARM_GCC_Support/ewl/lib/armv6-m\libc.a(strlen.o)
 .debug_line    0x000031e0       0x9f C:/Freescale/CW MCU v10.7/MCU/ARM_GCC_Support/ewl/lib/armv6-m\libc.a(memchr.o)
 .debug_line    0x0000327f       0x6c C:/Freescale/CW MCU v10.7/MCU/ARM_GCC_Support/ewl/lib/armv6-m\librt.a(gcc_ctor_dtor.o)
 .debug_line    0x000032eb      0x117 C:/Freescale/CW MCU v10.7/MCU/ARM_GCC_Support/ewl/lib/armv6-m\librt.a(__arm_eabi_init.o)
 .debug_line    0x00003402       0xbd C:/Freescale/CW MCU v10.7/MCU/ARM_GCC_Support/ewl/lib/armv6-m\librt.a(ROMCopy.o)

.debug_str      0x00000000     0x1092
 .debug_str     0x00000000      0x1a2 ./Generated_Code/WAIT1.o
                                0x1ce (size before relaxing)
 .debug_str     0x000001a2       0x55 ./Generated_Code/Vectors.o
                                0x17e (size before relaxing)
 .debug_str     0x000001f7      0x1a5 ./Generated_Code/PE_LDD.o
                                0x2e1 (size before relaxing)
 .debug_str     0x0000039c       0x45 ./Generated_Code/LEDR.o
                                0x194 (size before relaxing)
 .debug_str     0x000003e1       0x3f ./Generated_Code/LEDG.o
                                0x194 (size before relaxing)
 .debug_str     0x00000420       0x3f ./Generated_Code/LEDB.o
                                0x194 (size before relaxing)
 .debug_str     0x0000045f      0x2c8 ./Generated_Code/Cpu.o
                                0x428 (size before relaxing)
 .debug_str     0x00000727      0x12e ./Generated_Code/BitIoLdd3.o
                                0x2ea (size before relaxing)
 .debug_str     0x00000855       0xa0 ./Generated_Code/BitIoLdd2.o
                                0x2ea (size before relaxing)
 .debug_str     0x000008f5       0xa0 ./Generated_Code/BitIoLdd1.o
                                0x2ea (size before relaxing)
 .debug_str     0x00000995       0x85 ./Project_Settings/Startup_Code/__arm_start.o
                                0x1ac (size before relaxing)
 .debug_str     0x00000a1a       0x41 ./Project_Settings/Startup_Code/__arm_end.o
                                 0xe3 (size before relaxing)
 .debug_str     0x00000a5b       0x22 ./Sources/ProcessorExpert.o
                                0x168 (size before relaxing)
 .debug_str     0x00000a7d       0x21 ./Sources/Events.o
                                0x141 (size before relaxing)
 .debug_str     0x00000a9e       0x54 C:/Freescale/CW MCU v10.7/MCU/ARM_GCC_Support/ewl/lib/armv6-m\libc.a(exit.o)
                                0x157 (size before relaxing)
 .debug_str     0x00000af2       0x23 C:/Freescale/CW MCU v10.7/MCU/ARM_GCC_Support/ewl/lib/armv6-m\libc.a(memset.o)
                                0x140 (size before relaxing)
 .debug_str     0x00000b15       0x2d C:/Freescale/CW MCU v10.7/MCU/ARM_GCC_Support/ewl/lib/armv6-m\libc.a(__filll_mem.o)
                                0x152 (size before relaxing)
 .debug_str     0x00000b42      0x242 C:/Freescale/CW MCU v10.7/MCU/ARM_GCC_Support/ewl/lib/armv6-m\libc.a(printformat_.o)
                                0x3b3 (size before relaxing)
 .debug_str     0x00000d84       0x1c C:/Freescale/CW MCU v10.7/MCU/ARM_GCC_Support/ewl/lib/armv6-m\libc.a(strchr.o)
                                0x137 (size before relaxing)
 .debug_str     0x00000da0       0x1c C:/Freescale/CW MCU v10.7/MCU/ARM_GCC_Support/ewl/lib/armv6-m\libc.a(strlen.o)
                                0x140 (size before relaxing)
 .debug_str     0x00000dbc       0x1c C:/Freescale/CW MCU v10.7/MCU/ARM_GCC_Support/ewl/lib/armv6-m\libc.a(memchr.o)
                                0x148 (size before relaxing)
 .debug_str     0x00000dd8      0x126 C:/Freescale/CW MCU v10.7/MCU/ARM_GCC_Support/ewl/lib/armv6-m\librt.a(gcc_ctor_dtor.o)
                                0x181 (size before relaxing)
 .debug_str     0x00000efe       0xee C:/Freescale/CW MCU v10.7/MCU/ARM_GCC_Support/ewl/lib/armv6-m\librt.a(__arm_eabi_init.o)
                                0x1b5 (size before relaxing)
 .debug_str     0x00000fec       0xa6 C:/Freescale/CW MCU v10.7/MCU/ARM_GCC_Support/ewl/lib/armv6-m\librt.a(ROMCopy.o)
                                0x13c (size before relaxing)

.comment        0x00000000       0x79
 .comment       0x00000000       0x79 ./Generated_Code/WAIT1.o
                                 0x7a (size before relaxing)
 .comment       0x00000000       0x7a ./Generated_Code/Vectors.o
 .comment       0x00000000       0x7a ./Generated_Code/PE_LDD.o
 .comment       0x00000000       0x7a ./Generated_Code/LEDR.o
 .comment       0x00000000       0x7a ./Generated_Code/LEDG.o
 .comment       0x00000000       0x7a ./Generated_Code/LEDB.o
 .comment       0x00000000       0x7a ./Generated_Code/Cpu.o
 .comment       0x00000000       0x7a ./Generated_Code/BitIoLdd3.o
 .comment       0x00000000       0x7a ./Generated_Code/BitIoLdd2.o
 .comment       0x00000000       0x7a ./Generated_Code/BitIoLdd1.o
 .comment       0x00000000       0x7a ./Project_Settings/Startup_Code/__arm_start.o
 .comment       0x00000000       0x7a ./Project_Settings/Startup_Code/__arm_end.o
 .comment       0x00000000       0x7a ./Sources/ProcessorExpert.o
 .comment       0x00000000       0x7a ./Sources/Events.o
 .comment       0x00000000       0x7a C:/Freescale/CW MCU v10.7/MCU/ARM_GCC_Support/ewl/lib/armv6-m\libc.a(exit.o)
 .comment       0x00000000       0x7a C:/Freescale/CW MCU v10.7/MCU/ARM_GCC_Support/ewl/lib/armv6-m\libc.a(memset.o)
 .comment       0x00000000       0x7a C:/Freescale/CW MCU v10.7/MCU/ARM_GCC_Support/ewl/lib/armv6-m\libc.a(__filll_mem.o)
 .comment       0x00000000       0x7a C:/Freescale/CW MCU v10.7/MCU/ARM_GCC_Support/ewl/lib/armv6-m\libc.a(printformat_.o)
 .comment       0x00000000       0x7a C:/Freescale/CW MCU v10.7/MCU/ARM_GCC_Support/ewl/lib/armv6-m\libc.a(strchr.o)
 .comment       0x00000000       0x7a C:/Freescale/CW MCU v10.7/MCU/ARM_GCC_Support/ewl/lib/armv6-m\libc.a(strlen.o)
 .comment       0x00000000       0x7a C:/Freescale/CW MCU v10.7/MCU/ARM_GCC_Support/ewl/lib/armv6-m\libc.a(memchr.o)
 .comment       0x00000000       0x7a C:/Freescale/CW MCU v10.7/MCU/ARM_GCC_Support/ewl/lib/armv6-m\librt.a(gcc_ctor_dtor.o)
 .comment       0x00000000       0x7a C:/Freescale/CW MCU v10.7/MCU/ARM_GCC_Support/ewl/lib/armv6-m\librt.a(__arm_eabi_init.o)
 .comment       0x00000000       0x7a C:/Freescale/CW MCU v10.7/MCU/ARM_GCC_Support/ewl/lib/armv6-m\librt.a(ROMCopy.o)

.debug_frame    0x00000000      0x71c
 .debug_frame   0x00000000       0xb0 ./Generated_Code/WAIT1.o
 .debug_frame   0x000000b0       0x6c ./Generated_Code/PE_LDD.o
 .debug_frame   0x0000011c       0x58 ./Generated_Code/LEDR.o
 .debug_frame   0x00000174       0x58 ./Generated_Code/LEDG.o
 .debug_frame   0x000001cc       0x58 ./Generated_Code/LEDB.o
 .debug_frame   0x00000224       0x78 ./Generated_Code/Cpu.o
 .debug_frame   0x0000029c       0x60 ./Generated_Code/BitIoLdd3.o
 .debug_frame   0x000002fc       0x60 ./Generated_Code/BitIoLdd2.o
 .debug_frame   0x0000035c       0x60 ./Generated_Code/BitIoLdd1.o
 .debug_frame   0x000003bc       0x30 ./Project_Settings/Startup_Code/__arm_start.o
 .debug_frame   0x000003ec       0x28 ./Project_Settings/Startup_Code/__arm_end.o
 .debug_frame   0x00000414       0x2c ./Sources/ProcessorExpert.o
 .debug_frame   0x00000440       0x20 ./Sources/Events.o
 .debug_frame   0x00000460       0x2c C:/Freescale/CW MCU v10.7/MCU/ARM_GCC_Support/ewl/lib/armv6-m\libc.a(exit.o)
 .debug_frame   0x0000048c       0x28 C:/Freescale/CW MCU v10.7/MCU/ARM_GCC_Support/ewl/lib/armv6-m\libc.a(memset.o)
 .debug_frame   0x000004b4       0x2c C:/Freescale/CW MCU v10.7/MCU/ARM_GCC_Support/ewl/lib/armv6-m\libc.a(__filll_mem.o)
 .debug_frame   0x000004e0       0x54 C:/Freescale/CW MCU v10.7/MCU/ARM_GCC_Support/ewl/lib/armv6-m\libc.a(printformat_.o)
 .debug_frame   0x00000534       0x28 C:/Freescale/CW MCU v10.7/MCU/ARM_GCC_Support/ewl/lib/armv6-m\libc.a(strchr.o)
 .debug_frame   0x0000055c       0x28 C:/Freescale/CW MCU v10.7/MCU/ARM_GCC_Support/ewl/lib/armv6-m\libc.a(strlen.o)
 .debug_frame   0x00000584       0x28 C:/Freescale/CW MCU v10.7/MCU/ARM_GCC_Support/ewl/lib/armv6-m\libc.a(memchr.o)
 .debug_frame   0x000005ac       0x20 c:/freescale/cw mcu v10.7/cross_tools/arm-none-eabi-gcc-4_7_3/bin/../lib/gcc/arm-none-eabi/4.7.3/armv6-m\libgcc.a(_udivsi3.o)
 .debug_frame   0x000005cc       0x40 C:/Freescale/CW MCU v10.7/MCU/ARM_GCC_Support/ewl/lib/armv6-m\librt.a(gcc_ctor_dtor.o)
 .debug_frame   0x0000060c       0xbc C:/Freescale/CW MCU v10.7/MCU/ARM_GCC_Support/ewl/lib/armv6-m\librt.a(__arm_eabi_init.o)
 .debug_frame   0x000006c8       0x54 C:/Freescale/CW MCU v10.7/MCU/ARM_GCC_Support/ewl/lib/armv6-m\librt.a(ROMCopy.o)
