Archive member included because of file (symbol)

C:/Freescale/CW MCU v10.7/MCU/ARM_GCC_Support/ewl/lib/armv6-m\libc.a(exit.o)
                              ./Project_Settings/Startup_Code/__arm_start.o (exit)
C:/Freescale/CW MCU v10.7/MCU/ARM_GCC_Support/ewl/lib/armv6-m\libc.a(memset.o)
                              ./Project_Settings/Startup_Code/__arm_start.o (memset)
C:/Freescale/CW MCU v10.7/MCU/ARM_GCC_Support/ewl/lib/armv6-m\libc.a(__filll_mem.o)
                              C:/Freescale/CW MCU v10.7/MCU/ARM_GCC_Support/ewl/lib/armv6-m\libc.a(memset.o) (__fill_mem)
C:/Freescale/CW MCU v10.7/MCU/ARM_GCC_Support/ewl/lib/armv6-m\libc.a(printformat_.o)
                              (__pformatter_)
C:/Freescale/CW MCU v10.7/MCU/ARM_GCC_Support/ewl/lib/armv6-m\libc.a(scanformat_.o)
                              (__sformatter)
C:/Freescale/CW MCU v10.7/MCU/ARM_GCC_Support/ewl/lib/armv6-m\libc.a(ctype_aeabi.o)
                              C:/Freescale/CW MCU v10.7/MCU/ARM_GCC_Support/ewl/lib/armv6-m\libc.a(scanformat_.o) (isspace)
C:/Freescale/CW MCU v10.7/MCU/ARM_GCC_Support/ewl/lib/armv6-m\libc.a(__strtoul.o)
                              C:/Freescale/CW MCU v10.7/MCU/ARM_GCC_Support/ewl/lib/armv6-m\libc.a(scanformat_.o) (__strtoul)
C:/Freescale/CW MCU v10.7/MCU/ARM_GCC_Support/ewl/lib/armv6-m\libc.a(strchr.o)
                              C:/Freescale/CW MCU v10.7/MCU/ARM_GCC_Support/ewl/lib/armv6-m\libc.a(printformat_.o) (strchr)
C:/Freescale/CW MCU v10.7/MCU/ARM_GCC_Support/ewl/lib/armv6-m\libc.a(memcpy.o)
                              C:/Freescale/CW MCU v10.7/MCU/ARM_GCC_Support/ewl/lib/armv6-m\libc.a(scanformat_.o) (memcpy)
C:/Freescale/CW MCU v10.7/MCU/ARM_GCC_Support/ewl/lib/armv6-m\libc.a(strlen.o)
                              C:/Freescale/CW MCU v10.7/MCU/ARM_GCC_Support/ewl/lib/armv6-m\libc.a(printformat_.o) (strlen)
C:/Freescale/CW MCU v10.7/MCU/ARM_GCC_Support/ewl/lib/armv6-m\libc.a(memchr.o)
                              C:/Freescale/CW MCU v10.7/MCU/ARM_GCC_Support/ewl/lib/armv6-m\libc.a(printformat_.o) (memchr)
c:/freescale/cw mcu v10.7/cross_tools/arm-none-eabi-gcc-4_7_3/bin/../lib/gcc/arm-none-eabi/4.7.3/armv6-m\libgcc.a(_thumb1_case_sqi.o)
                              C:/Freescale/CW MCU v10.7/MCU/ARM_GCC_Support/ewl/lib/armv6-m\libc.a(__strtoul.o) (__gnu_thumb1_case_sqi)
c:/freescale/cw mcu v10.7/cross_tools/arm-none-eabi-gcc-4_7_3/bin/../lib/gcc/arm-none-eabi/4.7.3/armv6-m\libgcc.a(_thumb1_case_uqi.o)
                              C:/Freescale/CW MCU v10.7/MCU/ARM_GCC_Support/ewl/lib/armv6-m\libc.a(scanformat_.o) (__gnu_thumb1_case_uqi)
c:/freescale/cw mcu v10.7/cross_tools/arm-none-eabi-gcc-4_7_3/bin/../lib/gcc/arm-none-eabi/4.7.3/armv6-m\libgcc.a(_udivsi3.o)
                              C:/Freescale/CW MCU v10.7/MCU/ARM_GCC_Support/ewl/lib/armv6-m\libc.a(printformat_.o) (__aeabi_uidiv)
c:/freescale/cw mcu v10.7/cross_tools/arm-none-eabi-gcc-4_7_3/bin/../lib/gcc/arm-none-eabi/4.7.3/armv6-m\libgcc.a(_dvmd_tls.o)
                              c:/freescale/cw mcu v10.7/cross_tools/arm-none-eabi-gcc-4_7_3/bin/../lib/gcc/arm-none-eabi/4.7.3/armv6-m\libgcc.a(_udivsi3.o) (__aeabi_idiv0)
c:/freescale/cw mcu v10.7/cross_tools/arm-none-eabi-gcc-4_7_3/bin/../lib/gcc/arm-none-eabi/4.7.3/armv6-m\libgcc.a(_arm_cmpsf2.o)
                              ./Generated_Code/PpgLdd2.o (__aeabi_fcmplt)
c:/freescale/cw mcu v10.7/cross_tools/arm-none-eabi-gcc-4_7_3/bin/../lib/gcc/arm-none-eabi/4.7.3/armv6-m\libgcc.a(_fixunssfsi.o)
                              ./Generated_Code/PpgLdd2.o (__aeabi_f2uiz)
c:/freescale/cw mcu v10.7/cross_tools/arm-none-eabi-gcc-4_7_3/bin/../lib/gcc/arm-none-eabi/4.7.3/armv6-m\libgcc.a(_fixunsdfsi.o)
                              ./Sources/Stepper.o (__aeabi_d2uiz)
c:/freescale/cw mcu v10.7/cross_tools/arm-none-eabi-gcc-4_7_3/bin/../lib/gcc/arm-none-eabi/4.7.3/armv6-m\libgcc.a(divsf3.o)
                              ./Generated_Code/PpgLdd2.o (__aeabi_fdiv)
c:/freescale/cw mcu v10.7/cross_tools/arm-none-eabi-gcc-4_7_3/bin/../lib/gcc/arm-none-eabi/4.7.3/armv6-m\libgcc.a(eqsf2.o)
                              c:/freescale/cw mcu v10.7/cross_tools/arm-none-eabi-gcc-4_7_3/bin/../lib/gcc/arm-none-eabi/4.7.3/armv6-m\libgcc.a(_arm_cmpsf2.o) (__eqsf2)
c:/freescale/cw mcu v10.7/cross_tools/arm-none-eabi-gcc-4_7_3/bin/../lib/gcc/arm-none-eabi/4.7.3/armv6-m\libgcc.a(gesf2.o)
                              c:/freescale/cw mcu v10.7/cross_tools/arm-none-eabi-gcc-4_7_3/bin/../lib/gcc/arm-none-eabi/4.7.3/armv6-m\libgcc.a(_arm_cmpsf2.o) (__gesf2)
c:/freescale/cw mcu v10.7/cross_tools/arm-none-eabi-gcc-4_7_3/bin/../lib/gcc/arm-none-eabi/4.7.3/armv6-m\libgcc.a(lesf2.o)
                              c:/freescale/cw mcu v10.7/cross_tools/arm-none-eabi-gcc-4_7_3/bin/../lib/gcc/arm-none-eabi/4.7.3/armv6-m\libgcc.a(_arm_cmpsf2.o) (__lesf2)
c:/freescale/cw mcu v10.7/cross_tools/arm-none-eabi-gcc-4_7_3/bin/../lib/gcc/arm-none-eabi/4.7.3/armv6-m\libgcc.a(mulsf3.o)
[...]
Memory Configuration

Name             Origin             Length             Attributes
m_interrupts     0x00000000         0x000000c0         xr
m_text           0x00000410         0x0001fbf0         xr
m_data           0x1ffff000         0x00004000         rw
m_cfmprotrom     0x00000400         0x00000010         xr
*default*        0x00000000         0xffffffff

Linker script and memory map

LOAD ./Generated_Code/WAIT1.o
LOAD ./Generated_Code/Vectors.o
LOAD ./Generated_Code/PpgLdd2.o
LOAD ./Generated_Code/PpgLdd1.o
LOAD ./Generated_Code/PE_LDD.o
LOAD ./Generated_Code/MCUC1.o
LOAD ./Generated_Code/LiftingMotor_Step.o
LOAD ./Generated_Code/LiftingMotor_MS2.o
LOAD ./Generated_Code/LiftingMotor_MS1.o
LOAD ./Generated_Code/LiftingMotor_Enable.o
LOAD ./Generated_Code/LiftingMotor_Direction.o
LOAD ./Generated_Code/Electromagnet.o
LOAD ./Generated_Code/DrivingMotor_Step.o
LOAD ./Generated_Code/DrivingMotor_MS2.o
LOAD ./Generated_Code/DrivingMotor_MS1.o
LOAD ./Generated_Code/DrivingMotor_Enable.o
LOAD ./Generated_Code/DrivingMotor_Direction.o
LOAD ./Generated_Code/Cpu.o
LOAD ./Generated_Code/BitIoLdd9.o
LOAD ./Generated_Code/BitIoLdd8.o
LOAD ./Generated_Code/BitIoLdd7.o
LOAD ./Generated_Code/BitIoLdd6.o
LOAD ./Generated_Code/BitIoLdd5.o
LOAD ./Generated_Code/BitIoLdd4.o
LOAD ./Generated_Code/BitIoLdd3.o
LOAD ./Generated_Code/BitIoLdd2.o
LOAD ./Generated_Code/BitIoLdd1.o
LOAD ./Project_Settings/Startup_Code/__arm_start.o
LOAD ./Project_Settings/Startup_Code/__arm_end.o
LOAD ./Sources/sa_mtb.o
LOAD ./Sources/main.o
LOAD ./Sources/Stepper.o
LOAD ./Sources/Events.o
LOAD ./Sources/Application.o
                0x00001ed0                __pformatter = __pformatter_
                [0x000022f8]                __sformatter = __sformatter
START GROUP
LOAD C:/Freescale/CW MCU v10.7/MCU/ARM_GCC_Support/ewl/lib/armv6-m\libc.a
LOAD C:/Freescale/CW MCU v10.7/MCU/ARM_GCC_Support/ewl/lib/armv6-m\libm.a
LOAD c:/freescale/cw mcu v10.7/cross_tools/arm-none-eabi-gcc-4_7_3/bin/../lib/gcc/arm-none-eabi/4.7.3/armv6-m\libgcc.a
LOAD C:/Freescale/CW MCU v10.7/MCU/ARM_GCC_Support/ewl/lib/armv6-m\librt.a
LOAD C:/Freescale/CW MCU v10.7/MCU/ARM_GCC_Support/ewl/lib/armv6-m\libuart.a
END GROUP
                0x20003000                _estack = 0x20003000
                0x20003000                __SP_INIT = _estack
                0x00000000                __heap_size = 0x0
                0x00000400                __stack_size = 0x400

.interrupts     0x00000000       0xc0
                0x00000000                __vector_table = .
                0x00000000                . = ALIGN (0x4)
 *(.vectortable)
 .vectortable   0x00000000       0xc0 ./Generated_Code/Vectors.o
                0x00000000                __vect_table
                0x000000c0                . = ALIGN (0x4)

.cfmprotect     0x00000400       0x10
                0x00000400                . = ALIGN (0x4)
 *(.cfmconfig)
 .cfmconfig     0x00000400       0x10 ./Generated_Code/Cpu.o
                0x00000400                _cfm
                0x00000410                . = ALIGN (0x4)

.text           0x00000410     0x2a8c
                0x00000410                . = ALIGN (0x4)
 *(.text)
 .text          0x00000410       0x14 c:/freescale/cw mcu v10.7/cross_tools/arm-none-eabi-gcc-4_7_3/bin/../lib/gcc/arm-none-eabi/4.7.3/armv6-m\libgcc.a(_thumb1_case_sqi.o)
                0x00000410                __gnu_thumb1_case_sqi
 .text          0x00000424       0x14 c:/freescale/cw mcu v10.7/cross_tools/arm-none-eabi-gcc-4_7_3/bin/../lib/gcc/arm-none-eabi/4.7.3/armv6-m\libgcc.a(_thumb1_case_uqi.o)
                0x00000424                __gnu_thumb1_case_uqi
 .text          0x00000438       0x9c c:/freescale/cw mcu v10.7/cross_tools/arm-none-eabi-gcc-4_7_3/bin/../lib/gcc/arm-none-eabi/4.7.3/armv6-m\libgcc.a(_udivsi3.o)
                0x00000438                __aeabi_uidiv
                0x00000438                __udivsi3
                0x000004c0                __aeabi_uidivmod
 .text          0x000004d4        0x4 c:/freescale/cw mcu v10.7/cross_tools/arm-none-eabi-gcc-4_7_3/bin/../lib/gcc/arm-none-eabi/4.7.3/armv6-m\libgcc.a(_dvmd_tls.o)
                0x000004d4                __aeabi_idiv0
                0x000004d4                __aeabi_ldiv0
 .text          0x000004d8       0x74 c:/freescale/cw mcu v10.7/cross_tools/arm-none-eabi-gcc-4_7_3/bin/../lib/gcc/arm-none-eabi/4.7.3/armv6-m\libgcc.a(_arm_cmpsf2.o)
                0x000004d8                __aeabi_cfrcmple
                0x000004e0                __aeabi_cfcmpeq
                0x000004e0                __aeabi_cfcmple
                0x000004f0                __aeabi_fcmpeq
                0x000004fc                __aeabi_fcmplt
                0x00000510                __aeabi_fcmple
                0x00000524                __aeabi_fcmpgt
                0x00000538                __aeabi_fcmpge
 .text          0x0000054c       0x30 c:/freescale/cw mcu v10.7/cross_tools/arm-none-eabi-gcc-4_7_3/bin/../lib/gcc/arm-none-eabi/4.7.3/armv6-m\libgcc.a(_fixunssfsi.o)
                0x0000054c                __fixunssfsi
                0x0000054c                __aeabi_f2uiz
 .text          0x0000057c      0x274 c:/freescale/cw mcu v10.7/cross_tools/arm-none-eabi-gcc-4_7_3/bin/../lib/gcc/arm-none-eabi/4.7.3/armv6-m\libgcc.a(divsf3.o)
                0x0000057c                __aeabi_fdiv
 .text          0x000007f0       0x50 c:/freescale/cw mcu v10.7/cross_tools/arm-none-eabi-gcc-4_7_3/bin/../lib/gcc/arm-none-eabi/4.7.3/armv6-m\libgcc.a(eqsf2.o)
                0x000007f0                __eqsf2
                0x000007f0                __nesf2
 .text          0x00000840       0x90 c:/freescale/cw mcu v10.7/cross_tools/arm-none-eabi-gcc-4_7_3/bin/../lib/gcc/arm-none-eabi/4.7.3/armv6-m\libgcc.a(gesf2.o)
                0x00000840                __gesf2
                0x00000840                __gtsf2
 .text          0x000008d0       0x90 c:/freescale/cw mcu v10.7/cross_tools/arm-none-eabi-gcc-4_7_3/bin/../lib/gcc/arm-none-eabi/4.7.3/armv6-m\libgcc.a(lesf2.o)
                0x000008d0                __ltsf2
                0x000008d0                __lesf2
 .text          0x00000960      0x3ac c:/freescale/cw mcu v10.7/cross_tools/arm-none-eabi-gcc-4_7_3/bin/../lib/gcc/arm-none-eabi/4.7.3/armv6-m\libgcc.a(subsf3.o)
                0x00000960                __aeabi_fsub
 .text          0x00000d0c       0x40 c:/freescale/cw mcu v10.7/cross_tools/arm-none-eabi-gcc-4_7_3/bin/../lib/gcc/arm-none-eabi/4.7.3/armv6-m\libgcc.a(fixsfsi.o)
                0x00000d0c                __aeabi_f2iz
 .text          0x00000d4c       0xa8 c:/freescale/cw mcu v10.7/cross_tools/arm-none-eabi-gcc-4_7_3/bin/../lib/gcc/arm-none-eabi/4.7.3/armv6-m\libgcc.a(floatsisf.o)
                0x00000d4c                __aeabi_i2f
 .text          0x00000df4       0x3c c:/freescale/cw mcu v10.7/cross_tools/arm-none-eabi-gcc-4_7_3/bin/../lib/gcc/arm-none-eabi/4.7.3/armv6-m\libgcc.a(_clzsi2.o)
                0x00000df4                __clzsi2
 *(.text*)
 .text.WAIT1_Init
                0x00000e30        0x8 ./Generated_Code/WAIT1.o
                0x00000e30                WAIT1_Init
 .text.PpgLdd2_Init
                0x00000e38      0x10c ./Generated_Code/PpgLdd2.o
                0x00000e38                PpgLdd2_Init
 .text.PpgLdd2_Disable
                0x00000f44       0x28 ./Generated_Code/PpgLdd2.o
                0x00000f44                PpgLdd2_Disable
 .text.PpgLdd2_Interrupt
                0x00000f6c       0x30 ./Generated_Code/PpgLdd2.o
                0x00000f6c                PpgLdd2_Interrupt
 .text.PpgLdd1_Init
                0x00000f9c       0xf4 ./Generated_Code/PpgLdd1.o
                0x00000f9c                PpgLdd1_Init
 .text.PpgLdd1_Enable
                0x00001090       0x30 ./Generated_Code/PpgLdd1.o
                0x00001090                PpgLdd1_Enable
 .text.PpgLdd1_Disable
                0x000010c0       0x28 ./Generated_Code/PpgLdd1.o
                0x000010c0                PpgLdd1_Disable
 .text.PpgLdd1_SetFrequencyHz
                0x000010e8       0x7c ./Generated_Code/PpgLdd1.o
                0x000010e8                PpgLdd1_SetFrequencyHz
 .text.PpgLdd1_Interrupt
                0x00001164       0x30 ./Generated_Code/PpgLdd1.o
                0x00001164                PpgLdd1_Interrupt
 .text.SetRatio
                0x00001194       0x40 ./Generated_Code/PpgLdd1.o
 .text.LiftingMotor_Step_SetFreqHz
                0x000011d4       0x48 ./Generated_Code/LiftingMotor_Step.o
                0x000011d4                LiftingMotor_Step_SetFreqHz
 .text.PpgLdd1_OnEnd
                0x0000121c       0x14 ./Generated_Code/LiftingMotor_Step.o
                0x0000121c                PpgLdd1_OnEnd
 .text.PpgLdd2_OnEnd
                0x00001230       0x14 ./Generated_Code/DrivingMotor_Step.o
                0x00001230                PpgLdd2_OnEnd
 .text.Cpu_INT_NMIInterrupt
                0x00001244        0xc ./Generated_Code/Cpu.o
                0x00001244                Cpu_INT_NMIInterrupt
 .text.Cpu_Interrupt
                0x00001250        0xc ./Generated_Code/Cpu.o
                0x00001250                Cpu_Interrupt
 .text.__init_hardware
                0x0000125c      0x110 ./Generated_Code/Cpu.o
                0x0000125c                __init_hardware
 .text.PE_low_level_init
                0x0000136c      0x110 ./Generated_Code/Cpu.o
                0x0000136c                PE_low_level_init
 .text.BitIoLdd9_Init
                0x0000147c       0x60 ./Generated_Code/BitIoLdd9.o
                0x0000147c                BitIoLdd9_Init
 .text.BitIoLdd9_SetVal
                0x000014dc       0x18 ./Generated_Code/BitIoLdd9.o
                0x000014dc                BitIoLdd9_SetVal
 .text.BitIoLdd8_Init
                0x000014f4       0x60 ./Generated_Code/BitIoLdd8.o
                0x000014f4                BitIoLdd8_Init
 .text.BitIoLdd8_SetVal
                0x00001554       0x18 ./Generated_Code/BitIoLdd8.o
                0x00001554                BitIoLdd8_SetVal
 .text.BitIoLdd7_Init
                0x0000156c       0x60 ./Generated_Code/BitIoLdd7.o
                0x0000156c                BitIoLdd7_Init
 .text.BitIoLdd6_Init
                0x000015cc       0x60 ./Generated_Code/BitIoLdd6.o
                0x000015cc                BitIoLdd6_Init
 .text.BitIoLdd5_Init
                0x0000162c       0x68 ./Generated_Code/BitIoLdd5.o
                0x0000162c                BitIoLdd5_Init
 .text.BitIoLdd5_ClrVal
                0x00001694       0x1c ./Generated_Code/BitIoLdd5.o
                0x00001694                BitIoLdd5_ClrVal
 .text.BitIoLdd4_Init
                0x000016b0       0x68 ./Generated_Code/BitIoLdd4.o
                0x000016b0                BitIoLdd4_Init
 .text.BitIoLdd4_ClrVal
                0x00001718       0x1c ./Generated_Code/BitIoLdd4.o
                0x00001718                BitIoLdd4_ClrVal
 .text.BitIoLdd4_SetVal
                0x00001734       0x1c ./Generated_Code/BitIoLdd4.o
                0x00001734                BitIoLdd4_SetVal
 .text.BitIoLdd3_Init
                0x00001750       0x68 ./Generated_Code/BitIoLdd3.o
                0x00001750                BitIoLdd3_Init
 .text.BitIoLdd2_Init
                0x000017b8       0x68 ./Generated_Code/BitIoLdd2.o
                0x000017b8                BitIoLdd2_Init
 .text.BitIoLdd2_SetVal
                0x00001820       0x1c ./Generated_Code/BitIoLdd2.o
                0x00001820                BitIoLdd2_SetVal
 .text.BitIoLdd1_Init
                0x0000183c       0x68 ./Generated_Code/BitIoLdd1.o
                0x0000183c                BitIoLdd1_Init
 .text.zero_fill_bss
                0x000018a4       0x24 ./Project_Settings/Startup_Code/__arm_start.o
 .text.__thumb_startup
                0x000018c8       0x30 ./Project_Settings/Startup_Code/__arm_start.o
                0x000018c8                __thumb_startup
 .text._ExitProcess
                0x000018f8        0xc ./Project_Settings/Startup_Code/__arm_end.o
                0x000018f8                _ExitProcess
 .text.main     0x00001904       0x14 ./Sources/main.o
                0x00001904                main
 .text.StepperInit
                0x00001918       0xfc ./Sources/Stepper.o
                0x00001918                StepperInit
 .text.Stepper_TestApplication
                0x00001a14       0x20 ./Sources/Stepper.o
                0x00001a14                Stepper_TestApplication
 .text.LiftingMotor_Move
                0x00001a34       0xbc ./Sources/Stepper.o
                0x00001a34                LiftingMotor_Move
 .text.DrivingMotor_Event
                0x00001af0        0x8 ./Sources/Stepper.o
                0x00001af0                DrivingMotor_Event
 .text.LiftingMotor_Event
                0x00001af8      0x158 ./Sources/Stepper.o
                0x00001af8                LiftingMotor_Event
 .text.Cpu_OnNMIINT
                0x00001c50        0x8 ./Sources/Events.o
                0x00001c50                Cpu_OnNMIINT
 .text.DrivingMotor_Step_OnEnd
                0x00001c58        0xc ./Sources/Events.o
                0x00001c58                DrivingMotor_Step_OnEnd
 .text.LiftingMotor_Step_OnEnd
                0x00001c64        0xc ./Sources/Events.o
                0x00001c64                LiftingMotor_Step_OnEnd
 .text.exit     0x00001c70       0x38 C:/Freescale/CW MCU v10.7/MCU/ARM_GCC_Support/ewl/lib/armv6-m\libc.a(exit.o)
                0x00001c70                exit
 .text.memset   0x00001ca8        0xc C:/Freescale/CW MCU v10.7/MCU/ARM_GCC_Support/ewl/lib/armv6-m\libc.a(memset.o)
                0x00001ca8                memset
 .text.__fill_mem
                0x00001cb4       0x7e C:/Freescale/CW MCU v10.7/MCU/ARM_GCC_Support/ewl/lib/armv6-m\libc.a(__filll_mem.o)
                0x00001cb4                __fill_mem
 *fill*         0x00001d32        0x2 00
 .text.long2str.isra.0
                0x00001d34      0x19c C:/Freescale/CW MCU v10.7/MCU/ARM_GCC_Support/ewl/lib/armv6-m\libc.a(printformat_.o)
 .text.__pformatter_
                0x00001ed0      0x428 C:/Freescale/CW MCU v10.7/MCU/ARM_GCC_Support/ewl/lib/armv6-m\libc.a(printformat_.o)
                0x00001ed0                __pformatter_
 .text.__sformatter
                0x000022f8      0x698 C:/Freescale/CW MCU v10.7/MCU/ARM_GCC_Support/ewl/lib/armv6-m\libc.a(scanformat_.o)
                0x000022f8                __sformatter
 .text.isalpha  0x00002990       0x20 C:/Freescale/CW MCU v10.7/MCU/ARM_GCC_Support/ewl/lib/armv6-m\libc.a(ctype_aeabi.o)
                0x00002990                isalpha
 .text.isspace  0x000029b0       0x20 C:/Freescale/CW MCU v10.7/MCU/ARM_GCC_Support/ewl/lib/armv6-m\libc.a(ctype_aeabi.o)
                0x000029b0                isspace
 .text.toupper  0x000029d0        0xe C:/Freescale/CW MCU v10.7/MCU/ARM_GCC_Support/ewl/lib/armv6-m\libc.a(ctype_aeabi.o)
                0x000029d0                toupper
 .text.__strtoul
                0x000029de      0x1ce C:/Freescale/CW MCU v10.7/MCU/ARM_GCC_Support/ewl/lib/armv6-m\libc.a(__strtoul.o)
                0x000029de                __strtoul
 .text.strchr   0x00002bac       0x1e C:/Freescale/CW MCU v10.7/MCU/ARM_GCC_Support/ewl/lib/armv6-m\libc.a(strchr.o)
                0x00002bac                strchr
 .text.memcpy   0x00002bca       0x12 C:/Freescale/CW MCU v10.7/MCU/ARM_GCC_Support/ewl/lib/armv6-m\libc.a(memcpy.o)
                0x00002bca                memcpy
 .text.strlen   0x00002bdc       0x10 C:/Freescale/CW MCU v10.7/MCU/ARM_GCC_Support/ewl/lib/armv6-m\libc.a(strlen.o)
                0x00002bdc                strlen
 .text.memchr   0x00002bec       0x1a C:/Freescale/CW MCU v10.7/MCU/ARM_GCC_Support/ewl/lib/armv6-m\libc.a(memchr.o)
                0x00002bec                memchr
 *fill*         0x00002c06        0x2 00
 .text.__init_cpp
                0x00002c08       0x48 C:/Freescale/CW MCU v10.7/MCU/ARM_GCC_Support/ewl/lib/armv6-m\librt.a(gcc_ctor_dtor.o)
                0x00002c08                __init_cpp
 .text.__fini_cpp
                0x00002c50       0x34 C:/Freescale/CW MCU v10.7/MCU/ARM_GCC_Support/ewl/lib/armv6-m\librt.a(gcc_ctor_dtor.o)
                0x00002c50                __fini_cpp
 .text.__destroy_global_chain
                0x00002c84       0x1c C:/Freescale/CW MCU v10.7/MCU/ARM_GCC_Support/ewl/lib/armv6-m\librt.a(__arm_eabi_init.o)
                0x00002c84                __destroy_global_chain
 .text.__init_registers
                0x00002ca0       0x1c C:/Freescale/CW MCU v10.7/MCU/ARM_GCC_Support/ewl/lib/armv6-m\librt.a(__arm_eabi_init.o)
                0x00002ca0                __init_registers
 .text.__init_user
                0x00002cbc        0x4 C:/Freescale/CW MCU v10.7/MCU/ARM_GCC_Support/ewl/lib/armv6-m\librt.a(__arm_eabi_init.o)
                0x00002cbc                __init_user
 .text.__copy_rom_section
                0x00002cc0       0x48 C:/Freescale/CW MCU v10.7/MCU/ARM_GCC_Support/ewl/lib/armv6-m\librt.a(ROMCopy.o)
                0x00002cc0                __copy_rom_section
 .text.__copy_rom_sections_to_ram
                0x00002d08       0x34 C:/Freescale/CW MCU v10.7/MCU/ARM_GCC_Support/ewl/lib/armv6-m\librt.a(ROMCopy.o)
                0x00002d08                __copy_rom_sections_to_ram
 *(.rodata)
 .rodata        0x00002d3c       0x40 c:/freescale/cw mcu v10.7/cross_tools/arm-none-eabi-gcc-4_7_3/bin/../lib/gcc/arm-none-eabi/4.7.3/armv6-m\libgcc.a(divsf3.o)
 *(.rodata*)
 .rodata.LiftingMotor_Event
                0x00002d7c       0x14 ./Sources/Stepper.o
 .rodata.str1.1
                0x00002d90        0x1 C:/Freescale/CW MCU v10.7/MCU/ARM_GCC_Support/ewl/lib/armv6-m\libc.a(printformat_.o)
 .rodata.CSWTCH.20
                0x00002d91        0x5 C:/Freescale/CW MCU v10.7/MCU/ARM_GCC_Support/ewl/lib/armv6-m\libc.a(printformat_.o)
 .rodata.CSWTCH.21
                0x00002d96        0x5 C:/Freescale/CW MCU v10.7/MCU/ARM_GCC_Support/ewl/lib/armv6-m\libc.a(printformat_.o)
 .rodata.__aeabi_ctype_table_C
                0x00002d9b      0x101 C:/Freescale/CW MCU v10.7/MCU/ARM_GCC_Support/ewl/lib/armv6-m\libc.a(ctype_aeabi.o)
                0x00002d9b                __aeabi_ctype_table_C
 *(.glue_7)
 .glue_7        0x00000000        0x0 linker stubs
 *(.glue_7t)
 .glue_7t       0x00000000        0x0 linker stubs
 *(.eh_frame)
 *(.init)
 *(.fini)
                0x00002e9c                . = ALIGN (0x4)
                0x00002e9c                _etext = .

.vfp11_veneer   0x00002e9c        0x0
 .vfp11_veneer  0x00000000        0x0 linker stubs

.v4_bx          0x00002e9c        0x0
 .v4_bx         0x00000000        0x0 linker stubs

.iplt           0x00002e9c        0x0
 .iplt          0x00000000        0x0 ./Generated_Code/WAIT1.o

.rel.dyn        0x00002e9c        0x0
 .rel.iplt      0x00000000        0x0 ./Generated_Code/WAIT1.o

.ARM.extab
 *(.ARM.extab* .gnu.linkonce.armextab.*)

.ARM            0x00002e9c        0x0
                0x00002e9c                __exidx_start = .
 *(.ARM.exidx*)
                0x00002e9c                __exidx_end = .

.ctors          0x00002e9c        0x0
                0x00002e9c                __CTOR_LIST__ = .
 *crtbegin.o(.ctors)
 *(EXCLUDE_FILE(*crtend.o) .ctors)
 *(SORT(.ctors.*))
 *(.ctors)
                0x00002e9c                __CTOR_END__ = .

.dtors          0x00002e9c        0x0
                0x00002e9c                __DTOR_LIST__ = .
 *crtbegin.o(.dtors)
 *(EXCLUDE_FILE(*crtend.o) .dtors)
 *(SORT(.dtors.*))
 *(.dtors)
                0x00002e9c                __DTOR_END__ = .

.preinit_array  0x00002e9c        0x0
                0x00002e9c                PROVIDE (__preinit_array_start, .)
 *(.preinit_array*)
                0x00002e9c                PROVIDE (__preinit_array_end, .)

.init_array     0x00002e9c        0x0
                0x00002e9c                PROVIDE (__init_array_start, .)
 *(SORT(.init_array.*))
 *(.init_array*)
                0x00002e9c                PROVIDE (__init_array_end, .)

.fini_array     0x00002e9c        0x0
                0x00002e9c                PROVIDE (__fini_array_start, .)
 *(SORT(.fini_array.*))
 *(.fini_array*)
                0x00002e9c                PROVIDE (__fini_array_end, .)
                0x00002e9c                ___ROM_AT = .

.mtb            0x1ffff000        0x0
                0x1ffff000                . = ALIGN (0x8)
                0x1ffff000                _mtb_start = .
 *(.mtb_buf)
                0x1ffff000                . = ALIGN (0x8)
                0x1ffff000                _mtb_end = .

.data           0x1ffff000        0x4 load address 0x00002e9c
                0x1ffff000                . = ALIGN (0x4)
                0x1ffff000                _sdata = .
 *(.data)
 *(.data*)
 .data.liftingMotor_accelarationInkrement
                0x1ffff000        0x1 ./Sources/Stepper.o
                0x1ffff004                . = ALIGN (0x4)
 *fill*         0x1ffff001        0x3 00
                0x1ffff004                _edata = .
                0x00000004                ___data_size = (_edata - _sdata)

.igot.plt       0x1ffff004        0x0 load address 0x00002ea0
 .igot.plt      0x00000000        0x0 ./Generated_Code/WAIT1.o
                0x1ffff004                . = ALIGN (0x4)

.bss            0x1ffff004       0xcc load address 0x00002ea0
                0x1ffff004                __START_BSS = .
                0x1ffff004                PROVIDE (__bss_start__, __START_BSS)
 *(.bss)
 *(.bss*)
 .bss.DeviceDataPrv__DEFAULT_RTOS_ALLOC
                0x1ffff004       0x10 ./Generated_Code/PpgLdd2.o
 .bss.INT_TPM0__DEFAULT_RTOS_ISRPARAM
                0x1ffff014        0x4 ./Generated_Code/PpgLdd2.o
 .bss.DeviceDataPrv__DEFAULT_RTOS_ALLOC
                0x1ffff018       0x10 ./Generated_Code/PpgLdd1.o
 .bss.INT_TPM1__DEFAULT_RTOS_ISRPARAM
                0x1ffff028        0x4 ./Generated_Code/PpgLdd1.o
 .bss.PE_LDD_DeviceDataList
                0x1ffff02c       0x2c ./Generated_Code/PE_LDD.o
                0x1ffff02c                PE_LDD_DeviceDataList
 .bss.DeviceDataPrv__DEFAULT_RTOS_ALLOC
                0x1ffff058        0x4 ./Generated_Code/BitIoLdd9.o
 .bss.DeviceDataPrv__DEFAULT_RTOS_ALLOC
                0x1ffff05c        0x4 ./Generated_Code/BitIoLdd8.o
 .bss.DeviceDataPrv__DEFAULT_RTOS_ALLOC
                0x1ffff060        0x4 ./Generated_Code/BitIoLdd7.o
 .bss.DeviceDataPrv__DEFAULT_RTOS_ALLOC
                0x1ffff064        0x4 ./Generated_Code/BitIoLdd6.o
 .bss.DeviceDataPrv__DEFAULT_RTOS_ALLOC
                0x1ffff068        0x4 ./Generated_Code/BitIoLdd5.o
 .bss.DeviceDataPrv__DEFAULT_RTOS_ALLOC
                0x1ffff06c        0x4 ./Generated_Code/BitIoLdd4.o
 .bss.DeviceDataPrv__DEFAULT_RTOS_ALLOC
                0x1ffff070        0x4 ./Generated_Code/BitIoLdd3.o
 .bss.DeviceDataPrv__DEFAULT_RTOS_ALLOC
                0x1ffff074        0x4 ./Generated_Code/BitIoLdd2.o
 .bss.DeviceDataPrv__DEFAULT_RTOS_ALLOC
                0x1ffff078        0x4 ./Generated_Code/BitIoLdd1.o
 .bss.argv      0x1ffff07c        0x4 ./Project_Settings/Startup_Code/__arm_start.o
 .bss.liftingMotor_accelarationSteps
                0x1ffff080        0x4 ./Sources/Stepper.o
 .bss.liftingMotor_cruisingSteps
                0x1ffff084        0x4 ./Sources/Stepper.o
 .bss.liftingMotor_continuous
                0x1ffff088        0x1 ./Sources/Stepper.o
 .bss.liftingMotor_stopped
                0x1ffff089        0x1 ./Sources/Stepper.o
 .bss.liftingMotor_brakes
                0x1ffff08a        0x1 ./Sources/Stepper.o
 .bss.liftingMotor_finished
                0x1ffff08b        0x1 ./Sources/Stepper.o
 .bss.drivingMotor_continuous
                0x1ffff08c        0x1 ./Sources/Stepper.o
 .bss.drivingMotor_stopped
                0x1ffff08d        0x1 ./Sources/Stepper.o
 .bss.drivingMotor_brakes
                0x1ffff08e        0x1 ./Sources/Stepper.o
 *fill*         0x1ffff08f        0x1 00
 .bss.__stdio_exit
                0x1ffff090        0x4 C:/Freescale/CW MCU v10.7/MCU/ARM_GCC_Support/ewl/lib/armv6-m\libc.a(exit.o)
                0x1ffff090                __stdio_exit
 .bss.__console_exit
                0x1ffff094        0x4 C:/Freescale/CW MCU v10.7/MCU/ARM_GCC_Support/ewl/lib/armv6-m\libc.a(exit.o)
                0x1ffff094                __console_exit
 .bss.__global_destructor_chain
                0x1ffff098        0x4 C:/Freescale/CW MCU v10.7/MCU/ARM_GCC_Support/ewl/lib/armv6-m\librt.a(__arm_eabi_init.o)
                0x1ffff098                __global_destructor_chain
 .bss.__S_romp  0x1ffff09c        0xc C:/Freescale/CW MCU v10.7/MCU/ARM_GCC_Support/ewl/lib/armv6-m\librt.a(ROMCopy.o)
 *(COMMON)
 COMMON         0x1ffff0a8       0x28 ./Sources/Stepper.o
                0x1ffff0a8                DrivingMotor
                0x1ffff0bc                LiftingMotor
                0x1ffff0d0                . = ALIGN (0x4)
                0x1ffff0d0                __END_BSS = .
                0x1ffff0d0                PROVIDE (__bss_end__, __END_BSS)
                0x00002ea0                _romp_at = (___ROM_AT + SIZEOF (.data))

.romp           0x1ffff0d0       0x18 load address 0x00002ea0
                0x00002ea0                __S_romp = _romp_at
                0x1ffff0d0        0x4 LONG 0x2e9c ___ROM_AT
                0x1ffff0d4        0x4 LONG 0x1ffff000 _sdata
                0x1ffff0d8        0x4 LONG 0x4 ___data_size
                0x1ffff0dc        0x4 LONG 0x0
                0x1ffff0e0        0x4 LONG 0x0
                0x1ffff0e4        0x4 LONG 0x0

._user_heap_stack
                0x1ffff0e8      0x400 load address 0x00002eb8
                0x1ffff0e8                . = ALIGN (0x4)
                0x1ffff0e8                PROVIDE (end, .)
                0x1ffff0e8                PROVIDE (_end, .)
                0x1ffff0e8                __heap_addr = .
                0x1ffff0e8                . = (. + __heap_size)
                0x1ffff4e8                . = (. + __stack_size)
 *fill*         0x1ffff0e8      0x400 00
                0x1ffff4e8                . = ALIGN (0x4)

.ARM.attributes
                0x00000000       0x31
 *(.ARM.attributes)
 .ARM.attributes
                0x00000000       0x31 ./Generated_Code/WAIT1.o
 .ARM.attributes
                0x00000031       0x31 ./Generated_Code/Vectors.o
 .ARM.attributes
                0x00000062       0x31 ./Generated_Code/PpgLdd2.o
 .ARM.attributes
                0x00000093       0x31 ./Generated_Code/PpgLdd1.o
 .ARM.attributes
                0x000000c4       0x31 ./Generated_Code/PE_LDD.o
 .ARM.attributes
                0x000000f5       0x31 ./Generated_Code/LiftingMotor_Step.o
 .ARM.attributes
                0x00000126       0x31 ./Generated_Code/DrivingMotor_Step.o
 .ARM.attributes
                0x00000157       0x31 ./Generated_Code/Cpu.o
 .ARM.attributes
                0x00000188       0x31 ./Generated_Code/BitIoLdd9.o
 .ARM.attributes
                0x000001b9       0x31 ./Generated_Code/BitIoLdd8.o
 .ARM.attributes
                0x000001ea       0x31 ./Generated_Code/BitIoLdd7.o
 .ARM.attributes
                0x0000021b       0x31 ./Generated_Code/BitIoLdd6.o
 .ARM.attributes
                0x0000024c       0x31 ./Generated_Code/BitIoLdd5.o
 .ARM.attributes
                0x0000027d       0x31 ./Generated_Code/BitIoLdd4.o
 .ARM.attributes
                0x000002ae       0x31 ./Generated_Code/BitIoLdd3.o
 .ARM.attributes
                0x000002df       0x31 ./Generated_Code/BitIoLdd2.o
 .ARM.attributes
                0x00000310       0x31 ./Generated_Code/BitIoLdd1.o
 .ARM.attributes
                0x00000341       0x31 ./Project_Settings/Startup_Code/__arm_start.o
 .ARM.attributes
                0x00000372       0x31 ./Project_Settings/Startup_Code/__arm_end.o
 .ARM.attributes
                0x000003a3       0x31 ./Sources/main.o
 .ARM.attributes
                0x000003d4       0x31 ./Sources/Stepper.o
 .ARM.attributes
                0x00000405       0x31 ./Sources/Events.o
 .ARM.attributes
                0x00000436       0x31 C:/Freescale/CW MCU v10.7/MCU/ARM_GCC_Support/ewl/lib/armv6-m\libc.a(exit.o)
 .ARM.attributes
                0x00000467       0x31 C:/Freescale/CW MCU v10.7/MCU/ARM_GCC_Support/ewl/lib/armv6-m\libc.a(memset.o)
 .ARM.attributes
                0x00000498       0x31 C:/Freescale/CW MCU v10.7/MCU/ARM_GCC_Support/ewl/lib/armv6-m\libc.a(__filll_mem.o)
 .ARM.attributes
                0x000004c9       0x31 C:/Freescale/CW MCU v10.7/MCU/ARM_GCC_Support/ewl/lib/armv6-m\libc.a(printformat_.o)
 .ARM.attributes
                0x000004fa       0x31 C:/Freescale/CW MCU v10.7/MCU/ARM_GCC_Support/ewl/lib/armv6-m\libc.a(scanformat_.o)
 .ARM.attributes
                0x0000052b       0x31 C:/Freescale/CW MCU v10.7/MCU/ARM_GCC_Support/ewl/lib/armv6-m\libc.a(ctype_aeabi.o)
 .ARM.attributes
                0x0000055c       0x31 C:/Freescale/CW MCU v10.7/MCU/ARM_GCC_Support/ewl/lib/armv6-m\libc.a(__strtoul.o)
 .ARM.attributes
                0x0000058d       0x31 C:/Freescale/CW MCU v10.7/MCU/ARM_GCC_Support/ewl/lib/armv6-m\libc.a(strchr.o)
 .ARM.attributes
                0x000005be       0x31 C:/Freescale/CW MCU v10.7/MCU/ARM_GCC_Support/ewl/lib/armv6-m\libc.a(memcpy.o)
 .ARM.attributes
                0x000005ef       0x31 C:/Freescale/CW MCU v10.7/MCU/ARM_GCC_Support/ewl/lib/armv6-m\libc.a(strlen.o)
 .ARM.attributes
                0x00000620       0x31 C:/Freescale/CW MCU v10.7/MCU/ARM_GCC_Support/ewl/lib/armv6-m\libc.a(memchr.o)
 .ARM.attributes
                0x00000651       0x1e c:/freescale/cw mcu v10.7/cross_tools/arm-none-eabi-gcc-4_7_3/bin/../lib/gcc/arm-none-eabi/4.7.3/armv6-m\libgcc.a(_thumb1_case_sqi.o)
 .ARM.attributes
                0x0000066f       0x1e c:/freescale/cw mcu v10.7/cross_tools/arm-none-eabi-gcc-4_7_3/bin/../lib/gcc/arm-none-eabi/4.7.3/armv6-m\libgcc.a(_thumb1_case_uqi.o)
 .ARM.attributes
                0x0000068d       0x1e c:/freescale/cw mcu v10.7/cross_tools/arm-none-eabi-gcc-4_7_3/bin/../lib/gcc/arm-none-eabi/4.7.3/armv6-m\libgcc.a(_udivsi3.o)
 .ARM.attributes
                0x000006ab       0x1e c:/freescale/cw mcu v10.7/cross_tools/arm-none-eabi-gcc-4_7_3/bin/../lib/gcc/arm-none-eabi/4.7.3/armv6-m\libgcc.a(_dvmd_tls.o)
 .ARM.attributes
                0x000006c9       0x1e c:/freescale/cw mcu v10.7/cross_tools/arm-none-eabi-gcc-4_7_3/bin/../lib/gcc/arm-none-eabi/4.7.3/armv6-m\libgcc.a(_arm_cmpsf2.o)
 .ARM.attributes
                0x000006e7       0x2c c:/freescale/cw mcu v10.7/cross_tools/arm-none-eabi-gcc-4_7_3/bin/../lib/gcc/arm-none-eabi/4.7.3/armv6-m\libgcc.a(_fixunssfsi.o)
 .ARM.attributes
                0x00000713       0x2c c:/freescale/cw mcu v10.7/cross_tools/arm-none-eabi-gcc-4_7_3/bin/../lib/gcc/arm-none-eabi/4.7.3/armv6-m\libgcc.a(divsf3.o)
 .ARM.attributes
                0x0000073f       0x2c c:/freescale/cw mcu v10.7/cross_tools/arm-none-eabi-gcc-4_7_3/bin/../lib/gcc/arm-none-eabi/4.7.3/armv6-m\libgcc.a(eqsf2.o)
 .ARM.attributes
                0x0000076b       0x2c c:/freescale/cw mcu v10.7/cross_tools/arm-none-eabi-gcc-4_7_3/bin/../lib/gcc/arm-none-eabi/4.7.3/armv6-m\libgcc.a(gesf2.o)
 .ARM.attributes
                0x00000797       0x2c c:/freescale/cw mcu v10.7/cross_tools/arm-none-eabi-gcc-4_7_3/bin/../lib/gcc/arm-none-eabi/4.7.3/armv6-m\libgcc.a(lesf2.o)
 .ARM.attributes
                0x000007c3       0x2c c:/freescale/cw mcu v10.7/cross_tools/arm-none-eabi-gcc-4_7_3/bin/../lib/gcc/arm-none-eabi/4.7.3/armv6-m\libgcc.a(subsf3.o)
 .ARM.attributes
                0x000007ef       0x2c c:/freescale/cw mcu v10.7/cross_tools/arm-none-eabi-gcc-4_7_3/bin/../lib/gcc/arm-none-eabi/4.7.3/armv6-m\libgcc.a(fixsfsi.o)
 .ARM.attributes
                0x0000081b       0x2c c:/freescale/cw mcu v10.7/cross_tools/arm-none-eabi-gcc-4_7_3/bin/../lib/gcc/arm-none-eabi/4.7.3/armv6-m\libgcc.a(floatsisf.o)
 .ARM.attributes
                0x00000847       0x1e c:/freescale/cw mcu v10.7/cross_tools/arm-none-eabi-gcc-4_7_3/bin/../lib/gcc/arm-none-eabi/4.7.3/armv6-m\libgcc.a(_clzsi2.o)
 .ARM.attributes
                0x00000865       0x31 C:/Freescale/CW MCU v10.7/MCU/ARM_GCC_Support/ewl/lib/armv6-m\librt.a(gcc_ctor_dtor.o)
 .ARM.attributes
                0x00000896       0x31 C:/Freescale/CW MCU v10.7/MCU/ARM_GCC_Support/ewl/lib/armv6-m\librt.a(__arm_eabi_init.o)
 .ARM.attributes
                0x000008c7       0x31 C:/Freescale/CW MCU v10.7/MCU/ARM_GCC_Support/ewl/lib/armv6-m\librt.a(ROMCopy.o)
OUTPUT(Freedom_LED_PWM.elf elf32-littlearm)

.debug_info     0x00000000     0x6c0a
 .debug_info    0x00000000      0x165 ./Generated_Code/WAIT1.o
 .debug_info    0x00000165      0x104 ./Generated_Code/Vectors.o
 .debug_info    0x00000269      0xa45 ./Generated_Code/PpgLdd2.o
 .debug_info    0x00000cae      0xa8f ./Generated_Code/PpgLdd1.o
 .debug_info    0x0000173d      0x24e ./Generated_Code/PE_LDD.o
 .debug_info    0x0000198b      0x334 ./Generated_Code/LiftingMotor_Step.o
 .debug_info    0x00001cbf      0x334 ./Generated_Code/DrivingMotor_Step.o
 .debug_info    0x00001ff3      0x8e1 ./Generated_Code/Cpu.o
 .debug_info    0x000028d4      0x399 ./Generated_Code/BitIoLdd9.o
 .debug_info    0x00002c6d      0x399 ./Generated_Code/BitIoLdd8.o
 .debug_info    0x00003006      0x399 ./Generated_Code/BitIoLdd7.o
 .debug_info    0x0000339f      0x399 ./Generated_Code/BitIoLdd6.o
 .debug_info    0x00003738      0x399 ./Generated_Code/BitIoLdd5.o
 .debug_info    0x00003ad1      0x399 ./Generated_Code/BitIoLdd4.o
 .debug_info    0x00003e6a      0x399 ./Generated_Code/BitIoLdd3.o
 .debug_info    0x00004203      0x399 ./Generated_Code/BitIoLdd2.o
 .debug_info    0x0000459c      0x399 ./Generated_Code/BitIoLdd1.o
 .debug_info    0x00004935      0x12a ./Project_Settings/Startup_Code/__arm_start.o
 .debug_info    0x00004a5f       0x54 ./Project_Settings/Startup_Code/__arm_end.o
 .debug_info    0x00004ab3       0xaf ./Sources/main.o
 .debug_info    0x00004b62      0x3db ./Sources/Stepper.o
 .debug_info    0x00004f3d       0xb5 ./Sources/Events.o
 .debug_info    0x00004ff2       0xe8 C:/Freescale/CW MCU v10.7/MCU/ARM_GCC_Support/ewl/lib/armv6-m\libc.a(exit.o)
 .debug_info    0x000050da       0xec C:/Freescale/CW MCU v10.7/MCU/ARM_GCC_Support/ewl/lib/armv6-m\libc.a(memset.o)
 .debug_info    0x000051c6      0x137 C:/Freescale/CW MCU v10.7/MCU/ARM_GCC_Support/ewl/lib/armv6-m\libc.a(__filll_mem.o)
 .debug_info    0x000052fd      0x50d C:/Freescale/CW MCU v10.7/MCU/ARM_GCC_Support/ewl/lib/armv6-m\libc.a(printformat_.o)
 .debug_info    0x0000580a      0x568 C:/Freescale/CW MCU v10.7/MCU/ARM_GCC_Support/ewl/lib/armv6-m\libc.a(scanformat_.o)
 .debug_info    0x00005d72      0x313 C:/Freescale/CW MCU v10.7/MCU/ARM_GCC_Support/ewl/lib/armv6-m\libc.a(ctype_aeabi.o)
 .debug_info    0x00006085      0x1d6 C:/Freescale/CW MCU v10.7/MCU/ARM_GCC_Support/ewl/lib/armv6-m\libc.a(__strtoul.o)
 .debug_info    0x0000625b      0x10b C:/Freescale/CW MCU v10.7/MCU/ARM_GCC_Support/ewl/lib/armv6-m\libc.a(strchr.o)
 .debug_info    0x00006366      0x10f C:/Freescale/CW MCU v10.7/MCU/ARM_GCC_Support/ewl/lib/armv6-m\libc.a(memcpy.o)
 .debug_info    0x00006475       0xea C:/Freescale/CW MCU v10.7/MCU/ARM_GCC_Support/ewl/lib/armv6-m\libc.a(strlen.o)
 .debug_info    0x0000655f      0x121 C:/Freescale/CW MCU v10.7/MCU/ARM_GCC_Support/ewl/lib/armv6-m\libc.a(memchr.o)
 .debug_info    0x00006680      0x136 C:/Freescale/CW MCU v10.7/MCU/ARM_GCC_Support/ewl/lib/armv6-m\librt.a(gcc_ctor_dtor.o)
 .debug_info    0x000067b6      0x2b9 C:/Freescale/CW MCU v10.7/MCU/ARM_GCC_Support/ewl/lib/armv6-m\librt.a(__arm_eabi_init.o)
 .debug_info    0x00006a6f      0x19b C:/Freescale/CW MCU v10.7/MCU/ARM_GCC_Support/ewl/lib/armv6-m\librt.a(ROMCopy.o)

.debug_abbrev   0x00000000     0x2205
 .debug_abbrev  0x00000000       0xa3 ./Generated_Code/WAIT1.o
 .debug_abbrev  0x000000a3       0xa3 ./Generated_Code/Vectors.o
 .debug_abbrev  0x00000146      0x18d ./Generated_Code/PpgLdd2.o
 .debug_abbrev  0x000002d3      0x18d ./Generated_Code/PpgLdd1.o
 .debug_abbrev  0x00000460      0x102 ./Generated_Code/PE_LDD.o
 .debug_abbrev  0x00000562       0xfa ./Generated_Code/LiftingMotor_Step.o
 .debug_abbrev  0x0000065c       0xfa ./Generated_Code/DrivingMotor_Step.o
 .debug_abbrev  0x00000756      0x122 ./Generated_Code/Cpu.o
 .debug_abbrev  0x00000878      0x12b ./Generated_Code/BitIoLdd9.o
 .debug_abbrev  0x000009a3      0x12b ./Generated_Code/BitIoLdd8.o
 .debug_abbrev  0x00000ace      0x12b ./Generated_Code/BitIoLdd7.o
 .debug_abbrev  0x00000bf9      0x12b ./Generated_Code/BitIoLdd6.o
 .debug_abbrev  0x00000d24      0x12b ./Generated_Code/BitIoLdd5.o
 .debug_abbrev  0x00000e4f      0x12b ./Generated_Code/BitIoLdd4.o
 .debug_abbrev  0x00000f7a      0x12b ./Generated_Code/BitIoLdd3.o
 .debug_abbrev  0x000010a5      0x12b ./Generated_Code/BitIoLdd2.o
 .debug_abbrev  0x000011d0      0x12b ./Generated_Code/BitIoLdd1.o
 .debug_abbrev  0x000012fb       0x92 ./Project_Settings/Startup_Code/__arm_start.o
 .debug_abbrev  0x0000138d       0x4c ./Project_Settings/Startup_Code/__arm_end.o
 .debug_abbrev  0x000013d9       0x5b ./Sources/main.o
 .debug_abbrev  0x00001434      0x166 ./Sources/Stepper.o
 .debug_abbrev  0x0000159a       0x3d ./Sources/Events.o
 .debug_abbrev  0x000015d7       0x7a C:/Freescale/CW MCU v10.7/MCU/ARM_GCC_Support/ewl/lib/armv6-m\libc.a(exit.o)
 .debug_abbrev  0x00001651       0x62 C:/Freescale/CW MCU v10.7/MCU/ARM_GCC_Support/ewl/lib/armv6-m\libc.a(memset.o)
 .debug_abbrev  0x000016b3       0x78 C:/Freescale/CW MCU v10.7/MCU/ARM_GCC_Support/ewl/lib/armv6-m\libc.a(__filll_mem.o)
 .debug_abbrev  0x0000172b      0x200 C:/Freescale/CW MCU v10.7/MCU/ARM_GCC_Support/ewl/lib/armv6-m\libc.a(printformat_.o)
 .debug_abbrev  0x0000192b      0x1f0 C:/Freescale/CW MCU v10.7/MCU/ARM_GCC_Support/ewl/lib/armv6-m\libc.a(scanformat_.o)
 .debug_abbrev  0x00001b1b       0x9e C:/Freescale/CW MCU v10.7/MCU/ARM_GCC_Support/ewl/lib/armv6-m\libc.a(ctype_aeabi.o)
 .debug_abbrev  0x00001bb9       0xc2 C:/Freescale/CW MCU v10.7/MCU/ARM_GCC_Support/ewl/lib/armv6-m\libc.a(__strtoul.o)
 .debug_abbrev  0x00001c7b       0x7a C:/Freescale/CW MCU v10.7/MCU/ARM_GCC_Support/ewl/lib/armv6-m\libc.a(strchr.o)
 .debug_abbrev  0x00001cf5       0x95 C:/Freescale/CW MCU v10.7/MCU/ARM_GCC_Support/ewl/lib/armv6-m\libc.a(memcpy.o)
 .debug_abbrev  0x00001d8a       0x7a C:/Freescale/CW MCU v10.7/MCU/ARM_GCC_Support/ewl/lib/armv6-m\libc.a(strlen.o)
 .debug_abbrev  0x00001e04       0x95 C:/Freescale/CW MCU v10.7/MCU/ARM_GCC_Support/ewl/lib/armv6-m\libc.a(memchr.o)
 .debug_abbrev  0x00001e99       0x99 C:/Freescale/CW MCU v10.7/MCU/ARM_GCC_Support/ewl/lib/armv6-m\librt.a(gcc_ctor_dtor.o)
 .debug_abbrev  0x00001f32      0x1b3 C:/Freescale/CW MCU v10.7/MCU/ARM_GCC_Support/ewl/lib/armv6-m\librt.a(__arm_eabi_init.o)
 .debug_abbrev  0x000020e5      0x120 C:/Freescale/CW MCU v10.7/MCU/ARM_GCC_Support/ewl/lib/armv6-m\librt.a(ROMCopy.o)

.debug_loc      0x00000000     0x411b
 .debug_loc     0x00000000      0x100 ./Generated_Code/WAIT1.o
 .debug_loc     0x00000100      0x348 ./Generated_Code/PpgLdd2.o
 .debug_loc     0x00000448      0x380 ./Generated_Code/PpgLdd1.o
 .debug_loc     0x000007c8       0x9c ./Generated_Code/PE_LDD.o
 .debug_loc     0x00000864      0x230 ./Generated_Code/LiftingMotor_Step.o
 .debug_loc     0x00000a94      0x230 ./Generated_Code/DrivingMotor_Step.o
 .debug_loc     0x00000cc4       0xb0 ./Generated_Code/Cpu.o
 .debug_loc     0x00000d74      0x118 ./Generated_Code/BitIoLdd9.o
 .debug_loc     0x00000e8c      0x118 ./Generated_Code/BitIoLdd8.o
 .debug_loc     0x00000fa4      0x118 ./Generated_Code/BitIoLdd7.o
 .debug_loc     0x000010bc      0x118 ./Generated_Code/BitIoLdd6.o
 .debug_loc     0x000011d4      0x118 ./Generated_Code/BitIoLdd5.o
 .debug_loc     0x000012ec      0x118 ./Generated_Code/BitIoLdd4.o
 .debug_loc     0x00001404      0x118 ./Generated_Code/BitIoLdd3.o
 .debug_loc     0x0000151c      0x118 ./Generated_Code/BitIoLdd2.o
 .debug_loc     0x00001634      0x118 ./Generated_Code/BitIoLdd1.o
 .debug_loc     0x0000174c       0x2c ./Project_Settings/Startup_Code/__arm_start.o
 .debug_loc     0x00001778       0x38 ./Project_Settings/Startup_Code/__arm_end.o
 .debug_loc     0x000017b0       0x2c ./Sources/main.o
 .debug_loc     0x000017dc      0x1d0 ./Sources/Stepper.o
 .debug_loc     0x000019ac       0x84 ./Sources/Events.o
 .debug_loc     0x00001a30       0x3e C:/Freescale/CW MCU v10.7/MCU/ARM_GCC_Support/ewl/lib/armv6-m\libc.a(exit.o)
 .debug_loc     0x00001a6e       0x6f C:/Freescale/CW MCU v10.7/MCU/ARM_GCC_Support/ewl/lib/armv6-m\libc.a(memset.o)
 .debug_loc     0x00001add      0x14a C:/Freescale/CW MCU v10.7/MCU/ARM_GCC_Support/ewl/lib/armv6-m\libc.a(__filll_mem.o)
 .debug_loc     0x00001c27     0x104b C:/Freescale/CW MCU v10.7/MCU/ARM_GCC_Support/ewl/lib/armv6-m\libc.a(printformat_.o)
 .debug_loc     0x00002c72      0x9d8 C:/Freescale/CW MCU v10.7/MCU/ARM_GCC_Support/ewl/lib/armv6-m\libc.a(scanformat_.o)
 .debug_loc     0x0000364a      0x30d C:/Freescale/CW MCU v10.7/MCU/ARM_GCC_Support/ewl/lib/armv6-m\libc.a(ctype_aeabi.o)
 .debug_loc     0x00003957      0x305 C:/Freescale/CW MCU v10.7/MCU/ARM_GCC_Support/ewl/lib/armv6-m\libc.a(__strtoul.o)
 .debug_loc     0x00003c5c       0xaf C:/Freescale/CW MCU v10.7/MCU/ARM_GCC_Support/ewl/lib/armv6-m\libc.a(strchr.o)
 .debug_loc     0x00003d0b       0x59 C:/Freescale/CW MCU v10.7/MCU/ARM_GCC_Support/ewl/lib/armv6-m\libc.a(memcpy.o)
 .debug_loc     0x00003d64       0x33 C:/Freescale/CW MCU v10.7/MCU/ARM_GCC_Support/ewl/lib/armv6-m\libc.a(strlen.o)
 .debug_loc     0x00003d97       0x77 C:/Freescale/CW MCU v10.7/MCU/ARM_GCC_Support/ewl/lib/armv6-m\libc.a(memchr.o)
 .debug_loc     0x00003e0e       0x9d C:/Freescale/CW MCU v10.7/MCU/ARM_GCC_Support/ewl/lib/armv6-m\librt.a(gcc_ctor_dtor.o)
 .debug_loc     0x00003eab      0x197 C:/Freescale/CW MCU v10.7/MCU/ARM_GCC_Support/ewl/lib/armv6-m\librt.a(__arm_eabi_init.o)
 .debug_loc     0x00004042       0xd9 C:/Freescale/CW MCU v10.7/MCU/ARM_GCC_Support/ewl/lib/armv6-m\librt.a(ROMCopy.o)

.debug_aranges  0x00000000      0x890
 .debug_aranges
                0x00000000       0x50 ./Generated_Code/WAIT1.o
 .debug_aranges
                0x00000050       0x18 ./Generated_Code/Vectors.o
 .debug_aranges
                0x00000068       0x90 ./Generated_Code/PpgLdd2.o
 .debug_aranges
                0x000000f8       0x98 ./Generated_Code/PpgLdd1.o
 .debug_aranges
                0x00000190       0x30 ./Generated_Code/PE_LDD.o
 .debug_aranges
                0x000001c0       0x68 ./Generated_Code/LiftingMotor_Step.o
 .debug_aranges
                0x00000228       0x68 ./Generated_Code/DrivingMotor_Step.o
 .debug_aranges
                0x00000290       0x38 ./Generated_Code/Cpu.o
 .debug_aranges
                0x000002c8       0x40 ./Generated_Code/BitIoLdd9.o
 .debug_aranges
                0x00000308       0x40 ./Generated_Code/BitIoLdd8.o
 .debug_aranges
                0x00000348       0x40 ./Generated_Code/BitIoLdd7.o
 .debug_aranges
                0x00000388       0x40 ./Generated_Code/BitIoLdd6.o
 .debug_aranges
                0x000003c8       0x40 ./Generated_Code/BitIoLdd5.o
 .debug_aranges
                0x00000408       0x40 ./Generated_Code/BitIoLdd4.o
 .debug_aranges
                0x00000448       0x40 ./Generated_Code/BitIoLdd3.o
 .debug_aranges
                0x00000488       0x40 ./Generated_Code/BitIoLdd2.o
 .debug_aranges
                0x000004c8       0x40 ./Generated_Code/BitIoLdd1.o
 .debug_aranges
                0x00000508       0x30 ./Project_Settings/Startup_Code/__arm_start.o
 .debug_aranges
                0x00000538       0x20 ./Project_Settings/Startup_Code/__arm_end.o
 .debug_aranges
                0x00000558       0x20 ./Sources/main.o
 .debug_aranges
                0x00000578       0x68 ./Sources/Stepper.o
 .debug_aranges
                0x000005e0       0x30 ./Sources/Events.o
 .debug_aranges
                0x00000610       0x20 C:/Freescale/CW MCU v10.7/MCU/ARM_GCC_Support/ewl/lib/armv6-m\libc.a(exit.o)
 .debug_aranges
                0x00000630       0x20 C:/Freescale/CW MCU v10.7/MCU/ARM_GCC_Support/ewl/lib/armv6-m\libc.a(memset.o)
 .debug_aranges
                0x00000650       0x20 C:/Freescale/CW MCU v10.7/MCU/ARM_GCC_Support/ewl/lib/armv6-m\libc.a(__filll_mem.o)
 .debug_aranges
                0x00000670       0x28 C:/Freescale/CW MCU v10.7/MCU/ARM_GCC_Support/ewl/lib/armv6-m\libc.a(printformat_.o)
 .debug_aranges
                0x00000698       0x20 C:/Freescale/CW MCU v10.7/MCU/ARM_GCC_Support/ewl/lib/armv6-m\libc.a(scanformat_.o)
 .debug_aranges
                0x000006b8       0x88 C:/Freescale/CW MCU v10.7/MCU/ARM_GCC_Support/ewl/lib/armv6-m\libc.a(ctype_aeabi.o)
 .debug_aranges
                0x00000740       0x20 C:/Freescale/CW MCU v10.7/MCU/ARM_GCC_Support/ewl/lib/armv6-m\libc.a(__strtoul.o)
 .debug_aranges
                0x00000760       0x20 C:/Freescale/CW MCU v10.7/MCU/ARM_GCC_Support/ewl/lib/armv6-m\libc.a(strchr.o)
 .debug_aranges
                0x00000780       0x20 C:/Freescale/CW MCU v10.7/MCU/ARM_GCC_Support/ewl/lib/armv6-m\libc.a(memcpy.o)
 .debug_aranges
                0x000007a0       0x20 C:/Freescale/CW MCU v10.7/MCU/ARM_GCC_Support/ewl/lib/armv6-m\libc.a(strlen.o)
 .debug_aranges
                0x000007c0       0x20 C:/Freescale/CW MCU v10.7/MCU/ARM_GCC_Support/ewl/lib/armv6-m\libc.a(memchr.o)
 .debug_aranges
                0x000007e0       0x28 C:/Freescale/CW MCU v10.7/MCU/ARM_GCC_Support/ewl/lib/armv6-m\librt.a(gcc_ctor_dtor.o)
 .debug_aranges
                0x00000808       0x58 C:/Freescale/CW MCU v10.7/MCU/ARM_GCC_Support/ewl/lib/armv6-m\librt.a(__arm_eabi_init.o)
 .debug_aranges
                0x00000860       0x30 C:/Freescale/CW MCU v10.7/MCU/ARM_GCC_Support/ewl/lib/armv6-m\librt.a(ROMCopy.o)

.debug_macinfo  0x00000000   0x3d9612
 .debug_macinfo
                0x00000000    0x2e678 ./Generated_Code/WAIT1.o
 .debug_macinfo
                0x0002e678    0x33a33 ./Generated_Code/Vectors.o
 .debug_macinfo
                0x000620ab    0x30561 ./Generated_Code/PpgLdd2.o
 .debug_macinfo
                0x0009260c    0x305dc ./Generated_Code/PpgLdd1.o
 .debug_macinfo
                0x000c2be8    0x339c3 ./Generated_Code/PE_LDD.o
 .debug_macinfo
                0x000f65ab    0x33a08 ./Generated_Code/LiftingMotor_Step.o
 .debug_macinfo
                0x00129fb3    0x33a07 ./Generated_Code/DrivingMotor_Step.o
 .debug_macinfo
                0x0015d9ba    0x33a33 ./Generated_Code/Cpu.o
 .debug_macinfo
                0x001913ed    0x2eda6 ./Generated_Code/BitIoLdd9.o
 .debug_macinfo
                0x001c0193    0x2eda6 ./Generated_Code/BitIoLdd8.o
 .debug_macinfo
                0x001eef39    0x2eda6 ./Generated_Code/BitIoLdd7.o
 .debug_macinfo
                0x0021dcdf    0x2eda6 ./Generated_Code/BitIoLdd6.o
 .debug_macinfo
                0x0024ca85    0x2eda8 ./Generated_Code/BitIoLdd5.o
 .debug_macinfo
                0x0027b82d    0x2eda8 ./Generated_Code/BitIoLdd4.o
 .debug_macinfo
                0x002aa5d5    0x2eda8 ./Generated_Code/BitIoLdd3.o
 .debug_macinfo
                0x002d937d    0x2edac ./Generated_Code/BitIoLdd2.o
 .debug_macinfo
                0x00308129    0x2eda8 ./Generated_Code/BitIoLdd1.o
 .debug_macinfo
                0x00336ed1     0x3e6d ./Project_Settings/Startup_Code/__arm_start.o
 .debug_macinfo
                0x0033ad3e     0x3456 ./Project_Settings/Startup_Code/__arm_end.o
 .debug_macinfo
                0x0033e194    0x33a91 ./Sources/main.o
 .debug_macinfo
                0x00371c25    0x33f72 ./Sources/Stepper.o
 .debug_macinfo
                0x003a5b97    0x33a7b ./Sources/Events.o

.debug_line     0x00000000     0x6625
 .debug_line    0x00000000      0x2c8 ./Generated_Code/WAIT1.o
 .debug_line    0x000002c8      0x6e2 ./Generated_Code/Vectors.o
 .debug_line    0x000009aa      0x3f5 ./Generated_Code/PpgLdd2.o
 .debug_line    0x00000d9f      0x406 ./Generated_Code/PpgLdd1.o
 .debug_line    0x000011a5      0x493 ./Generated_Code/PE_LDD.o
 .debug_line    0x00001638      0x5e2 ./Generated_Code/LiftingMotor_Step.o
 .debug_line    0x00001c1a      0x5e2 ./Generated_Code/DrivingMotor_Step.o
 .debug_line    0x000021fc      0x751 ./Generated_Code/Cpu.o
 .debug_line    0x0000294d      0x2d2 ./Generated_Code/BitIoLdd9.o
 .debug_line    0x00002c1f      0x2d2 ./Generated_Code/BitIoLdd8.o
 .debug_line    0x00002ef1      0x2d2 ./Generated_Code/BitIoLdd7.o
 .debug_line    0x000031c3      0x2d2 ./Generated_Code/BitIoLdd6.o
 .debug_line    0x00003495      0x2d1 ./Generated_Code/BitIoLdd5.o
 .debug_line    0x00003766      0x2d1 ./Generated_Code/BitIoLdd4.o
 .debug_line    0x00003a37      0x2d1 ./Generated_Code/BitIoLdd3.o
 .debug_line    0x00003d08      0x2d1 ./Generated_Code/BitIoLdd2.o
 .debug_line    0x00003fd9      0x2d1 ./Generated_Code/BitIoLdd1.o
 .debug_line    0x000042aa      0x2b4 ./Project_Settings/Startup_Code/__arm_start.o
 .debug_line    0x0000455e      0x265 ./Project_Settings/Startup_Code/__arm_end.o
 .debug_line    0x000047c3      0x4dc ./Sources/main.o
 .debug_line    0x00004c9f      0x5bf ./Sources/Stepper.o
 .debug_line    0x0000525e      0x4eb ./Sources/Events.o
 .debug_line    0x00005749       0x8d C:/Freescale/CW MCU v10.7/MCU/ARM_GCC_Support/ewl/lib/armv6-m\libc.a(exit.o)
 .debug_line    0x000057d6       0x90 C:/Freescale/CW MCU v10.7/MCU/ARM_GCC_Support/ewl/lib/armv6-m\libc.a(memset.o)
 .debug_line    0x00005866       0xf6 C:/Freescale/CW MCU v10.7/MCU/ARM_GCC_Support/ewl/lib/armv6-m\libc.a(__filll_mem.o)
 .debug_line    0x0000595c      0x2c3 C:/Freescale/CW MCU v10.7/MCU/ARM_GCC_Support/ewl/lib/armv6-m\libc.a(printformat_.o)
 .debug_line    0x00005c1f      0x2be C:/Freescale/CW MCU v10.7/MCU/ARM_GCC_Support/ewl/lib/armv6-m\libc.a(scanformat_.o)
 .debug_line    0x00005edd      0x1be C:/Freescale/CW MCU v10.7/MCU/ARM_GCC_Support/ewl/lib/armv6-m\libc.a(ctype_aeabi.o)
 .debug_line    0x0000609b      0x11e C:/Freescale/CW MCU v10.7/MCU/ARM_GCC_Support/ewl/lib/armv6-m\libc.a(__strtoul.o)
 .debug_line    0x000061b9       0x7d C:/Freescale/CW MCU v10.7/MCU/ARM_GCC_Support/ewl/lib/armv6-m\libc.a(strchr.o)
 .debug_line    0x00006236       0x8b C:/Freescale/CW MCU v10.7/MCU/ARM_GCC_Support/ewl/lib/armv6-m\libc.a(memcpy.o)
 .debug_line    0x000062c1       0x85 C:/Freescale/CW MCU v10.7/MCU/ARM_GCC_Support/ewl/lib/armv6-m\libc.a(strlen.o)
 .debug_line    0x00006346       0x9f C:/Freescale/CW MCU v10.7/MCU/ARM_GCC_Support/ewl/lib/armv6-m\libc.a(memchr.o)
 .debug_line    0x000063e5       0x6c C:/Freescale/CW MCU v10.7/MCU/ARM_GCC_Support/ewl/lib/armv6-m\librt.a(gcc_ctor_dtor.o)
 .debug_line    0x00006451      0x117 C:/Freescale/CW MCU v10.7/MCU/ARM_GCC_Support/ewl/lib/armv6-m\librt.a(__arm_eabi_init.o)
 .debug_line    0x00006568       0xbd C:/Freescale/CW MCU v10.7/MCU/ARM_GCC_Support/ewl/lib/armv6-m\librt.a(ROMCopy.o)

.debug_str      0x00000000     0x1f4d
 .debug_str     0x00000000      0x1a3 ./Generated_Code/WAIT1.o
                                0x1d5 (size before relaxing)
 .debug_str     0x000001a3       0x55 ./Generated_Code/Vectors.o
                                0x185 (size before relaxing)
 .debug_str     0x000001f8      0x3c0 ./Generated_Code/PpgLdd2.o
                                0x50d (size before relaxing)
 .debug_str     0x000005b8      0x188 ./Generated_Code/PpgLdd1.o
                                0x51f (size before relaxing)
 .debug_str     0x00000740      0x177 ./Generated_Code/PE_LDD.o
                                0x2e8 (size before relaxing)
 .debug_str     0x000008b7      0x151 ./Generated_Code/LiftingMotor_Step.o
                                0x2e5 (size before relaxing)
 .debug_str     0x00000a08      0x13d ./Generated_Code/DrivingMotor_Step.o
                                0x2e5 (size before relaxing)
 .debug_str     0x00000b45      0x18c ./Generated_Code/Cpu.o
                                0x434 (size before relaxing)
 .debug_str     0x00000cd1       0xe4 ./Generated_Code/BitIoLdd9.o
                                0x2f1 (size before relaxing)
 .debug_str     0x00000db5       0xa0 ./Generated_Code/BitIoLdd8.o
                                0x2f1 (size before relaxing)
 .debug_str     0x00000e55       0xa0 ./Generated_Code/BitIoLdd7.o
                                0x2f1 (size before relaxing)
 .debug_str     0x00000ef5       0xa0 ./Generated_Code/BitIoLdd6.o
                                0x2f1 (size before relaxing)
 .debug_str     0x00000f95       0xa0 ./Generated_Code/BitIoLdd5.o
                                0x2f1 (size before relaxing)
 .debug_str     0x00001035       0xa0 ./Generated_Code/BitIoLdd4.o
                                0x2f1 (size before relaxing)
 .debug_str     0x000010d5       0xa0 ./Generated_Code/BitIoLdd3.o
                                0x2f1 (size before relaxing)
 .debug_str     0x00001175       0xa0 ./Generated_Code/BitIoLdd2.o
                                0x2f1 (size before relaxing)
 .debug_str     0x00001215       0xa0 ./Generated_Code/BitIoLdd1.o
                                0x2f1 (size before relaxing)
 .debug_str     0x000012b5       0x85 ./Project_Settings/Startup_Code/__arm_start.o
                                0x1b3 (size before relaxing)
 .debug_str     0x0000133a       0x41 ./Project_Settings/Startup_Code/__arm_end.o
                                 0xea (size before relaxing)
 .debug_str     0x0000137b       0x17 ./Sources/main.o
                                0x152 (size before relaxing)
 .debug_str     0x00001392      0x2f3 ./Sources/Stepper.o
                                0x476 (size before relaxing)
 .debug_str     0x00001685       0x51 ./Sources/Events.o
                                0x178 (size before relaxing)
 .debug_str     0x000016d6       0x54 C:/Freescale/CW MCU v10.7/MCU/ARM_GCC_Support/ewl/lib/armv6-m\libc.a(exit.o)
                                0x157 (size before relaxing)
 .debug_str     0x0000172a       0x23 C:/Freescale/CW MCU v10.7/MCU/ARM_GCC_Support/ewl/lib/armv6-m\libc.a(memset.o)
                                0x140 (size before relaxing)
 .debug_str     0x0000174d       0x2d C:/Freescale/CW MCU v10.7/MCU/ARM_GCC_Support/ewl/lib/armv6-m\libc.a(__filll_mem.o)
                                0x152 (size before relaxing)
 .debug_str     0x0000177a      0x233 C:/Freescale/CW MCU v10.7/MCU/ARM_GCC_Support/ewl/lib/armv6-m\libc.a(printformat_.o)
                                0x3b3 (size before relaxing)
 .debug_str     0x000019ad      0x184 C:/Freescale/CW MCU v10.7/MCU/ARM_GCC_Support/ewl/lib/armv6-m\libc.a(scanformat_.o)
                                0x3f9 (size before relaxing)
 .debug_str     0x00001b31       0x9d C:/Freescale/CW MCU v10.7/MCU/ARM_GCC_Support/ewl/lib/armv6-m\libc.a(ctype_aeabi.o)
                                0x1bc (size before relaxing)
 .debug_str     0x00001bce       0x61 C:/Freescale/CW MCU v10.7/MCU/ARM_GCC_Support/ewl/lib/armv6-m\libc.a(__strtoul.o)
                                0x1fb (size before relaxing)
 .debug_str     0x00001c2f       0x1c C:/Freescale/CW MCU v10.7/MCU/ARM_GCC_Support/ewl/lib/armv6-m\libc.a(strchr.o)
                                0x137 (size before relaxing)
 .debug_str     0x00001c4b       0x1c C:/Freescale/CW MCU v10.7/MCU/ARM_GCC_Support/ewl/lib/armv6-m\libc.a(memcpy.o)
                                0x138 (size before relaxing)
 .debug_str     0x00001c67       0x1c C:/Freescale/CW MCU v10.7/MCU/ARM_GCC_Support/ewl/lib/armv6-m\libc.a(strlen.o)
                                0x140 (size before relaxing)
 .debug_str     0x00001c83       0x1c C:/Freescale/CW MCU v10.7/MCU/ARM_GCC_Support/ewl/lib/armv6-m\libc.a(memchr.o)
                                0x148 (size before relaxing)
 .debug_str     0x00001c9f      0x126 C:/Freescale/CW MCU v10.7/MCU/ARM_GCC_Support/ewl/lib/armv6-m\librt.a(gcc_ctor_dtor.o)
                                0x181 (size before relaxing)
 .debug_str     0x00001dc5       0xee C:/Freescale/CW MCU v10.7/MCU/ARM_GCC_Support/ewl/lib/armv6-m\librt.a(__arm_eabi_init.o)
                                0x1b5 (size before relaxing)
 .debug_str     0x00001eb3       0x9a C:/Freescale/CW MCU v10.7/MCU/ARM_GCC_Support/ewl/lib/armv6-m\librt.a(ROMCopy.o)
                                0x13c (size before relaxing)

.comment        0x00000000       0x79
 .comment       0x00000000       0x79 ./Generated_Code/WAIT1.o
                                 0x7a (size before relaxing)
 .comment       0x00000000       0x7a ./Generated_Code/Vectors.o
 .comment       0x00000000       0x7a ./Generated_Code/PpgLdd2.o
 .comment       0x00000000       0x7a ./Generated_Code/PpgLdd1.o
 .comment       0x00000000       0x7a ./Generated_Code/PE_LDD.o
 .comment       0x00000000       0x7a ./Generated_Code/LiftingMotor_Step.o
 .comment       0x00000000       0x7a ./Generated_Code/DrivingMotor_Step.o
 .comment       0x00000000       0x7a ./Generated_Code/Cpu.o
 .comment       0x00000000       0x7a ./Generated_Code/BitIoLdd9.o
 .comment       0x00000000       0x7a ./Generated_Code/BitIoLdd8.o
 .comment       0x00000000       0x7a ./Generated_Code/BitIoLdd7.o
 .comment       0x00000000       0x7a ./Generated_Code/BitIoLdd6.o
 .comment       0x00000000       0x7a ./Generated_Code/BitIoLdd5.o
 .comment       0x00000000       0x7a ./Generated_Code/BitIoLdd4.o
 .comment       0x00000000       0x7a ./Generated_Code/BitIoLdd3.o
 .comment       0x00000000       0x7a ./Generated_Code/BitIoLdd2.o
 .comment       0x00000000       0x7a ./Generated_Code/BitIoLdd1.o
 .comment       0x00000000       0x7a ./Project_Settings/Startup_Code/__arm_start.o
 .comment       0x00000000       0x7a ./Project_Settings/Startup_Code/__arm_end.o
 .comment       0x00000000       0x7a ./Sources/main.o
 .comment       0x00000000       0x7a ./Sources/Stepper.o
 .comment       0x00000000       0x7a ./Sources/Events.o
 .comment       0x00000000       0x7a C:/Freescale/CW MCU v10.7/MCU/ARM_GCC_Support/ewl/lib/armv6-m\libc.a(exit.o)
 .comment       0x00000000       0x7a C:/Freescale/CW MCU v10.7/MCU/ARM_GCC_Support/ewl/lib/armv6-m\libc.a(memset.o)
 .comment       0x00000000       0x7a C:/Freescale/CW MCU v10.7/MCU/ARM_GCC_Support/ewl/lib/armv6-m\libc.a(__filll_mem.o)
 .comment       0x00000000       0x7a C:/Freescale/CW MCU v10.7/MCU/ARM_GCC_Support/ewl/lib/armv6-m\libc.a(printformat_.o)
 .comment       0x00000000       0x7a C:/Freescale/CW MCU v10.7/MCU/ARM_GCC_Support/ewl/lib/armv6-m\libc.a(scanformat_.o)
 .comment       0x00000000       0x7a C:/Freescale/CW MCU v10.7/MCU/ARM_GCC_Support/ewl/lib/armv6-m\libc.a(ctype_aeabi.o)
 .comment       0x00000000       0x7a C:/Freescale/CW MCU v10.7/MCU/ARM_GCC_Support/ewl/lib/armv6-m\libc.a(__strtoul.o)
 .comment       0x00000000       0x7a C:/Freescale/CW MCU v10.7/MCU/ARM_GCC_Support/ewl/lib/armv6-m\libc.a(strchr.o)
 .comment       0x00000000       0x7a C:/Freescale/CW MCU v10.7/MCU/ARM_GCC_Support/ewl/lib/armv6-m\libc.a(memcpy.o)
 .comment       0x00000000       0x7a C:/Freescale/CW MCU v10.7/MCU/ARM_GCC_Support/ewl/lib/armv6-m\libc.a(strlen.o)
 .comment       0x00000000       0x7a C:/Freescale/CW MCU v10.7/MCU/ARM_GCC_Support/ewl/lib/armv6-m\libc.a(memchr.o)
 .comment       0x00000000       0x7a C:/Freescale/CW MCU v10.7/MCU/ARM_GCC_Support/ewl/lib/armv6-m\librt.a(gcc_ctor_dtor.o)
 .comment       0x00000000       0x7a C:/Freescale/CW MCU v10.7/MCU/ARM_GCC_Support/ewl/lib/armv6-m\librt.a(__arm_eabi_init.o)
 .comment       0x00000000       0x7a C:/Freescale/CW MCU v10.7/MCU/ARM_GCC_Support/ewl/lib/armv6-m\librt.a(ROMCopy.o)

.debug_frame    0x00000000     0x16d4
 .debug_frame   0x00000000       0xc8 ./Generated_Code/WAIT1.o
 .debug_frame   0x000000c8      0x1f0 ./Generated_Code/PpgLdd2.o
 .debug_frame   0x000002b8      0x210 ./Generated_Code/PpgLdd1.o
 .debug_frame   0x000004c8       0x6c ./Generated_Code/PE_LDD.o
 .debug_frame   0x00000534      0x150 ./Generated_Code/LiftingMotor_Step.o
 .debug_frame   0x00000684      0x150 ./Generated_Code/DrivingMotor_Step.o
 .debug_frame   0x000007d4       0x80 ./Generated_Code/Cpu.o
 .debug_frame   0x00000854       0xb0 ./Generated_Code/BitIoLdd9.o
 .debug_frame   0x00000904       0xb0 ./Generated_Code/BitIoLdd8.o
 .debug_frame   0x000009b4       0xb0 ./Generated_Code/BitIoLdd7.o
 .debug_frame   0x00000a64       0xb0 ./Generated_Code/BitIoLdd6.o
 .debug_frame   0x00000b14       0xb0 ./Generated_Code/BitIoLdd5.o
 .debug_frame   0x00000bc4       0xb0 ./Generated_Code/BitIoLdd4.o
 .debug_frame   0x00000c74       0xb0 ./Generated_Code/BitIoLdd3.o
 .debug_frame   0x00000d24       0xb0 ./Generated_Code/BitIoLdd2.o
 .debug_frame   0x00000dd4       0xb0 ./Generated_Code/BitIoLdd1.o
 .debug_frame   0x00000e84       0x4c ./Project_Settings/Startup_Code/__arm_start.o
 .debug_frame   0x00000ed0       0x30 ./Project_Settings/Startup_Code/__arm_end.o
 .debug_frame   0x00000f00       0x2c ./Sources/main.o
 .debug_frame   0x00000f2c      0x130 ./Sources/Stepper.o
 .debug_frame   0x0000105c       0x64 ./Sources/Events.o
 .debug_frame   0x000010c0       0x2c C:/Freescale/CW MCU v10.7/MCU/ARM_GCC_Support/ewl/lib/armv6-m\libc.a(exit.o)
 .debug_frame   0x000010ec       0x28 C:/Freescale/CW MCU v10.7/MCU/ARM_GCC_Support/ewl/lib/armv6-m\libc.a(memset.o)
 .debug_frame   0x00001114       0x2c C:/Freescale/CW MCU v10.7/MCU/ARM_GCC_Support/ewl/lib/armv6-m\libc.a(__filll_mem.o)
 .debug_frame   0x00001140       0x54 C:/Freescale/CW MCU v10.7/MCU/ARM_GCC_Support/ewl/lib/armv6-m\libc.a(printformat_.o)
 .debug_frame   0x00001194       0x34 C:/Freescale/CW MCU v10.7/MCU/ARM_GCC_Support/ewl/lib/armv6-m\libc.a(scanformat_.o)
 .debug_frame   0x000011c8      0x158 C:/Freescale/CW MCU v10.7/MCU/ARM_GCC_Support/ewl/lib/armv6-m\libc.a(ctype_aeabi.o)
 .debug_frame   0x00001320       0x30 C:/Freescale/CW MCU v10.7/MCU/ARM_GCC_Support/ewl/lib/armv6-m\libc.a(__strtoul.o)
 .debug_frame   0x00001350       0x28 C:/Freescale/CW MCU v10.7/MCU/ARM_GCC_Support/ewl/lib/armv6-m\libc.a(strchr.o)
 .debug_frame   0x00001378       0x28 C:/Freescale/CW MCU v10.7/MCU/ARM_GCC_Support/ewl/lib/armv6-m\libc.a(memcpy.o)
 .debug_frame   0x000013a0       0x28 C:/Freescale/CW MCU v10.7/MCU/ARM_GCC_Support/ewl/lib/armv6-m\libc.a(strlen.o)
 .debug_frame   0x000013c8       0x28 C:/Freescale/CW MCU v10.7/MCU/ARM_GCC_Support/ewl/lib/armv6-m\libc.a(memchr.o)
 .debug_frame   0x000013f0       0x20 c:/freescale/cw mcu v10.7/cross_tools/arm-none-eabi-gcc-4_7_3/bin/../lib/gcc/arm-none-eabi/4.7.3/armv6-m\libgcc.a(_udivsi3.o)
 .debug_frame   0x00001410       0x28 c:/freescale/cw mcu v10.7/cross_tools/arm-none-eabi-gcc-4_7_3/bin/../lib/gcc/arm-none-eabi/4.7.3/armv6-m\libgcc.a(_fixunssfsi.o)
 .debug_frame   0x00001438       0x3c c:/freescale/cw mcu v10.7/cross_tools/arm-none-eabi-gcc-4_7_3/bin/../lib/gcc/arm-none-eabi/4.7.3/armv6-m\libgcc.a(divsf3.o)
 .debug_frame   0x00001474       0x2c c:/freescale/cw mcu v10.7/cross_tools/arm-none-eabi-gcc-4_7_3/bin/../lib/gcc/arm-none-eabi/4.7.3/armv6-m\libgcc.a(eqsf2.o)
 .debug_frame   0x000014a0       0x30 c:/freescale/cw mcu v10.7/cross_tools/arm-none-eabi-gcc-4_7_3/bin/../lib/gcc/arm-none-eabi/4.7.3/armv6-m\libgcc.a(gesf2.o)
 .debug_frame   0x000014d0       0x30 c:/freescale/cw mcu v10.7/cross_tools/arm-none-eabi-gcc-4_7_3/bin/../lib/gcc/arm-none-eabi/4.7.3/armv6-m\libgcc.a(lesf2.o)
 .debug_frame   0x00001500       0x30 c:/freescale/cw mcu v10.7/cross_tools/arm-none-eabi-gcc-4_7_3/bin/../lib/gcc/arm-none-eabi/4.7.3/armv6-m\libgcc.a(subsf3.o)
 .debug_frame   0x00001530       0x28 c:/freescale/cw mcu v10.7/cross_tools/arm-none-eabi-gcc-4_7_3/bin/../lib/gcc/arm-none-eabi/4.7.3/armv6-m\libgcc.a(fixsfsi.o)
 .debug_frame   0x00001558       0x2c c:/freescale/cw mcu v10.7/cross_tools/arm-none-eabi-gcc-4_7_3/bin/../lib/gcc/arm-none-eabi/4.7.3/armv6-m\libgcc.a(floatsisf.o)
 .debug_frame   0x00001584       0x40 C:/Freescale/CW MCU v10.7/MCU/ARM_GCC_Support/ewl/lib/armv6-m\librt.a(gcc_ctor_dtor.o)
 .debug_frame   0x000015c4       0xbc C:/Freescale/CW MCU v10.7/MCU/ARM_GCC_Support/ewl/lib/armv6-m\librt.a(__arm_eabi_init.o)
 .debug_frame   0x00001680       0x54 C:/Freescale/CW MCU v10.7/MCU/ARM_GCC_Support/ewl/lib/armv6-m\librt.a(ROMCopy.o)
