Archive member included because of file (symbol)

C:/Freescale/CW MCU v10.7/MCU/ARM_GCC_Support/ewl/lib/armv6-m\libc.a(exit.o)
                              ./Project_Settings/Startup_Code/__arm_start.o (exit)
C:/Freescale/CW MCU v10.7/MCU/ARM_GCC_Support/ewl/lib/armv6-m\libc.a(memset.o)
                              ./Project_Settings/Startup_Code/__arm_start.o (memset)
C:/Freescale/CW MCU v10.7/MCU/ARM_GCC_Support/ewl/lib/armv6-m\libc.a(__filll_mem.o)
                              C:/Freescale/CW MCU v10.7/MCU/ARM_GCC_Support/ewl/lib/armv6-m\libc.a(memset.o) (__fill_mem)
C:/Freescale/CW MCU v10.7/MCU/ARM_GCC_Support/ewl/lib/armv6-m\libc.a(printformat_.o)
                              (__pformatter_)
C:/Freescale/CW MCU v10.7/MCU/ARM_GCC_Support/ewl/lib/armv6-m\libc.a(scanformat_.o)
                              (__sformatter)
C:/Freescale/CW MCU v10.7/MCU/ARM_GCC_Support/ewl/lib/armv6-m\libc.a(ctype_aeabi.o)
                              C:/Freescale/CW MCU v10.7/MCU/ARM_GCC_Support/ewl/lib/armv6-m\libc.a(scanformat_.o) (isspace)
C:/Freescale/CW MCU v10.7/MCU/ARM_GCC_Support/ewl/lib/armv6-m\libc.a(__strtoul.o)
                              C:/Freescale/CW MCU v10.7/MCU/ARM_GCC_Support/ewl/lib/armv6-m\libc.a(scanformat_.o) (__strtoul)
C:/Freescale/CW MCU v10.7/MCU/ARM_GCC_Support/ewl/lib/armv6-m\libc.a(strchr.o)
                              C:/Freescale/CW MCU v10.7/MCU/ARM_GCC_Support/ewl/lib/armv6-m\libc.a(printformat_.o) (strchr)
C:/Freescale/CW MCU v10.7/MCU/ARM_GCC_Support/ewl/lib/armv6-m\libc.a(memcpy.o)
                              C:/Freescale/CW MCU v10.7/MCU/ARM_GCC_Support/ewl/lib/armv6-m\libc.a(scanformat_.o) (memcpy)
C:/Freescale/CW MCU v10.7/MCU/ARM_GCC_Support/ewl/lib/armv6-m\libc.a(strlen.o)
                              C:/Freescale/CW MCU v10.7/MCU/ARM_GCC_Support/ewl/lib/armv6-m\libc.a(printformat_.o) (strlen)
C:/Freescale/CW MCU v10.7/MCU/ARM_GCC_Support/ewl/lib/armv6-m\libc.a(memchr.o)
                              C:/Freescale/CW MCU v10.7/MCU/ARM_GCC_Support/ewl/lib/armv6-m\libc.a(printformat_.o) (memchr)
c:/freescale/cw mcu v10.7/cross_tools/arm-none-eabi-gcc-4_7_3/bin/../lib/gcc/arm-none-eabi/4.7.3/armv6-m\libgcc.a(_thumb1_case_sqi.o)
                              C:/Freescale/CW MCU v10.7/MCU/ARM_GCC_Support/ewl/lib/armv6-m\libc.a(__strtoul.o) (__gnu_thumb1_case_sqi)
c:/freescale/cw mcu v10.7/cross_tools/arm-none-eabi-gcc-4_7_3/bin/../lib/gcc/arm-none-eabi/4.7.3/armv6-m\libgcc.a(_thumb1_case_uqi.o)
                              C:/Freescale/CW MCU v10.7/MCU/ARM_GCC_Support/ewl/lib/armv6-m\libc.a(scanformat_.o) (__gnu_thumb1_case_uqi)
c:/freescale/cw mcu v10.7/cross_tools/arm-none-eabi-gcc-4_7_3/bin/../lib/gcc/arm-none-eabi/4.7.3/armv6-m\libgcc.a(_udivsi3.o)
                              ./Generated_Code/GI2C1.o (__aeabi_uidiv)
c:/freescale/cw mcu v10.7/cross_tools/arm-none-eabi-gcc-4_7_3/bin/../lib/gcc/arm-none-eabi/4.7.3/armv6-m\libgcc.a(_dvmd_tls.o)
                              c:/freescale/cw mcu v10.7/cross_tools/arm-none-eabi-gcc-4_7_3/bin/../lib/gcc/arm-none-eabi/4.7.3/armv6-m\libgcc.a(_udivsi3.o) (__aeabi_idiv0)
C:/Freescale/CW MCU v10.7/MCU/ARM_GCC_Support/ewl/lib/armv6-m\librt.a(gcc_ctor_dtor.o)
                              ./Project_Settings/Startup_Code/__arm_start.o (__init_cpp)
C:/Freescale/CW MCU v10.7/MCU/ARM_GCC_Support/ewl/lib/armv6-m\librt.a(__arm_eabi_init.o)
                              C:/Freescale/CW MCU v10.7/MCU/ARM_GCC_Support/ewl/lib/armv6-m\libc.a(exit.o) (__destroy_global_chain)
C:/Freescale/CW MCU v10.7/MCU/ARM_GCC_Support/ewl/lib/armv6-m\librt.a(ROMCopy.o)
                              ./Project_Settings/Startup_Code/__arm_start.o (__copy_rom_sections_to_ram)

Allocating common symbols
Common symbol       size              file

SR_reg              0x1               ./Generated_Code/Cpu.o

Discarded input sections

 .text          0x00000000        0x0 ./Generated_Code/WAIT1.o
 .data          0x00000000        0x0 ./Generated_Code/WAIT1.o
 .bss           0x00000000        0x0 ./Generated_Code/WAIT1.o
 .text.WAIT1_Wait10Cycles
                0x00000000        0x8 ./Generated_Code/WAIT1.o
 .text.WAIT1_Wait100Cycles
                0x00000000       0x24 ./Generated_Code/WAIT1.o
 .text.WAIT1_WaitCycles
                0x00000000       0x44 ./Generated_Code/WAIT1.o
 .text.WAIT1_WaitLongCycles
                0x00000000       0x3c ./Generated_Code/WAIT1.o
 .text.WAIT1_Waitms
                0x00000000       0x38 ./Generated_Code/WAIT1.o
 .text.WAIT1_DeInit
                0x00000000        0x8 ./Generated_Code/WAIT1.o
 .text          0x00000000        0x0 ./Generated_Code/Vectors.o
 .data          0x00000000        0x0 ./Generated_Code/Vectors.o
 .bss           0x00000000        0x0 ./Generated_Code/Vectors.o
 .text          0x00000000        0x0 ./Generated_Code/PE_LDD.o
 .data          0x00000000        0x0 ./Generated_Code/PE_LDD.o
 .bss           0x00000000        0x0 ./Generated_Code/PE_LDD.o
 .rodata.PE_CpuClockConfigurations
                0x00000000       0x28 ./Generated_Code/PE_LDD.o
 .text.PE_FillMemory
                0x00000000       0x28 ./Generated_Code/PE_LDD.o
 .text.PE_PeripheralUsed
                0x00000000       0x40 ./Generated_Code/PE_LDD.o
 .text.LDD_SetClockConfiguration
                0x00000000       0x14 ./Generated_Code/PE_LDD.o
 .text          0x00000000        0x0 ./Generated_Code/MCUC1.o
 .data          0x00000000        0x0 ./Generated_Code/MCUC1.o
 .bss           0x00000000        0x0 ./Generated_Code/MCUC1.o
 .debug_info    0x00000000       0x76 ./Generated_Code/MCUC1.o
 .debug_abbrev  0x00000000       0x28 ./Generated_Code/MCUC1.o
 .debug_aranges
                0x00000000       0x18 ./Generated_Code/MCUC1.o
 .debug_macinfo
                0x00000000    0x2e114 ./Generated_Code/MCUC1.o
 .debug_line    0x00000000      0x219 ./Generated_Code/MCUC1.o
 .debug_str     0x00000000      0x144 ./Generated_Code/MCUC1.o
 .comment       0x00000000       0x7a ./Generated_Code/MCUC1.o
 .ARM.attributes
                0x00000000       0x31 ./Generated_Code/MCUC1.o
 .text          0x00000000        0x0 ./Generated_Code/LEDpin1.o
 .data          0x00000000        0x0 ./Generated_Code/LEDpin1.o
 .bss           0x00000000        0x0 ./Generated_Code/LEDpin1.o
 .debug_info    0x00000000       0x76 ./Generated_Code/LEDpin1.o
 .debug_abbrev  0x00000000       0x28 ./Generated_Code/LEDpin1.o
 .debug_aranges
                0x00000000       0x18 ./Generated_Code/LEDpin1.o
 .debug_macinfo
                0x00000000    0x2ed5e ./Generated_Code/LEDpin1.o
 .debug_line    0x00000000      0x27a ./Generated_Code/LEDpin1.o
 .debug_str     0x00000000      0x146 ./Generated_Code/LEDpin1.o
 .comment       0x00000000       0x7a ./Generated_Code/LEDpin1.o
 .ARM.attributes
                0x00000000       0x31 ./Generated_Code/LEDpin1.o
 .text          0x00000000        0x0 ./Generated_Code/LED_Onboard_Green.o
 .data          0x00000000        0x0 ./Generated_Code/LED_Onboard_Green.o
 .bss           0x00000000        0x0 ./Generated_Code/LED_Onboard_Green.o
 .text.LED_Onboard_Green_Deinit
                0x00000000        0x8 ./Generated_Code/LED_Onboard_Green.o
 .text.LED_Onboard_Green_SetRatio16
                0x00000000       0x3c ./Generated_Code/LED_Onboard_Green.o
 .text          0x00000000        0x0 ./Generated_Code/InfraredTOF_I2C.o
 .data          0x00000000        0x0 ./Generated_Code/InfraredTOF_I2C.o
 .bss           0x00000000        0x0 ./Generated_Code/InfraredTOF_I2C.o
 .text.InfraredTOF_I2C_Deinit
                0x00000000       0x40 ./Generated_Code/InfraredTOF_I2C.o
 .text          0x00000000        0x0 ./Generated_Code/I2CSPY1.o
 .data          0x00000000        0x0 ./Generated_Code/I2CSPY1.o
 .bss           0x00000000        0x0 ./Generated_Code/I2CSPY1.o
 .text.I2CSPY1_GetDeviceAddress
                0x00000000       0x14 ./Generated_Code/I2CSPY1.o
 .text.I2CSPY1_Deinit
                0x00000000        0x8 ./Generated_Code/I2CSPY1.o
 .text.I2CSPY1_ReadRegData
                0x00000000       0x78 ./Generated_Code/I2CSPY1.o
 .text.I2CSPY1_WriteRegData
                0x00000000       0x78 ./Generated_Code/I2CSPY1.o
 .text          0x00000000        0x0 ./Generated_Code/GI2C1.o
 .data          0x00000000        0x0 ./Generated_Code/GI2C1.o
 .bss           0x00000000        0x0 ./Generated_Code/GI2C1.o
 .text.GI2C1_ReadBlock
                0x00000000       0x6c ./Generated_Code/GI2C1.o
 .text.GI2C1_WriteBlock
                0x00000000       0x6c ./Generated_Code/GI2C1.o
 .text.GI2C1_WriteAddress
                0x00000000      0x140 ./Generated_Code/GI2C1.o
 .text.GI2C1_Deinit
                0x00000000       0x14 ./Generated_Code/GI2C1.o
 .text.GI2C1_GetSemaphore
                0x00000000        0xc ./Generated_Code/GI2C1.o
 .text.GI2C1_ReadByteAddress8
                0x00000000       0x34 ./Generated_Code/GI2C1.o
 .text.GI2C1_WriteByteAddress8
                0x00000000       0x34 ./Generated_Code/GI2C1.o
 .text.GI2C1_ReadWordAddress8
                0x00000000       0x34 ./Generated_Code/GI2C1.o
 .text.GI2C1_WriteWordAddress8
                0x00000000       0x34 ./Generated_Code/GI2C1.o
 .text.GI2C1_ScanDevice
                0x00000000       0xb8 ./Generated_Code/GI2C1.o
 .text.GI2C1_ProbeACK
                0x00000000      0x128 ./Generated_Code/GI2C1.o
 .text.GI2C1_WriteByte
                0x00000000       0x30 ./Generated_Code/GI2C1.o
 .bss.writeBuf.5735
                0x00000000       0x10 ./Generated_Code/GI2C1.o
 .text          0x00000000        0x0 ./Generated_Code/Cpu.o
 .data          0x00000000        0x0 ./Generated_Code/Cpu.o
 .bss           0x00000000        0x0 ./Generated_Code/Cpu.o
 .text          0x00000000        0x0 ./Generated_Code/BitIoLdd1.o
 .data          0x00000000        0x0 ./Generated_Code/BitIoLdd1.o
 .bss           0x00000000        0x0 ./Generated_Code/BitIoLdd1.o
 .text.BitIoLdd1_GetVal
                0x00000000       0x28 ./Generated_Code/BitIoLdd1.o
 .text.BitIoLdd1_ClrVal
                0x00000000       0x1c ./Generated_Code/BitIoLdd1.o
 .text          0x00000000        0x0 ./Project_Settings/Startup_Code/__arm_start.o
 .data          0x00000000        0x0 ./Project_Settings/Startup_Code/__arm_start.o
 .bss           0x00000000        0x0 ./Project_Settings/Startup_Code/__arm_start.o
 .text.__iar_program_start
                0x00000000        0x4 ./Project_Settings/Startup_Code/__arm_start.o
 .text          0x00000000        0x0 ./Project_Settings/Startup_Code/__arm_end.o
 .data          0x00000000        0x0 ./Project_Settings/Startup_Code/__arm_end.o
 .bss           0x00000000        0x0 ./Project_Settings/Startup_Code/__arm_end.o
 .text          0x00000000        0x0 ./Sources/sa_mtb.o
 .data          0x00000000        0x0 ./Sources/sa_mtb.o
 .bss           0x00000000        0x0 ./Sources/sa_mtb.o
 .debug_info    0x00000000       0x21 ./Sources/sa_mtb.o
 .debug_abbrev  0x00000000       0x12 ./Sources/sa_mtb.o
 .debug_aranges
                0x00000000       0x18 ./Sources/sa_mtb.o
 .debug_macinfo
                0x00000000     0x24d8 ./Sources/sa_mtb.o
 .debug_line    0x00000000       0xaa ./Sources/sa_mtb.o
 .debug_str     0x00000000       0xb3 ./Sources/sa_mtb.o
 .comment       0x00000000       0x7a ./Sources/sa_mtb.o
 .ARM.attributes
                0x00000000       0x31 ./Sources/sa_mtb.o
 .text          0x00000000        0x0 ./Sources/main.o
 .data          0x00000000        0x0 ./Sources/main.o
 .bss           0x00000000        0x0 ./Sources/main.o
 .text          0x00000000        0x0 ./Sources/InfraredTOF.o
 .data          0x00000000        0x0 ./Sources/InfraredTOF.o
 .bss           0x00000000        0x0 ./Sources/InfraredTOF.o
 .text          0x00000000        0x0 ./Sources/Events.o
 .data          0x00000000        0x0 ./Sources/Events.o
 .bss           0x00000000        0x0 ./Sources/Events.o
 .text          0x00000000        0x0 C:/Freescale/CW MCU v10.7/MCU/ARM_GCC_Support/ewl/lib/armv6-m\libc.a(exit.o)
 .data          0x00000000        0x0 C:/Freescale/CW MCU v10.7/MCU/ARM_GCC_Support/ewl/lib/armv6-m\libc.a(exit.o)
 .bss           0x00000000        0x0 C:/Freescale/CW MCU v10.7/MCU/ARM_GCC_Support/ewl/lib/armv6-m\libc.a(exit.o)
 .text          0x00000000        0x0 C:/Freescale/CW MCU v10.7/MCU/ARM_GCC_Support/ewl/lib/armv6-m\libc.a(memset.o)
 .data          0x00000000        0x0 C:/Freescale/CW MCU v10.7/MCU/ARM_GCC_Support/ewl/lib/armv6-m\libc.a(memset.o)
 .bss           0x00000000        0x0 C:/Freescale/CW MCU v10.7/MCU/ARM_GCC_Support/ewl/lib/armv6-m\libc.a(memset.o)
 .text          0x00000000        0x0 C:/Freescale/CW MCU v10.7/MCU/ARM_GCC_Support/ewl/lib/armv6-m\libc.a(__filll_mem.o)
 .data          0x00000000        0x0 C:/Freescale/CW MCU v10.7/MCU/ARM_GCC_Support/ewl/lib/armv6-m\libc.a(__filll_mem.o)
 .bss           0x00000000        0x0 C:/Freescale/CW MCU v10.7/MCU/ARM_GCC_Support/ewl/lib/armv6-m\libc.a(__filll_mem.o)
 .text          0x00000000        0x0 C:/Freescale/CW MCU v10.7/MCU/ARM_GCC_Support/ewl/lib/armv6-m\libc.a(printformat_.o)
 .data          0x00000000        0x0 C:/Freescale/CW MCU v10.7/MCU/ARM_GCC_Support/ewl/lib/armv6-m\libc.a(printformat_.o)
 .bss           0x00000000        0x0 C:/Freescale/CW MCU v10.7/MCU/ARM_GCC_Support/ewl/lib/armv6-m\libc.a(printformat_.o)
 .text          0x00000000        0x0 C:/Freescale/CW MCU v10.7/MCU/ARM_GCC_Support/ewl/lib/armv6-m\libc.a(scanformat_.o)
 .data          0x00000000        0x0 C:/Freescale/CW MCU v10.7/MCU/ARM_GCC_Support/ewl/lib/armv6-m\libc.a(scanformat_.o)
 .bss           0x00000000        0x0 C:/Freescale/CW MCU v10.7/MCU/ARM_GCC_Support/ewl/lib/armv6-m\libc.a(scanformat_.o)
 .text          0x00000000        0x0 C:/Freescale/CW MCU v10.7/MCU/ARM_GCC_Support/ewl/lib/armv6-m\libc.a(ctype_aeabi.o)
 .data          0x00000000        0x0 C:/Freescale/CW MCU v10.7/MCU/ARM_GCC_Support/ewl/lib/armv6-m\libc.a(ctype_aeabi.o)
 .bss           0x00000000        0x0 C:/Freescale/CW MCU v10.7/MCU/ARM_GCC_Support/ewl/lib/armv6-m\libc.a(ctype_aeabi.o)
 .text.isalnum  0x00000000       0x1c C:/Freescale/CW MCU v10.7/MCU/ARM_GCC_Support/ewl/lib/armv6-m\libc.a(ctype_aeabi.o)
 .text.iscntrl  0x00000000       0x20 C:/Freescale/CW MCU v10.7/MCU/ARM_GCC_Support/ewl/lib/armv6-m\libc.a(ctype_aeabi.o)
 .text.isdigit  0x00000000        0xe C:/Freescale/CW MCU v10.7/MCU/ARM_GCC_Support/ewl/lib/armv6-m\libc.a(ctype_aeabi.o)
 .text.isgraph  0x00000000       0x1c C:/Freescale/CW MCU v10.7/MCU/ARM_GCC_Support/ewl/lib/armv6-m\libc.a(ctype_aeabi.o)
 .text.islower  0x00000000       0x20 C:/Freescale/CW MCU v10.7/MCU/ARM_GCC_Support/ewl/lib/armv6-m\libc.a(ctype_aeabi.o)
 .text.isprint  0x00000000       0x1c C:/Freescale/CW MCU v10.7/MCU/ARM_GCC_Support/ewl/lib/armv6-m\libc.a(ctype_aeabi.o)
 .text.ispunct  0x00000000       0x20 C:/Freescale/CW MCU v10.7/MCU/ARM_GCC_Support/ewl/lib/armv6-m\libc.a(ctype_aeabi.o)
 .text.isupper  0x00000000       0x20 C:/Freescale/CW MCU v10.7/MCU/ARM_GCC_Support/ewl/lib/armv6-m\libc.a(ctype_aeabi.o)
 .text.isxdigit
                0x00000000       0x20 C:/Freescale/CW MCU v10.7/MCU/ARM_GCC_Support/ewl/lib/armv6-m\libc.a(ctype_aeabi.o)
 .text.isblank  0x00000000       0x28 C:/Freescale/CW MCU v10.7/MCU/ARM_GCC_Support/ewl/lib/armv6-m\libc.a(ctype_aeabi.o)
 .text.tolower  0x00000000        0xe C:/Freescale/CW MCU v10.7/MCU/ARM_GCC_Support/ewl/lib/armv6-m\libc.a(ctype_aeabi.o)
 .text          0x00000000        0x0 C:/Freescale/CW MCU v10.7/MCU/ARM_GCC_Support/ewl/lib/armv6-m\libc.a(__strtoul.o)
 .data          0x00000000        0x0 C:/Freescale/CW MCU v10.7/MCU/ARM_GCC_Support/ewl/lib/armv6-m\libc.a(__strtoul.o)
 .bss           0x00000000        0x0 C:/Freescale/CW MCU v10.7/MCU/ARM_GCC_Support/ewl/lib/armv6-m\libc.a(__strtoul.o)
 .text          0x00000000        0x0 C:/Freescale/CW MCU v10.7/MCU/ARM_GCC_Support/ewl/lib/armv6-m\libc.a(strchr.o)
 .data          0x00000000        0x0 C:/Freescale/CW MCU v10.7/MCU/ARM_GCC_Support/ewl/lib/armv6-m\libc.a(strchr.o)
 .bss           0x00000000        0x0 C:/Freescale/CW MCU v10.7/MCU/ARM_GCC_Support/ewl/lib/armv6-m\libc.a(strchr.o)
 .text          0x00000000        0x0 C:/Freescale/CW MCU v10.7/MCU/ARM_GCC_Support/ewl/lib/armv6-m\libc.a(memcpy.o)
 .data          0x00000000        0x0 C:/Freescale/CW MCU v10.7/MCU/ARM_GCC_Support/ewl/lib/armv6-m\libc.a(memcpy.o)
 .bss           0x00000000        0x0 C:/Freescale/CW MCU v10.7/MCU/ARM_GCC_Support/ewl/lib/armv6-m\libc.a(memcpy.o)
 .text          0x00000000        0x0 C:/Freescale/CW MCU v10.7/MCU/ARM_GCC_Support/ewl/lib/armv6-m\libc.a(strlen.o)
 .data          0x00000000        0x0 C:/Freescale/CW MCU v10.7/MCU/ARM_GCC_Support/ewl/lib/armv6-m\libc.a(strlen.o)
 .bss           0x00000000        0x0 C:/Freescale/CW MCU v10.7/MCU/ARM_GCC_Support/ewl/lib/armv6-m\libc.a(strlen.o)
 .text          0x00000000        0x0 C:/Freescale/CW MCU v10.7/MCU/ARM_GCC_Support/ewl/lib/armv6-m\libc.a(memchr.o)
 .data          0x00000000        0x0 C:/Freescale/CW MCU v10.7/MCU/ARM_GCC_Support/ewl/lib/armv6-m\libc.a(memchr.o)
 .bss           0x00000000        0x0 C:/Freescale/CW MCU v10.7/MCU/ARM_GCC_Support/ewl/lib/armv6-m\libc.a(memchr.o)
 .data          0x00000000        0x0 c:/freescale/cw mcu v10.7/cross_tools/arm-none-eabi-gcc-4_7_3/bin/../lib/gcc/arm-none-eabi/4.7.3/armv6-m\libgcc.a(_thumb1_case_sqi.o)
 .bss           0x00000000        0x0 c:/freescale/cw mcu v10.7/cross_tools/arm-none-eabi-gcc-4_7_3/bin/../lib/gcc/arm-none-eabi/4.7.3/armv6-m\libgcc.a(_thumb1_case_sqi.o)
 .data          0x00000000        0x0 c:/freescale/cw mcu v10.7/cross_tools/arm-none-eabi-gcc-4_7_3/bin/../lib/gcc/arm-none-eabi/4.7.3/armv6-m\libgcc.a(_thumb1_case_uqi.o)
 .bss           0x00000000        0x0 c:/freescale/cw mcu v10.7/cross_tools/arm-none-eabi-gcc-4_7_3/bin/../lib/gcc/arm-none-eabi/4.7.3/armv6-m\libgcc.a(_thumb1_case_uqi.o)
 .data          0x00000000        0x0 c:/freescale/cw mcu v10.7/cross_tools/arm-none-eabi-gcc-4_7_3/bin/../lib/gcc/arm-none-eabi/4.7.3/armv6-m\libgcc.a(_udivsi3.o)
 .bss           0x00000000        0x0 c:/freescale/cw mcu v10.7/cross_tools/arm-none-eabi-gcc-4_7_3/bin/../lib/gcc/arm-none-eabi/4.7.3/armv6-m\libgcc.a(_udivsi3.o)
 .data          0x00000000        0x0 c:/freescale/cw mcu v10.7/cross_tools/arm-none-eabi-gcc-4_7_3/bin/../lib/gcc/arm-none-eabi/4.7.3/armv6-m\libgcc.a(_dvmd_tls.o)
 .bss           0x00000000        0x0 c:/freescale/cw mcu v10.7/cross_tools/arm-none-eabi-gcc-4_7_3/bin/../lib/gcc/arm-none-eabi/4.7.3/armv6-m\libgcc.a(_dvmd_tls.o)
 .text          0x00000000        0x0 C:/Freescale/CW MCU v10.7/MCU/ARM_GCC_Support/ewl/lib/armv6-m\librt.a(gcc_ctor_dtor.o)
 .data          0x00000000        0x0 C:/Freescale/CW MCU v10.7/MCU/ARM_GCC_Support/ewl/lib/armv6-m\librt.a(gcc_ctor_dtor.o)
 .bss           0x00000000        0x0 C:/Freescale/CW MCU v10.7/MCU/ARM_GCC_Support/ewl/lib/armv6-m\librt.a(gcc_ctor_dtor.o)
 .bss.__dso_handle
                0x00000000        0x4 C:/Freescale/CW MCU v10.7/MCU/ARM_GCC_Support/ewl/lib/armv6-m\librt.a(gcc_ctor_dtor.o)
 .text          0x00000000        0x0 C:/Freescale/CW MCU v10.7/MCU/ARM_GCC_Support/ewl/lib/armv6-m\librt.a(__arm_eabi_init.o)
 .data          0x00000000        0x0 C:/Freescale/CW MCU v10.7/MCU/ARM_GCC_Support/ewl/lib/armv6-m\librt.a(__arm_eabi_init.o)
 .bss           0x00000000        0x0 C:/Freescale/CW MCU v10.7/MCU/ARM_GCC_Support/ewl/lib/armv6-m\librt.a(__arm_eabi_init.o)
 .text.__register_global_object
                0x00000000       0x14 C:/Freescale/CW MCU v10.7/MCU/ARM_GCC_Support/ewl/lib/armv6-m\librt.a(__arm_eabi_init.o)
 .text.__cxa_atexit
                0x00000000       0x38 C:/Freescale/CW MCU v10.7/MCU/ARM_GCC_Support/ewl/lib/armv6-m\librt.a(__arm_eabi_init.o)
 .text.__aeabi_atexit
                0x00000000        0xe C:/Freescale/CW MCU v10.7/MCU/ARM_GCC_Support/ewl/lib/armv6-m\librt.a(__arm_eabi_init.o)
 .text.__register_atexit
                0x00000000        0xc C:/Freescale/CW MCU v10.7/MCU/ARM_GCC_Support/ewl/lib/armv6-m\librt.a(__arm_eabi_init.o)
 .text.__init_hardware
                0x00000000        0x4 C:/Freescale/CW MCU v10.7/MCU/ARM_GCC_Support/ewl/lib/armv6-m\librt.a(__arm_eabi_init.o)
 .bss.atexit_curr_func
                0x00000000        0x4 C:/Freescale/CW MCU v10.7/MCU/ARM_GCC_Support/ewl/lib/armv6-m\librt.a(__arm_eabi_init.o)
 .bss.atexit_funcs
                0x00000000      0x300 C:/Freescale/CW MCU v10.7/MCU/ARM_GCC_Support/ewl/lib/armv6-m\librt.a(__arm_eabi_init.o)
 .text          0x00000000        0x0 C:/Freescale/CW MCU v10.7/MCU/ARM_GCC_Support/ewl/lib/armv6-m\librt.a(ROMCopy.o)
 .data          0x00000000        0x0 C:/Freescale/CW MCU v10.7/MCU/ARM_GCC_Support/ewl/lib/armv6-m\librt.a(ROMCopy.o)
 .bss           0x00000000        0x0 C:/Freescale/CW MCU v10.7/MCU/ARM_GCC_Support/ewl/lib/armv6-m\librt.a(ROMCopy.o)
 .text.__flush_cache
                0x00000000        0x2 C:/Freescale/CW MCU v10.7/MCU/ARM_GCC_Support/ewl/lib/armv6-m\librt.a(ROMCopy.o)

Memory Configuration

Name             Origin             Length             Attributes
m_interrupts     0x00000000         0x000000c0         xr
m_text           0x00000410         0x0001fbf0         xr
m_data           0x1ffff000         0x00004000         rw
m_cfmprotrom     0x00000400         0x00000010         xr
*default*        0x00000000         0xffffffff

Linker script and memory map

LOAD ./Generated_Code/WAIT1.o
LOAD ./Generated_Code/Vectors.o
LOAD ./Generated_Code/PE_LDD.o
LOAD ./Generated_Code/MCUC1.o
LOAD ./Generated_Code/LEDpin1.o
LOAD ./Generated_Code/LED_Onboard_Green.o
LOAD ./Generated_Code/InfraredTOF_I2C.o
LOAD ./Generated_Code/I2CSPY1.o
LOAD ./Generated_Code/GI2C1.o
LOAD ./Generated_Code/Cpu.o
LOAD ./Generated_Code/BitIoLdd1.o
LOAD ./Project_Settings/Startup_Code/__arm_start.o
LOAD ./Project_Settings/Startup_Code/__arm_end.o
LOAD ./Sources/sa_mtb.o
LOAD ./Sources/main.o
LOAD ./Sources/InfraredTOF.o
LOAD ./Sources/Events.o
                0x00001510                __pformatter = __pformatter_
                [0x00001938]                __sformatter = __sformatter
START GROUP
LOAD C:/Freescale/CW MCU v10.7/MCU/ARM_GCC_Support/ewl/lib/armv6-m\libc.a
LOAD C:/Freescale/CW MCU v10.7/MCU/ARM_GCC_Support/ewl/lib/armv6-m\libm.a
LOAD c:/freescale/cw mcu v10.7/cross_tools/arm-none-eabi-gcc-4_7_3/bin/../lib/gcc/arm-none-eabi/4.7.3/armv6-m\libgcc.a
LOAD C:/Freescale/CW MCU v10.7/MCU/ARM_GCC_Support/ewl/lib/armv6-m\librt.a
LOAD C:/Freescale/CW MCU v10.7/MCU/ARM_GCC_Support/ewl/lib/armv6-m\libuart.a
END GROUP
                0x20003000                _estack = 0x20003000
                0x20003000                __SP_INIT = _estack
                0x00000000                __heap_size = 0x0
                0x00000400                __stack_size = 0x400

.interrupts     0x00000000       0xc0
                0x00000000                __vector_table = .
                0x00000000                . = ALIGN (0x4)
 *(.vectortable)
 .vectortable   0x00000000       0xc0 ./Generated_Code/Vectors.o
                0x00000000                __vect_table
                0x000000c0                . = ALIGN (0x4)

.cfmprotect     0x00000400       0x10
                0x00000400                . = ALIGN (0x4)
 *(.cfmconfig)
 .cfmconfig     0x00000400       0x10 ./Generated_Code/Cpu.o
                0x00000400                _cfm
                0x00000410                . = ALIGN (0x4)

.text           0x00000410     0x2078
                0x00000410                . = ALIGN (0x4)
 *(.text)
 .text          0x00000410       0x14 c:/freescale/cw mcu v10.7/cross_tools/arm-none-eabi-gcc-4_7_3/bin/../lib/gcc/arm-none-eabi/4.7.3/armv6-m\libgcc.a(_thumb1_case_sqi.o)
                0x00000410                __gnu_thumb1_case_sqi
 .text          0x00000424       0x14 c:/freescale/cw mcu v10.7/cross_tools/arm-none-eabi-gcc-4_7_3/bin/../lib/gcc/arm-none-eabi/4.7.3/armv6-m\libgcc.a(_thumb1_case_uqi.o)
                0x00000424                __gnu_thumb1_case_uqi
 .text          0x00000438       0x9c c:/freescale/cw mcu v10.7/cross_tools/arm-none-eabi-gcc-4_7_3/bin/../lib/gcc/arm-none-eabi/4.7.3/armv6-m\libgcc.a(_udivsi3.o)
                0x00000438                __aeabi_uidiv
                0x00000438                __udivsi3
                0x000004c0                __aeabi_uidivmod
 .text          0x000004d4        0x4 c:/freescale/cw mcu v10.7/cross_tools/arm-none-eabi-gcc-4_7_3/bin/../lib/gcc/arm-none-eabi/4.7.3/armv6-m\libgcc.a(_dvmd_tls.o)
                0x000004d4                __aeabi_idiv0
                0x000004d4                __aeabi_ldiv0
 *(.text*)
 .text.WAIT1_Init
                0x000004d8        0x8 ./Generated_Code/WAIT1.o
                0x000004d8                WAIT1_Init
 .text.LED_Onboard_Green_Init
                0x000004e0       0x18 ./Generated_Code/LED_Onboard_Green.o
                0x000004e0                LED_Onboard_Green_Init
 .text.InfraredTOF_I2C_Interrupt
                0x000004f8      0x278 ./Generated_Code/InfraredTOF_I2C.o
                0x000004f8                InfraredTOF_I2C_Interrupt
 .text.InfraredTOF_I2C_Init
                0x00000770      0x11c ./Generated_Code/InfraredTOF_I2C.o
                0x00000770                InfraredTOF_I2C_Init
 .text.InfraredTOF_I2C_MasterSendBlock
                0x0000088c      0x19c ./Generated_Code/InfraredTOF_I2C.o
                0x0000088c                InfraredTOF_I2C_MasterSendBlock
 .text.InfraredTOF_I2C_MasterReceiveBlock
                0x00000a28      0x19c ./Generated_Code/InfraredTOF_I2C.o
                0x00000a28                InfraredTOF_I2C_MasterReceiveBlock
 .text.InfraredTOF_I2C_SelectSlaveDevice
                0x00000bc4      0x100 ./Generated_Code/InfraredTOF_I2C.o
                0x00000bc4                InfraredTOF_I2C_SelectSlaveDevice
 .text.I2CSPY1_SetDeviceAddress
                0x00000cc4       0x24 ./Generated_Code/I2CSPY1.o
                0x00000cc4                I2CSPY1_SetDeviceAddress
 .text.I2CSPY1_SetAddressSize
                0x00000ce8       0x24 ./Generated_Code/I2CSPY1.o
                0x00000ce8                I2CSPY1_SetAddressSize
 .text.I2CSPY1_SetBytesPerLine
                0x00000d0c       0x24 ./Generated_Code/I2CSPY1.o
                0x00000d0c                I2CSPY1_SetBytesPerLine
 .text.I2CSPY1_Init
                0x00000d30       0x3c ./Generated_Code/I2CSPY1.o
                0x00000d30                I2CSPY1_Init
 .text.GI2C1_OnRequestBus
                0x00000d6c        0x8 ./Generated_Code/I2CSPY1.o
                0x00000d6c                GI2C1_OnRequestBus
 .text.GI2C1_OnReleaseBus
                0x00000d74        0x8 ./Generated_Code/I2CSPY1.o
                0x00000d74                GI2C1_OnReleaseBus
 .text.GI2C1_RequestBus
                0x00000d7c        0xc ./Generated_Code/GI2C1.o
                0x00000d7c                GI2C1_RequestBus
 .text.GI2C1_ReleaseBus
                0x00000d88        0xc ./Generated_Code/GI2C1.o
                0x00000d88                GI2C1_ReleaseBus
 .text.GI2C1_SelectSlave
                0x00000d94       0x40 ./Generated_Code/GI2C1.o
                0x00000d94                GI2C1_SelectSlave
 .text.GI2C1_UnselectSlave
                0x00000dd4       0x10 ./Generated_Code/GI2C1.o
                0x00000dd4                GI2C1_UnselectSlave
 .text.GI2C1_ReadAddress
                0x00000de4       0xe0 ./Generated_Code/GI2C1.o
                0x00000de4                GI2C1_ReadAddress
 .text.InfraredTOF_I2C_OnMasterBlockSent
                0x00000ec4       0x24 ./Generated_Code/GI2C1.o
                0x00000ec4                InfraredTOF_I2C_OnMasterBlockSent
 .text.InfraredTOF_I2C_OnMasterBlockReceived
                0x00000ee8       0x24 ./Generated_Code/GI2C1.o
                0x00000ee8                InfraredTOF_I2C_OnMasterBlockReceived
 .text.GI2C1_Init
                0x00000f0c       0x24 ./Generated_Code/GI2C1.o
                0x00000f0c                GI2C1_Init
 .text.GI2C1_ReadByte
                0x00000f30       0x2c ./Generated_Code/GI2C1.o
                0x00000f30                GI2C1_ReadByte
 .text.Cpu_INT_NMIInterrupt
                0x00000f5c        0xc ./Generated_Code/Cpu.o
                0x00000f5c                Cpu_INT_NMIInterrupt
 .text.Cpu_Interrupt
                0x00000f68        0xc ./Generated_Code/Cpu.o
                0x00000f68                Cpu_Interrupt
 .text.__init_hardware
                0x00000f74      0x110 ./Generated_Code/Cpu.o
                0x00000f74                __init_hardware
 .text.PE_low_level_init
                0x00001084       0xe0 ./Generated_Code/Cpu.o
                0x00001084                PE_low_level_init
 .text.BitIoLdd1_Init
                0x00001164       0x68 ./Generated_Code/BitIoLdd1.o
                0x00001164                BitIoLdd1_Init
 .text.BitIoLdd1_SetVal
                0x000011cc       0x1c ./Generated_Code/BitIoLdd1.o
                0x000011cc                BitIoLdd1_SetVal
 .text.BitIoLdd1_NegVal
                0x000011e8       0x1c ./Generated_Code/BitIoLdd1.o
                0x000011e8                BitIoLdd1_NegVal
 .text.zero_fill_bss
                0x00001204       0x24 ./Project_Settings/Startup_Code/__arm_start.o
 .text.__thumb_startup
                0x00001228       0x30 ./Project_Settings/Startup_Code/__arm_start.o
                0x00001228                __thumb_startup
 .text._ExitProcess
                0x00001258        0xc ./Project_Settings/Startup_Code/__arm_end.o
                0x00001258                _ExitProcess
 .text.main     0x00001264       0x10 ./Sources/main.o
                0x00001264                main
 .text.InfraredTOF_Run
                0x00001274       0x34 ./Sources/InfraredTOF.o
                0x00001274                InfraredTOF_Run
 .text.Cpu_OnNMIINT
                0x000012a8        0x8 ./Sources/Events.o
                0x000012a8                Cpu_OnNMIINT
 .text.exit     0x000012b0       0x38 C:/Freescale/CW MCU v10.7/MCU/ARM_GCC_Support/ewl/lib/armv6-m\libc.a(exit.o)
                0x000012b0                exit
 .text.memset   0x000012e8        0xc C:/Freescale/CW MCU v10.7/MCU/ARM_GCC_Support/ewl/lib/armv6-m\libc.a(memset.o)
                0x000012e8                memset
 .text.__fill_mem
                0x000012f4       0x7e C:/Freescale/CW MCU v10.7/MCU/ARM_GCC_Support/ewl/lib/armv6-m\libc.a(__filll_mem.o)
                0x000012f4                __fill_mem
 *fill*         0x00001372        0x2 00
 .text.long2str.isra.0
                0x00001374      0x19c C:/Freescale/CW MCU v10.7/MCU/ARM_GCC_Support/ewl/lib/armv6-m\libc.a(printformat_.o)
 .text.__pformatter_
                0x00001510      0x428 C:/Freescale/CW MCU v10.7/MCU/ARM_GCC_Support/ewl/lib/armv6-m\libc.a(printformat_.o)
                0x00001510                __pformatter_
 .text.__sformatter
                0x00001938      0x698 C:/Freescale/CW MCU v10.7/MCU/ARM_GCC_Support/ewl/lib/armv6-m\libc.a(scanformat_.o)
                0x00001938                __sformatter
 .text.isalpha  0x00001fd0       0x20 C:/Freescale/CW MCU v10.7/MCU/ARM_GCC_Support/ewl/lib/armv6-m\libc.a(ctype_aeabi.o)
                0x00001fd0                isalpha
 .text.isspace  0x00001ff0       0x20 C:/Freescale/CW MCU v10.7/MCU/ARM_GCC_Support/ewl/lib/armv6-m\libc.a(ctype_aeabi.o)
                0x00001ff0                isspace
 .text.toupper  0x00002010        0xe C:/Freescale/CW MCU v10.7/MCU/ARM_GCC_Support/ewl/lib/armv6-m\libc.a(ctype_aeabi.o)
                0x00002010                toupper
 .text.__strtoul
                0x0000201e      0x1ce C:/Freescale/CW MCU v10.7/MCU/ARM_GCC_Support/ewl/lib/armv6-m\libc.a(__strtoul.o)
                0x0000201e                __strtoul
 .text.strchr   0x000021ec       0x1e C:/Freescale/CW MCU v10.7/MCU/ARM_GCC_Support/ewl/lib/armv6-m\libc.a(strchr.o)
                0x000021ec                strchr
 .text.memcpy   0x0000220a       0x12 C:/Freescale/CW MCU v10.7/MCU/ARM_GCC_Support/ewl/lib/armv6-m\libc.a(memcpy.o)
                0x0000220a                memcpy
 .text.strlen   0x0000221c       0x10 C:/Freescale/CW MCU v10.7/MCU/ARM_GCC_Support/ewl/lib/armv6-m\libc.a(strlen.o)
                0x0000221c                strlen
 .text.memchr   0x0000222c       0x1a C:/Freescale/CW MCU v10.7/MCU/ARM_GCC_Support/ewl/lib/armv6-m\libc.a(memchr.o)
                0x0000222c                memchr
 *fill*         0x00002246        0x2 00
 .text.__init_cpp
                0x00002248       0x48 C:/Freescale/CW MCU v10.7/MCU/ARM_GCC_Support/ewl/lib/armv6-m\librt.a(gcc_ctor_dtor.o)
                0x00002248                __init_cpp
 .text.__fini_cpp
                0x00002290       0x34 C:/Freescale/CW MCU v10.7/MCU/ARM_GCC_Support/ewl/lib/armv6-m\librt.a(gcc_ctor_dtor.o)
                0x00002290                __fini_cpp
 .text.__destroy_global_chain
                0x000022c4       0x1c C:/Freescale/CW MCU v10.7/MCU/ARM_GCC_Support/ewl/lib/armv6-m\librt.a(__arm_eabi_init.o)
                0x000022c4                __destroy_global_chain
 .text.__init_registers
                0x000022e0       0x1c C:/Freescale/CW MCU v10.7/MCU/ARM_GCC_Support/ewl/lib/armv6-m\librt.a(__arm_eabi_init.o)
                0x000022e0                __init_registers
 .text.__init_user
                0x000022fc        0x4 C:/Freescale/CW MCU v10.7/MCU/ARM_GCC_Support/ewl/lib/armv6-m\librt.a(__arm_eabi_init.o)
                0x000022fc                __init_user
 .text.__copy_rom_section
                0x00002300       0x48 C:/Freescale/CW MCU v10.7/MCU/ARM_GCC_Support/ewl/lib/armv6-m\librt.a(ROMCopy.o)
                0x00002300                __copy_rom_section
 .text.__copy_rom_sections_to_ram
                0x00002348       0x34 C:/Freescale/CW MCU v10.7/MCU/ARM_GCC_Support/ewl/lib/armv6-m\librt.a(ROMCopy.o)
                0x00002348                __copy_rom_sections_to_ram
 *(.rodata)
 *(.rodata*)
 .rodata.str1.1
                0x0000237c        0x1 C:/Freescale/CW MCU v10.7/MCU/ARM_GCC_Support/ewl/lib/armv6-m\libc.a(printformat_.o)
 .rodata.CSWTCH.20
                0x0000237d        0x5 C:/Freescale/CW MCU v10.7/MCU/ARM_GCC_Support/ewl/lib/armv6-m\libc.a(printformat_.o)
 .rodata.CSWTCH.21
                0x00002382        0x5 C:/Freescale/CW MCU v10.7/MCU/ARM_GCC_Support/ewl/lib/armv6-m\libc.a(printformat_.o)
 .rodata.__aeabi_ctype_table_C
                0x00002387      0x101 C:/Freescale/CW MCU v10.7/MCU/ARM_GCC_Support/ewl/lib/armv6-m\libc.a(ctype_aeabi.o)
                0x00002387                __aeabi_ctype_table_C
 *(.glue_7)
 .glue_7        0x00000000        0x0 linker stubs
 *(.glue_7t)
 .glue_7t       0x00000000        0x0 linker stubs
 *(.eh_frame)
 *(.init)
 *(.fini)
                0x00002488                . = ALIGN (0x4)
                0x00002488                _etext = .

.vfp11_veneer   0x00002488        0x0
 .vfp11_veneer  0x00000000        0x0 linker stubs

.v4_bx          0x00002488        0x0
 .v4_bx         0x00000000        0x0 linker stubs

.iplt           0x00002488        0x0
 .iplt          0x00000000        0x0 ./Generated_Code/WAIT1.o

.rel.dyn        0x00002488        0x0
 .rel.iplt      0x00000000        0x0 ./Generated_Code/WAIT1.o

.ARM.extab
 *(.ARM.extab* .gnu.linkonce.armextab.*)

.ARM            0x00002488        0x0
                0x00002488                __exidx_start = .
 *(.ARM.exidx*)
                0x00002488                __exidx_end = .

.ctors          0x00002488        0x0
                0x00002488                __CTOR_LIST__ = .
 *crtbegin.o(.ctors)
 *(EXCLUDE_FILE(*crtend.o) .ctors)
 *(SORT(.ctors.*))
 *(.ctors)
                0x00002488                __CTOR_END__ = .

.dtors          0x00002488        0x0
                0x00002488                __DTOR_LIST__ = .
 *crtbegin.o(.dtors)
 *(EXCLUDE_FILE(*crtend.o) .dtors)
 *(SORT(.dtors.*))
 *(.dtors)
                0x00002488                __DTOR_END__ = .

.preinit_array  0x00002488        0x0
                0x00002488                PROVIDE (__preinit_array_start, .)
 *(.preinit_array*)
                0x00002488                PROVIDE (__preinit_array_end, .)

.init_array     0x00002488        0x0
                0x00002488                PROVIDE (__init_array_start, .)
 *(SORT(.init_array.*))
 *(.init_array*)
                0x00002488                PROVIDE (__init_array_end, .)

.fini_array     0x00002488        0x0
                0x00002488                PROVIDE (__fini_array_start, .)
 *(SORT(.fini_array.*))
 *(.fini_array*)
                0x00002488                PROVIDE (__fini_array_end, .)
                0x00002488                ___ROM_AT = .

.mtb            0x1ffff000        0x0
                0x1ffff000                . = ALIGN (0x8)
                0x1ffff000                _mtb_start = .
 *(.mtb_buf)
                0x1ffff000                . = ALIGN (0x8)
                0x1ffff000                _mtb_end = .

.data           0x1ffff000        0x0 load address 0x00002488
                0x1ffff000                . = ALIGN (0x4)
                0x1ffff000                _sdata = .
 *(.data)
 *(.data*)
                0x1ffff000                . = ALIGN (0x4)
                0x1ffff000                _edata = .
                0x00000000                ___data_size = (_edata - _sdata)

.igot.plt       0x1ffff000        0x0
 .igot.plt      0x00000000        0x0 ./Generated_Code/WAIT1.o
                0x1ffff000                . = ALIGN (0x4)

.bss            0x1ffff000       0x58
                0x1ffff000                __START_BSS = .
                0x1ffff000                PROVIDE (__bss_start__, __START_BSS)
 *(.bss)
 *(.bss*)
 .bss.PE_LDD_DeviceDataList
                0x1ffff000        0x8 ./Generated_Code/PE_LDD.o
                0x1ffff000                PE_LDD_DeviceDataList
 .bss.DeviceDataPrv__DEFAULT_RTOS_ALLOC
                0x1ffff008       0x18 ./Generated_Code/InfraredTOF_I2C.o
 .bss.INT_I2C1__DEFAULT_RTOS_ISRPARAM
                0x1ffff020        0x4 ./Generated_Code/InfraredTOF_I2C.o
 .bss.I2CSPY1_deviceData
                0x1ffff024        0x4 ./Generated_Code/I2CSPY1.o
 .bss.GI2C1_deviceData
                0x1ffff028        0x8 ./Generated_Code/GI2C1.o
 .bss.SR_lock   0x1ffff030        0x1 ./Generated_Code/Cpu.o
                0x1ffff030                SR_lock
 *fill*         0x1ffff031        0x3 00
 .bss.DeviceDataPrv__DEFAULT_RTOS_ALLOC
                0x1ffff034        0x4 ./Generated_Code/BitIoLdd1.o
 .bss.argv      0x1ffff038        0x4 ./Project_Settings/Startup_Code/__arm_start.o
 .bss.__stdio_exit
                0x1ffff03c        0x4 C:/Freescale/CW MCU v10.7/MCU/ARM_GCC_Support/ewl/lib/armv6-m\libc.a(exit.o)
                0x1ffff03c                __stdio_exit
 .bss.__console_exit
                0x1ffff040        0x4 C:/Freescale/CW MCU v10.7/MCU/ARM_GCC_Support/ewl/lib/armv6-m\libc.a(exit.o)
                0x1ffff040                __console_exit
 .bss.__global_destructor_chain
                0x1ffff044        0x4 C:/Freescale/CW MCU v10.7/MCU/ARM_GCC_Support/ewl/lib/armv6-m\librt.a(__arm_eabi_init.o)
                0x1ffff044                __global_destructor_chain
 .bss.__S_romp  0x1ffff048        0xc C:/Freescale/CW MCU v10.7/MCU/ARM_GCC_Support/ewl/lib/armv6-m\librt.a(ROMCopy.o)
 *(COMMON)
 COMMON         0x1ffff054        0x1 ./Generated_Code/Cpu.o
                0x1ffff054                SR_reg
                0x1ffff058                . = ALIGN (0x4)
 *fill*         0x1ffff055        0x3 00
                0x1ffff058                __END_BSS = .
                0x1ffff058                PROVIDE (__bss_end__, __END_BSS)
                0x00002488                _romp_at = (___ROM_AT + SIZEOF (.data))

.romp           0x1ffff058       0x18 load address 0x00002488
                0x00002488                __S_romp = _romp_at
                0x1ffff058        0x4 LONG 0x2488 ___ROM_AT
                0x1ffff05c        0x4 LONG 0x1ffff000 _sdata
                0x1ffff060        0x4 LONG 0x0 ___data_size
                0x1ffff064        0x4 LONG 0x0
                0x1ffff068        0x4 LONG 0x0
                0x1ffff06c        0x4 LONG 0x0

._user_heap_stack
                0x1ffff070      0x400 load address 0x000024a0
                0x1ffff070                . = ALIGN (0x4)
                0x1ffff070                PROVIDE (end, .)
                0x1ffff070                PROVIDE (_end, .)
                0x1ffff070                __heap_addr = .
                0x1ffff070                . = (. + __heap_size)
                0x1ffff470                . = (. + __stack_size)
 *fill*         0x1ffff070      0x400 00
                0x1ffff470                . = ALIGN (0x4)

.ARM.attributes
                0x00000000       0x31
 *(.ARM.attributes)
 .ARM.attributes
                0x00000000       0x31 ./Generated_Code/WAIT1.o
 .ARM.attributes
                0x00000031       0x31 ./Generated_Code/Vectors.o
 .ARM.attributes
                0x00000062       0x31 ./Generated_Code/PE_LDD.o
 .ARM.attributes
                0x00000093       0x31 ./Generated_Code/LED_Onboard_Green.o
 .ARM.attributes
                0x000000c4       0x31 ./Generated_Code/InfraredTOF_I2C.o
 .ARM.attributes
                0x000000f5       0x31 ./Generated_Code/I2CSPY1.o
 .ARM.attributes
                0x00000126       0x31 ./Generated_Code/GI2C1.o
 .ARM.attributes
                0x00000157       0x31 ./Generated_Code/Cpu.o
 .ARM.attributes
                0x00000188       0x31 ./Generated_Code/BitIoLdd1.o
 .ARM.attributes
                0x000001b9       0x31 ./Project_Settings/Startup_Code/__arm_start.o
 .ARM.attributes
                0x000001ea       0x31 ./Project_Settings/Startup_Code/__arm_end.o
 .ARM.attributes
                0x0000021b       0x31 ./Sources/main.o
 .ARM.attributes
                0x0000024c       0x31 ./Sources/InfraredTOF.o
 .ARM.attributes
                0x0000027d       0x31 ./Sources/Events.o
 .ARM.attributes
                0x000002ae       0x31 C:/Freescale/CW MCU v10.7/MCU/ARM_GCC_Support/ewl/lib/armv6-m\libc.a(exit.o)
 .ARM.attributes
                0x000002df       0x31 C:/Freescale/CW MCU v10.7/MCU/ARM_GCC_Support/ewl/lib/armv6-m\libc.a(memset.o)
 .ARM.attributes
                0x00000310       0x31 C:/Freescale/CW MCU v10.7/MCU/ARM_GCC_Support/ewl/lib/armv6-m\libc.a(__filll_mem.o)
 .ARM.attributes
                0x00000341       0x31 C:/Freescale/CW MCU v10.7/MCU/ARM_GCC_Support/ewl/lib/armv6-m\libc.a(printformat_.o)
 .ARM.attributes
                0x00000372       0x31 C:/Freescale/CW MCU v10.7/MCU/ARM_GCC_Support/ewl/lib/armv6-m\libc.a(scanformat_.o)
 .ARM.attributes
                0x000003a3       0x31 C:/Freescale/CW MCU v10.7/MCU/ARM_GCC_Support/ewl/lib/armv6-m\libc.a(ctype_aeabi.o)
 .ARM.attributes
                0x000003d4       0x31 C:/Freescale/CW MCU v10.7/MCU/ARM_GCC_Support/ewl/lib/armv6-m\libc.a(__strtoul.o)
 .ARM.attributes
                0x00000405       0x31 C:/Freescale/CW MCU v10.7/MCU/ARM_GCC_Support/ewl/lib/armv6-m\libc.a(strchr.o)
 .ARM.attributes
                0x00000436       0x31 C:/Freescale/CW MCU v10.7/MCU/ARM_GCC_Support/ewl/lib/armv6-m\libc.a(memcpy.o)
 .ARM.attributes
                0x00000467       0x31 C:/Freescale/CW MCU v10.7/MCU/ARM_GCC_Support/ewl/lib/armv6-m\libc.a(strlen.o)
 .ARM.attributes
                0x00000498       0x31 C:/Freescale/CW MCU v10.7/MCU/ARM_GCC_Support/ewl/lib/armv6-m\libc.a(memchr.o)
 .ARM.attributes
                0x000004c9       0x1e c:/freescale/cw mcu v10.7/cross_tools/arm-none-eabi-gcc-4_7_3/bin/../lib/gcc/arm-none-eabi/4.7.3/armv6-m\libgcc.a(_thumb1_case_sqi.o)
 .ARM.attributes
                0x000004e7       0x1e c:/freescale/cw mcu v10.7/cross_tools/arm-none-eabi-gcc-4_7_3/bin/../lib/gcc/arm-none-eabi/4.7.3/armv6-m\libgcc.a(_thumb1_case_uqi.o)
 .ARM.attributes
                0x00000505       0x1e c:/freescale/cw mcu v10.7/cross_tools/arm-none-eabi-gcc-4_7_3/bin/../lib/gcc/arm-none-eabi/4.7.3/armv6-m\libgcc.a(_udivsi3.o)
 .ARM.attributes
                0x00000523       0x1e c:/freescale/cw mcu v10.7/cross_tools/arm-none-eabi-gcc-4_7_3/bin/../lib/gcc/arm-none-eabi/4.7.3/armv6-m\libgcc.a(_dvmd_tls.o)
 .ARM.attributes
                0x00000541       0x31 C:/Freescale/CW MCU v10.7/MCU/ARM_GCC_Support/ewl/lib/armv6-m\librt.a(gcc_ctor_dtor.o)
 .ARM.attributes
                0x00000572       0x31 C:/Freescale/CW MCU v10.7/MCU/ARM_GCC_Support/ewl/lib/armv6-m\librt.a(__arm_eabi_init.o)
 .ARM.attributes
                0x000005a3       0x31 C:/Freescale/CW MCU v10.7/MCU/ARM_GCC_Support/ewl/lib/armv6-m\librt.a(ROMCopy.o)
OUTPUT(FRDM_KL25Z_InfraredTOF.elf elf32-littlearm)

.debug_info     0x00000000     0x4583
 .debug_info    0x00000000      0x165 ./Generated_Code/WAIT1.o
 .debug_info    0x00000165      0x104 ./Generated_Code/Vectors.o
 .debug_info    0x00000269      0x24e ./Generated_Code/PE_LDD.o
 .debug_info    0x000004b7       0xf8 ./Generated_Code/LED_Onboard_Green.o
 .debug_info    0x000005af      0x894 ./Generated_Code/InfraredTOF_I2C.o
 .debug_info    0x00000e43      0x2a2 ./Generated_Code/I2CSPY1.o
 .debug_info    0x000010e5      0x718 ./Generated_Code/GI2C1.o
 .debug_info    0x000017fd      0x8e1 ./Generated_Code/Cpu.o
 .debug_info    0x000020de      0x38b ./Generated_Code/BitIoLdd1.o
 .debug_info    0x00002469      0x12a ./Project_Settings/Startup_Code/__arm_start.o
 .debug_info    0x00002593       0x54 ./Project_Settings/Startup_Code/__arm_end.o
 .debug_info    0x000025e7       0x8f ./Sources/main.o
 .debug_info    0x00002676      0x26a ./Sources/InfraredTOF.o
 .debug_info    0x000028e0       0x8b ./Sources/Events.o
 .debug_info    0x0000296b       0xe8 C:/Freescale/CW MCU v10.7/MCU/ARM_GCC_Support/ewl/lib/armv6-m\libc.a(exit.o)
 .debug_info    0x00002a53       0xec C:/Freescale/CW MCU v10.7/MCU/ARM_GCC_Support/ewl/lib/armv6-m\libc.a(memset.o)
 .debug_info    0x00002b3f      0x137 C:/Freescale/CW MCU v10.7/MCU/ARM_GCC_Support/ewl/lib/armv6-m\libc.a(__filll_mem.o)
 .debug_info    0x00002c76      0x50d C:/Freescale/CW MCU v10.7/MCU/ARM_GCC_Support/ewl/lib/armv6-m\libc.a(printformat_.o)
 .debug_info    0x00003183      0x568 C:/Freescale/CW MCU v10.7/MCU/ARM_GCC_Support/ewl/lib/armv6-m\libc.a(scanformat_.o)
 .debug_info    0x000036eb      0x313 C:/Freescale/CW MCU v10.7/MCU/ARM_GCC_Support/ewl/lib/armv6-m\libc.a(ctype_aeabi.o)
 .debug_info    0x000039fe      0x1d6 C:/Freescale/CW MCU v10.7/MCU/ARM_GCC_Support/ewl/lib/armv6-m\libc.a(__strtoul.o)
 .debug_info    0x00003bd4      0x10b C:/Freescale/CW MCU v10.7/MCU/ARM_GCC_Support/ewl/lib/armv6-m\libc.a(strchr.o)
 .debug_info    0x00003cdf      0x10f C:/Freescale/CW MCU v10.7/MCU/ARM_GCC_Support/ewl/lib/armv6-m\libc.a(memcpy.o)
 .debug_info    0x00003dee       0xea C:/Freescale/CW MCU v10.7/MCU/ARM_GCC_Support/ewl/lib/armv6-m\libc.a(strlen.o)
 .debug_info    0x00003ed8      0x121 C:/Freescale/CW MCU v10.7/MCU/ARM_GCC_Support/ewl/lib/armv6-m\libc.a(memchr.o)
 .debug_info    0x00003ff9      0x136 C:/Freescale/CW MCU v10.7/MCU/ARM_GCC_Support/ewl/lib/armv6-m\librt.a(gcc_ctor_dtor.o)
 .debug_info    0x0000412f      0x2b9 C:/Freescale/CW MCU v10.7/MCU/ARM_GCC_Support/ewl/lib/armv6-m\librt.a(__arm_eabi_init.o)
 .debug_info    0x000043e8      0x19b C:/Freescale/CW MCU v10.7/MCU/ARM_GCC_Support/ewl/lib/armv6-m\librt.a(ROMCopy.o)

.debug_abbrev   0x00000000     0x17a5
 .debug_abbrev  0x00000000       0xa3 ./Generated_Code/WAIT1.o
 .debug_abbrev  0x000000a3       0xa3 ./Generated_Code/Vectors.o
 .debug_abbrev  0x00000146      0x102 ./Generated_Code/PE_LDD.o
 .debug_abbrev  0x00000248       0xa3 ./Generated_Code/LED_Onboard_Green.o
 .debug_abbrev  0x000002eb      0x179 ./Generated_Code/InfraredTOF_I2C.o
 .debug_abbrev  0x00000464      0x106 ./Generated_Code/I2CSPY1.o
 .debug_abbrev  0x0000056a      0x1d1 ./Generated_Code/GI2C1.o
 .debug_abbrev  0x0000073b      0x122 ./Generated_Code/Cpu.o
 .debug_abbrev  0x0000085d      0x11c ./Generated_Code/BitIoLdd1.o
 .debug_abbrev  0x00000979       0x92 ./Project_Settings/Startup_Code/__arm_start.o
 .debug_abbrev  0x00000a0b       0x4c ./Project_Settings/Startup_Code/__arm_end.o
 .debug_abbrev  0x00000a57       0x3f ./Sources/main.o
 .debug_abbrev  0x00000a96       0xa4 ./Sources/InfraredTOF.o
 .debug_abbrev  0x00000b3a       0x3d ./Sources/Events.o
 .debug_abbrev  0x00000b77       0x7a C:/Freescale/CW MCU v10.7/MCU/ARM_GCC_Support/ewl/lib/armv6-m\libc.a(exit.o)
 .debug_abbrev  0x00000bf1       0x62 C:/Freescale/CW MCU v10.7/MCU/ARM_GCC_Support/ewl/lib/armv6-m\libc.a(memset.o)
 .debug_abbrev  0x00000c53       0x78 C:/Freescale/CW MCU v10.7/MCU/ARM_GCC_Support/ewl/lib/armv6-m\libc.a(__filll_mem.o)
 .debug_abbrev  0x00000ccb      0x200 C:/Freescale/CW MCU v10.7/MCU/ARM_GCC_Support/ewl/lib/armv6-m\libc.a(printformat_.o)
 .debug_abbrev  0x00000ecb      0x1f0 C:/Freescale/CW MCU v10.7/MCU/ARM_GCC_Support/ewl/lib/armv6-m\libc.a(scanformat_.o)
 .debug_abbrev  0x000010bb       0x9e C:/Freescale/CW MCU v10.7/MCU/ARM_GCC_Support/ewl/lib/armv6-m\libc.a(ctype_aeabi.o)
 .debug_abbrev  0x00001159       0xc2 C:/Freescale/CW MCU v10.7/MCU/ARM_GCC_Support/ewl/lib/armv6-m\libc.a(__strtoul.o)
 .debug_abbrev  0x0000121b       0x7a C:/Freescale/CW MCU v10.7/MCU/ARM_GCC_Support/ewl/lib/armv6-m\libc.a(strchr.o)
 .debug_abbrev  0x00001295       0x95 C:/Freescale/CW MCU v10.7/MCU/ARM_GCC_Support/ewl/lib/armv6-m\libc.a(memcpy.o)
 .debug_abbrev  0x0000132a       0x7a C:/Freescale/CW MCU v10.7/MCU/ARM_GCC_Support/ewl/lib/armv6-m\libc.a(strlen.o)
 .debug_abbrev  0x000013a4       0x95 C:/Freescale/CW MCU v10.7/MCU/ARM_GCC_Support/ewl/lib/armv6-m\libc.a(memchr.o)
 .debug_abbrev  0x00001439       0x99 C:/Freescale/CW MCU v10.7/MCU/ARM_GCC_Support/ewl/lib/armv6-m\librt.a(gcc_ctor_dtor.o)
 .debug_abbrev  0x000014d2      0x1b3 C:/Freescale/CW MCU v10.7/MCU/ARM_GCC_Support/ewl/lib/armv6-m\librt.a(__arm_eabi_init.o)
 .debug_abbrev  0x00001685      0x120 C:/Freescale/CW MCU v10.7/MCU/ARM_GCC_Support/ewl/lib/armv6-m\librt.a(ROMCopy.o)

.debug_loc      0x00000000     0x3367
 .debug_loc     0x00000000      0x100 ./Generated_Code/WAIT1.o
 .debug_loc     0x00000100       0x9c ./Generated_Code/PE_LDD.o
 .debug_loc     0x0000019c       0x90 ./Generated_Code/LED_Onboard_Green.o
 .debug_loc     0x0000022c      0x150 ./Generated_Code/InfraredTOF_I2C.o
 .debug_loc     0x0000037c      0x1f4 ./Generated_Code/I2CSPY1.o
 .debug_loc     0x00000570      0x450 ./Generated_Code/GI2C1.o
 .debug_loc     0x000009c0       0xb0 ./Generated_Code/Cpu.o
 .debug_loc     0x00000a70      0x118 ./Generated_Code/BitIoLdd1.o
 .debug_loc     0x00000b88       0x2c ./Project_Settings/Startup_Code/__arm_start.o
 .debug_loc     0x00000bb4       0x38 ./Project_Settings/Startup_Code/__arm_end.o
 .debug_loc     0x00000bec       0x2c ./Sources/main.o
 .debug_loc     0x00000c18       0x38 ./Sources/InfraredTOF.o
 .debug_loc     0x00000c50       0x2c ./Sources/Events.o
 .debug_loc     0x00000c7c       0x3e C:/Freescale/CW MCU v10.7/MCU/ARM_GCC_Support/ewl/lib/armv6-m\libc.a(exit.o)
 .debug_loc     0x00000cba       0x6f C:/Freescale/CW MCU v10.7/MCU/ARM_GCC_Support/ewl/lib/armv6-m\libc.a(memset.o)
 .debug_loc     0x00000d29      0x14a C:/Freescale/CW MCU v10.7/MCU/ARM_GCC_Support/ewl/lib/armv6-m\libc.a(__filll_mem.o)
 .debug_loc     0x00000e73     0x104b C:/Freescale/CW MCU v10.7/MCU/ARM_GCC_Support/ewl/lib/armv6-m\libc.a(printformat_.o)
 .debug_loc     0x00001ebe      0x9d8 C:/Freescale/CW MCU v10.7/MCU/ARM_GCC_Support/ewl/lib/armv6-m\libc.a(scanformat_.o)
 .debug_loc     0x00002896      0x30d C:/Freescale/CW MCU v10.7/MCU/ARM_GCC_Support/ewl/lib/armv6-m\libc.a(ctype_aeabi.o)
 .debug_loc     0x00002ba3      0x305 C:/Freescale/CW MCU v10.7/MCU/ARM_GCC_Support/ewl/lib/armv6-m\libc.a(__strtoul.o)
 .debug_loc     0x00002ea8       0xaf C:/Freescale/CW MCU v10.7/MCU/ARM_GCC_Support/ewl/lib/armv6-m\libc.a(strchr.o)
 .debug_loc     0x00002f57       0x59 C:/Freescale/CW MCU v10.7/MCU/ARM_GCC_Support/ewl/lib/armv6-m\libc.a(memcpy.o)
 .debug_loc     0x00002fb0       0x33 C:/Freescale/CW MCU v10.7/MCU/ARM_GCC_Support/ewl/lib/armv6-m\libc.a(strlen.o)
 .debug_loc     0x00002fe3       0x77 C:/Freescale/CW MCU v10.7/MCU/ARM_GCC_Support/ewl/lib/armv6-m\libc.a(memchr.o)
 .debug_loc     0x0000305a       0x9d C:/Freescale/CW MCU v10.7/MCU/ARM_GCC_Support/ewl/lib/armv6-m\librt.a(gcc_ctor_dtor.o)
 .debug_loc     0x000030f7      0x197 C:/Freescale/CW MCU v10.7/MCU/ARM_GCC_Support/ewl/lib/armv6-m\librt.a(__arm_eabi_init.o)
 .debug_loc     0x0000328e       0xd9 C:/Freescale/CW MCU v10.7/MCU/ARM_GCC_Support/ewl/lib/armv6-m\librt.a(ROMCopy.o)

.debug_aranges  0x00000000      0x5e0
 .debug_aranges
                0x00000000       0x50 ./Generated_Code/WAIT1.o
 .debug_aranges
                0x00000050       0x18 ./Generated_Code/Vectors.o
 .debug_aranges
                0x00000068       0x30 ./Generated_Code/PE_LDD.o
 .debug_aranges
                0x00000098       0x30 ./Generated_Code/LED_Onboard_Green.o
 .debug_aranges
                0x000000c8       0x48 ./Generated_Code/InfraredTOF_I2C.o
 .debug_aranges
                0x00000110       0x68 ./Generated_Code/I2CSPY1.o
 .debug_aranges
                0x00000178       0xc0 ./Generated_Code/GI2C1.o
 .debug_aranges
                0x00000238       0x38 ./Generated_Code/Cpu.o
 .debug_aranges
                0x00000270       0x40 ./Generated_Code/BitIoLdd1.o
 .debug_aranges
                0x000002b0       0x30 ./Project_Settings/Startup_Code/__arm_start.o
 .debug_aranges
                0x000002e0       0x20 ./Project_Settings/Startup_Code/__arm_end.o
 .debug_aranges
                0x00000300       0x20 ./Sources/main.o
 .debug_aranges
                0x00000320       0x20 ./Sources/InfraredTOF.o
 .debug_aranges
                0x00000340       0x20 ./Sources/Events.o
 .debug_aranges
                0x00000360       0x20 C:/Freescale/CW MCU v10.7/MCU/ARM_GCC_Support/ewl/lib/armv6-m\libc.a(exit.o)
 .debug_aranges
                0x00000380       0x20 C:/Freescale/CW MCU v10.7/MCU/ARM_GCC_Support/ewl/lib/armv6-m\libc.a(memset.o)
 .debug_aranges
                0x000003a0       0x20 C:/Freescale/CW MCU v10.7/MCU/ARM_GCC_Support/ewl/lib/armv6-m\libc.a(__filll_mem.o)
 .debug_aranges
                0x000003c0       0x28 C:/Freescale/CW MCU v10.7/MCU/ARM_GCC_Support/ewl/lib/armv6-m\libc.a(printformat_.o)
 .debug_aranges
                0x000003e8       0x20 C:/Freescale/CW MCU v10.7/MCU/ARM_GCC_Support/ewl/lib/armv6-m\libc.a(scanformat_.o)
 .debug_aranges
                0x00000408       0x88 C:/Freescale/CW MCU v10.7/MCU/ARM_GCC_Support/ewl/lib/armv6-m\libc.a(ctype_aeabi.o)
 .debug_aranges
                0x00000490       0x20 C:/Freescale/CW MCU v10.7/MCU/ARM_GCC_Support/ewl/lib/armv6-m\libc.a(__strtoul.o)
 .debug_aranges
                0x000004b0       0x20 C:/Freescale/CW MCU v10.7/MCU/ARM_GCC_Support/ewl/lib/armv6-m\libc.a(strchr.o)
 .debug_aranges
                0x000004d0       0x20 C:/Freescale/CW MCU v10.7/MCU/ARM_GCC_Support/ewl/lib/armv6-m\libc.a(memcpy.o)
 .debug_aranges
                0x000004f0       0x20 C:/Freescale/CW MCU v10.7/MCU/ARM_GCC_Support/ewl/lib/armv6-m\libc.a(strlen.o)
 .debug_aranges
                0x00000510       0x20 C:/Freescale/CW MCU v10.7/MCU/ARM_GCC_Support/ewl/lib/armv6-m\libc.a(memchr.o)
 .debug_aranges
                0x00000530       0x28 C:/Freescale/CW MCU v10.7/MCU/ARM_GCC_Support/ewl/lib/armv6-m\librt.a(gcc_ctor_dtor.o)
 .debug_aranges
                0x00000558       0x58 C:/Freescale/CW MCU v10.7/MCU/ARM_GCC_Support/ewl/lib/armv6-m\librt.a(__arm_eabi_init.o)
 .debug_aranges
                0x000005b0       0x30 C:/Freescale/CW MCU v10.7/MCU/ARM_GCC_Support/ewl/lib/armv6-m\librt.a(ROMCopy.o)

.debug_macinfo  0x00000000   0x243cdc
 .debug_macinfo
                0x00000000    0x2e523 ./Generated_Code/WAIT1.o
 .debug_macinfo
                0x0002e523    0x2fa8f ./Generated_Code/Vectors.o
 .debug_macinfo
                0x0005dfb2    0x2fa61 ./Generated_Code/PE_LDD.o
 .debug_macinfo
                0x0008da13    0x2f400 ./Generated_Code/LED_Onboard_Green.o
 .debug_macinfo
                0x000bce13    0x355dc ./Generated_Code/InfraredTOF_I2C.o
 .debug_macinfo
                0x000f23ef    0x2e7db ./Generated_Code/I2CSPY1.o
 .debug_macinfo
                0x00120bca    0x2e761 ./Generated_Code/GI2C1.o
 .debug_macinfo
                0x0014f32b    0x2fa94 ./Generated_Code/Cpu.o
 .debug_macinfo
                0x0017edbf    0x2ec57 ./Generated_Code/BitIoLdd1.o
 .debug_macinfo
                0x001ada16     0x3e6d ./Project_Settings/Startup_Code/__arm_start.o
 .debug_macinfo
                0x001b1883     0x3456 ./Project_Settings/Startup_Code/__arm_end.o
 .debug_macinfo
                0x001b4cd9    0x2fabc ./Sources/main.o
 .debug_macinfo
                0x001e4795    0x2fa8b ./Sources/InfraredTOF.o
 .debug_macinfo
                0x00214220    0x2fabc ./Sources/Events.o

.debug_line     0x00000000     0x409c
 .debug_line    0x00000000      0x2c8 ./Generated_Code/WAIT1.o
 .debug_line    0x000002c8      0x494 ./Generated_Code/Vectors.o
 .debug_line    0x0000075c      0x380 ./Generated_Code/PE_LDD.o
 .debug_line    0x00000adc      0x30b ./Generated_Code/LED_Onboard_Green.o
 .debug_line    0x00000de7      0x3f7 ./Generated_Code/InfraredTOF_I2C.o
 .debug_line    0x000011de      0x34c ./Generated_Code/I2CSPY1.o
 .debug_line    0x0000152a      0x477 ./Generated_Code/GI2C1.o
 .debug_line    0x000019a1      0x4fc ./Generated_Code/Cpu.o
 .debug_line    0x00001e9d      0x2cf ./Generated_Code/BitIoLdd1.o
 .debug_line    0x0000216c      0x2b7 ./Project_Settings/Startup_Code/__arm_start.o
 .debug_line    0x00002423      0x265 ./Project_Settings/Startup_Code/__arm_end.o
 .debug_line    0x00002688      0x3c0 ./Sources/main.o
 .debug_line    0x00002a48      0x3ba ./Sources/InfraredTOF.o
 .debug_line    0x00002e02      0x3be ./Sources/Events.o
 .debug_line    0x000031c0       0x8d C:/Freescale/CW MCU v10.7/MCU/ARM_GCC_Support/ewl/lib/armv6-m\libc.a(exit.o)
 .debug_line    0x0000324d       0x90 C:/Freescale/CW MCU v10.7/MCU/ARM_GCC_Support/ewl/lib/armv6-m\libc.a(memset.o)
 .debug_line    0x000032dd       0xf6 C:/Freescale/CW MCU v10.7/MCU/ARM_GCC_Support/ewl/lib/armv6-m\libc.a(__filll_mem.o)
 .debug_line    0x000033d3      0x2c3 C:/Freescale/CW MCU v10.7/MCU/ARM_GCC_Support/ewl/lib/armv6-m\libc.a(printformat_.o)
 .debug_line    0x00003696      0x2be C:/Freescale/CW MCU v10.7/MCU/ARM_GCC_Support/ewl/lib/armv6-m\libc.a(scanformat_.o)
 .debug_line    0x00003954      0x1be C:/Freescale/CW MCU v10.7/MCU/ARM_GCC_Support/ewl/lib/armv6-m\libc.a(ctype_aeabi.o)
 .debug_line    0x00003b12      0x11e C:/Freescale/CW MCU v10.7/MCU/ARM_GCC_Support/ewl/lib/armv6-m\libc.a(__strtoul.o)
 .debug_line    0x00003c30       0x7d C:/Freescale/CW MCU v10.7/MCU/ARM_GCC_Support/ewl/lib/armv6-m\libc.a(strchr.o)
 .debug_line    0x00003cad       0x8b C:/Freescale/CW MCU v10.7/MCU/ARM_GCC_Support/ewl/lib/armv6-m\libc.a(memcpy.o)
 .debug_line    0x00003d38       0x85 C:/Freescale/CW MCU v10.7/MCU/ARM_GCC_Support/ewl/lib/armv6-m\libc.a(strlen.o)
 .debug_line    0x00003dbd       0x9f C:/Freescale/CW MCU v10.7/MCU/ARM_GCC_Support/ewl/lib/armv6-m\libc.a(memchr.o)
 .debug_line    0x00003e5c       0x6c C:/Freescale/CW MCU v10.7/MCU/ARM_GCC_Support/ewl/lib/armv6-m\librt.a(gcc_ctor_dtor.o)
 .debug_line    0x00003ec8      0x117 C:/Freescale/CW MCU v10.7/MCU/ARM_GCC_Support/ewl/lib/armv6-m\librt.a(__arm_eabi_init.o)
 .debug_line    0x00003fdf       0xbd C:/Freescale/CW MCU v10.7/MCU/ARM_GCC_Support/ewl/lib/armv6-m\librt.a(ROMCopy.o)

.debug_str      0x00000000     0x1f2f
 .debug_str     0x00000000      0x1ac ./Generated_Code/WAIT1.o
                                0x1d8 (size before relaxing)
 .debug_str     0x000001ac       0x55 ./Generated_Code/Vectors.o
                                0x188 (size before relaxing)
 .debug_str     0x00000201      0x1a5 ./Generated_Code/PE_LDD.o
                                0x2eb (size before relaxing)
 .debug_str     0x000003a6       0x79 ./Generated_Code/LED_Onboard_Green.o
                                0x1d2 (size before relaxing)
 .debug_str     0x0000041f      0x40e ./Generated_Code/InfraredTOF_I2C.o
                                0x5ab (size before relaxing)
 .debug_str     0x0000082d      0x15a ./Generated_Code/I2CSPY1.o
                                0x2a3 (size before relaxing)
 .debug_str     0x00000987      0x2da ./Generated_Code/GI2C1.o
                                0x4cd (size before relaxing)
 .debug_str     0x00000c61      0x17d ./Generated_Code/Cpu.o
                                0x437 (size before relaxing)
 .debug_str     0x00000dde       0xe4 ./Generated_Code/BitIoLdd1.o
                                0x2f4 (size before relaxing)
 .debug_str     0x00000ec2       0x85 ./Project_Settings/Startup_Code/__arm_start.o
                                0x1b6 (size before relaxing)
 .debug_str     0x00000f47       0x41 ./Project_Settings/Startup_Code/__arm_end.o
                                 0xed (size before relaxing)
 .debug_str     0x00000f88       0x17 ./Sources/main.o
                                0x141 (size before relaxing)
 .debug_str     0x00000f9f      0x6fb ./Sources/InfraredTOF.o
                                0x85a (size before relaxing)
 .debug_str     0x0000169a       0x21 ./Sources/Events.o
                                0x14b (size before relaxing)
 .debug_str     0x000016bb       0x54 C:/Freescale/CW MCU v10.7/MCU/ARM_GCC_Support/ewl/lib/armv6-m\libc.a(exit.o)
                                0x157 (size before relaxing)
 .debug_str     0x0000170f       0x23 C:/Freescale/CW MCU v10.7/MCU/ARM_GCC_Support/ewl/lib/armv6-m\libc.a(memset.o)
                                0x140 (size before relaxing)
 .debug_str     0x00001732       0x2d C:/Freescale/CW MCU v10.7/MCU/ARM_GCC_Support/ewl/lib/armv6-m\libc.a(__filll_mem.o)
                                0x152 (size before relaxing)
 .debug_str     0x0000175f      0x233 C:/Freescale/CW MCU v10.7/MCU/ARM_GCC_Support/ewl/lib/armv6-m\libc.a(printformat_.o)
                                0x3b3 (size before relaxing)
 .debug_str     0x00001992      0x184 C:/Freescale/CW MCU v10.7/MCU/ARM_GCC_Support/ewl/lib/armv6-m\libc.a(scanformat_.o)
                                0x3f9 (size before relaxing)
 .debug_str     0x00001b16       0x9d C:/Freescale/CW MCU v10.7/MCU/ARM_GCC_Support/ewl/lib/armv6-m\libc.a(ctype_aeabi.o)
                                0x1bc (size before relaxing)
 .debug_str     0x00001bb3       0x61 C:/Freescale/CW MCU v10.7/MCU/ARM_GCC_Support/ewl/lib/armv6-m\libc.a(__strtoul.o)
                                0x1fb (size before relaxing)
 .debug_str     0x00001c14       0x1c C:/Freescale/CW MCU v10.7/MCU/ARM_GCC_Support/ewl/lib/armv6-m\libc.a(strchr.o)
                                0x137 (size before relaxing)
 .debug_str     0x00001c30       0x1c C:/Freescale/CW MCU v10.7/MCU/ARM_GCC_Support/ewl/lib/armv6-m\libc.a(memcpy.o)
                                0x138 (size before relaxing)
 .debug_str     0x00001c4c       0x1c C:/Freescale/CW MCU v10.7/MCU/ARM_GCC_Support/ewl/lib/armv6-m\libc.a(strlen.o)
                                0x140 (size before relaxing)
 .debug_str     0x00001c68       0x1c C:/Freescale/CW MCU v10.7/MCU/ARM_GCC_Support/ewl/lib/armv6-m\libc.a(memchr.o)
                                0x148 (size before relaxing)
 .debug_str     0x00001c84      0x126 C:/Freescale/CW MCU v10.7/MCU/ARM_GCC_Support/ewl/lib/armv6-m\librt.a(gcc_ctor_dtor.o)
                                0x181 (size before relaxing)
 .debug_str     0x00001daa       0xe9 C:/Freescale/CW MCU v10.7/MCU/ARM_GCC_Support/ewl/lib/armv6-m\librt.a(__arm_eabi_init.o)
                                0x1b5 (size before relaxing)
 .debug_str     0x00001e93       0x9c C:/Freescale/CW MCU v10.7/MCU/ARM_GCC_Support/ewl/lib/armv6-m\librt.a(ROMCopy.o)
                                0x13c (size before relaxing)

.comment        0x00000000       0x79
 .comment       0x00000000       0x79 ./Generated_Code/WAIT1.o
                                 0x7a (size before relaxing)
 .comment       0x00000000       0x7a ./Generated_Code/Vectors.o
 .comment       0x00000000       0x7a ./Generated_Code/PE_LDD.o
 .comment       0x00000000       0x7a ./Generated_Code/LED_Onboard_Green.o
 .comment       0x00000000       0x7a ./Generated_Code/InfraredTOF_I2C.o
 .comment       0x00000000       0x7a ./Generated_Code/I2CSPY1.o
 .comment       0x00000000       0x7a ./Generated_Code/GI2C1.o
 .comment       0x00000000       0x7a ./Generated_Code/Cpu.o
 .comment       0x00000000       0x7a ./Generated_Code/BitIoLdd1.o
 .comment       0x00000000       0x7a ./Project_Settings/Startup_Code/__arm_start.o
 .comment       0x00000000       0x7a ./Project_Settings/Startup_Code/__arm_end.o
 .comment       0x00000000       0x7a ./Sources/main.o
 .comment       0x00000000       0x7a ./Sources/InfraredTOF.o
 .comment       0x00000000       0x7a ./Sources/Events.o
 .comment       0x00000000       0x7a C:/Freescale/CW MCU v10.7/MCU/ARM_GCC_Support/ewl/lib/armv6-m\libc.a(exit.o)
 .comment       0x00000000       0x7a C:/Freescale/CW MCU v10.7/MCU/ARM_GCC_Support/ewl/lib/armv6-m\libc.a(memset.o)
 .comment       0x00000000       0x7a C:/Freescale/CW MCU v10.7/MCU/ARM_GCC_Support/ewl/lib/armv6-m\libc.a(__filll_mem.o)
 .comment       0x00000000       0x7a C:/Freescale/CW MCU v10.7/MCU/ARM_GCC_Support/ewl/lib/armv6-m\libc.a(printformat_.o)
 .comment       0x00000000       0x7a C:/Freescale/CW MCU v10.7/MCU/ARM_GCC_Support/ewl/lib/armv6-m\libc.a(scanformat_.o)
 .comment       0x00000000       0x7a C:/Freescale/CW MCU v10.7/MCU/ARM_GCC_Support/ewl/lib/armv6-m\libc.a(ctype_aeabi.o)
 .comment       0x00000000       0x7a C:/Freescale/CW MCU v10.7/MCU/ARM_GCC_Support/ewl/lib/armv6-m\libc.a(__strtoul.o)
 .comment       0x00000000       0x7a C:/Freescale/CW MCU v10.7/MCU/ARM_GCC_Support/ewl/lib/armv6-m\libc.a(strchr.o)
 .comment       0x00000000       0x7a C:/Freescale/CW MCU v10.7/MCU/ARM_GCC_Support/ewl/lib/armv6-m\libc.a(memcpy.o)
 .comment       0x00000000       0x7a C:/Freescale/CW MCU v10.7/MCU/ARM_GCC_Support/ewl/lib/armv6-m\libc.a(strlen.o)
 .comment       0x00000000       0x7a C:/Freescale/CW MCU v10.7/MCU/ARM_GCC_Support/ewl/lib/armv6-m\libc.a(memchr.o)
 .comment       0x00000000       0x7a C:/Freescale/CW MCU v10.7/MCU/ARM_GCC_Support/ewl/lib/armv6-m\librt.a(gcc_ctor_dtor.o)
 .comment       0x00000000       0x7a C:/Freescale/CW MCU v10.7/MCU/ARM_GCC_Support/ewl/lib/armv6-m\librt.a(__arm_eabi_init.o)
 .comment       0x00000000       0x7a C:/Freescale/CW MCU v10.7/MCU/ARM_GCC_Support/ewl/lib/armv6-m\librt.a(ROMCopy.o)

.debug_frame    0x00000000      0xd14
 .debug_frame   0x00000000       0xc8 ./Generated_Code/WAIT1.o
 .debug_frame   0x000000c8       0x6c ./Generated_Code/PE_LDD.o
 .debug_frame   0x00000134       0x68 ./Generated_Code/LED_Onboard_Green.o
 .debug_frame   0x0000019c       0xd0 ./Generated_Code/InfraredTOF_I2C.o
 .debug_frame   0x0000026c      0x13c ./Generated_Code/I2CSPY1.o
 .debug_frame   0x000003a8      0x298 ./Generated_Code/GI2C1.o
 .debug_frame   0x00000640       0x80 ./Generated_Code/Cpu.o
 .debug_frame   0x000006c0       0xb0 ./Generated_Code/BitIoLdd1.o
 .debug_frame   0x00000770       0x4c ./Project_Settings/Startup_Code/__arm_start.o
 .debug_frame   0x000007bc       0x30 ./Project_Settings/Startup_Code/__arm_end.o
 .debug_frame   0x000007ec       0x2c ./Sources/main.o
 .debug_frame   0x00000818       0x30 ./Sources/InfraredTOF.o
 .debug_frame   0x00000848       0x2c ./Sources/Events.o
 .debug_frame   0x00000874       0x2c C:/Freescale/CW MCU v10.7/MCU/ARM_GCC_Support/ewl/lib/armv6-m\libc.a(exit.o)
 .debug_frame   0x000008a0       0x28 C:/Freescale/CW MCU v10.7/MCU/ARM_GCC_Support/ewl/lib/armv6-m\libc.a(memset.o)
 .debug_frame   0x000008c8       0x2c C:/Freescale/CW MCU v10.7/MCU/ARM_GCC_Support/ewl/lib/armv6-m\libc.a(__filll_mem.o)
 .debug_frame   0x000008f4       0x54 C:/Freescale/CW MCU v10.7/MCU/ARM_GCC_Support/ewl/lib/armv6-m\libc.a(printformat_.o)
 .debug_frame   0x00000948       0x34 C:/Freescale/CW MCU v10.7/MCU/ARM_GCC_Support/ewl/lib/armv6-m\libc.a(scanformat_.o)
 .debug_frame   0x0000097c      0x158 C:/Freescale/CW MCU v10.7/MCU/ARM_GCC_Support/ewl/lib/armv6-m\libc.a(ctype_aeabi.o)
 .debug_frame   0x00000ad4       0x30 C:/Freescale/CW MCU v10.7/MCU/ARM_GCC_Support/ewl/lib/armv6-m\libc.a(__strtoul.o)
 .debug_frame   0x00000b04       0x28 C:/Freescale/CW MCU v10.7/MCU/ARM_GCC_Support/ewl/lib/armv6-m\libc.a(strchr.o)
 .debug_frame   0x00000b2c       0x28 C:/Freescale/CW MCU v10.7/MCU/ARM_GCC_Support/ewl/lib/armv6-m\libc.a(memcpy.o)
 .debug_frame   0x00000b54       0x28 C:/Freescale/CW MCU v10.7/MCU/ARM_GCC_Support/ewl/lib/armv6-m\libc.a(strlen.o)
 .debug_frame   0x00000b7c       0x28 C:/Freescale/CW MCU v10.7/MCU/ARM_GCC_Support/ewl/lib/armv6-m\libc.a(memchr.o)
 .debug_frame   0x00000ba4       0x20 c:/freescale/cw mcu v10.7/cross_tools/arm-none-eabi-gcc-4_7_3/bin/../lib/gcc/arm-none-eabi/4.7.3/armv6-m\libgcc.a(_udivsi3.o)
 .debug_frame   0x00000bc4       0x40 C:/Freescale/CW MCU v10.7/MCU/ARM_GCC_Support/ewl/lib/armv6-m\librt.a(gcc_ctor_dtor.o)
 .debug_frame   0x00000c04       0xbc C:/Freescale/CW MCU v10.7/MCU/ARM_GCC_Support/ewl/lib/armv6-m\librt.a(__arm_eabi_init.o)
 .debug_frame   0x00000cc0       0x54 C:/Freescale/CW MCU v10.7/MCU/ARM_GCC_Support/ewl/lib/armv6-m\librt.a(ROMCopy.o)
